Archive member included because of file (symbol)

D:\ARM\Bootloader_software\CMSISv1p30_LPC17xx\Release\libCMSISv1p30_LPC17xx.a(system_LPC17xx.o)
                              ./ARM_src/Core/Memory/IAP.o (SystemCoreClockUpdate)
c:/nxp/lpcxpresso_7.4.0_229/lpcxpresso/tools/bin/../lib/gcc/arm-none-eabi/4.8.4/../../../../arm-none-eabi/lib/armv7-m\libcr_semihost.a(_cr__main.o)
                              ./src/cr_startup_lpc175x_6x.o (__main)
c:/nxp/lpcxpresso_7.4.0_229/lpcxpresso/tools/bin/../lib/gcc/arm-none-eabi/4.8.4/../../../../arm-none-eabi/lib/armv7-m\libcr_c.a(memcpy.o)
                              ./ARM_src/Device/UART/MDB-C21/MDB-ARB-C21-7TUBES.o (memcpy)
c:/nxp/lpcxpresso_7.4.0_229/lpcxpresso/tools/bin/../lib/gcc/arm-none-eabi/4.8.4/../../../../arm-none-eabi/lib/armv7-m\libcr_c.a(memmove.o)
                              ./ARM_src/Device/UART/ELTRA/ELTRA.o (memmove)
c:/nxp/lpcxpresso_7.4.0_229/lpcxpresso/tools/bin/../lib/gcc/arm-none-eabi/4.8.4/../../../../arm-none-eabi/lib/armv7-m\libcr_c.a(memset.o)
                              ./ARM_src/Processes/Global_UID.o (memset)
c:/nxp/lpcxpresso_7.4.0_229/lpcxpresso/tools/bin/../lib/gcc/arm-none-eabi/4.8.4/../../../../arm-none-eabi/lib/armv7-m\libcr_c.a(alloc.o)
                              ./ARM_src/Processes/IO_process.o (malloc)
c:/nxp/lpcxpresso_7.4.0_229/lpcxpresso/tools/bin/../lib/gcc/arm-none-eabi/4.8.4/../../../../arm-none-eabi/lib/armv7-m\libcr_c.a(ctype.o)
                              ./ARM_src/Core/Extensions/ini/minIni.o (toupper)
c:/nxp/lpcxpresso_7.4.0_229/lpcxpresso/tools/bin/../lib/gcc/arm-none-eabi/4.8.4/../../../../arm-none-eabi/lib/armv7-m\libcr_c.a(errno.o)
                              ./ARM_src/Core/Extensions/mxml/mxml-file.o (errno)
c:/nxp/lpcxpresso_7.4.0_229/lpcxpresso/tools/bin/../lib/gcc/arm-none-eabi/4.8.4/../../../../arm-none-eabi/lib/armv7-m\libcr_c.a(error_strerror.o)
                              ./ARM_src/Core/Extensions/mxml/mxml-index.o (strerror)
c:/nxp/lpcxpresso_7.4.0_229/lpcxpresso/tools/bin/../lib/gcc/arm-none-eabi/4.8.4/../../../../arm-none-eabi/lib/armv7-m\libcr_c.a(floor.o)
                              ./ARM_src/Core/Clock/Time_functions.o (floor)
c:/nxp/lpcxpresso_7.4.0_229/lpcxpresso/tools/bin/../lib/gcc/arm-none-eabi/4.8.4/../../../../arm-none-eabi/lib/armv7-m\libcr_c.a(fpprintf.o)
                              ./ARM_src/Core/Extensions/mxml/mxml-private.o (fprintf)
c:/nxp/lpcxpresso_7.4.0_229/lpcxpresso/tools/bin/../lib/gcc/arm-none-eabi/4.8.4/../../../../arm-none-eabi/lib/armv7-m\libcr_c.a(initio.o)
                              c:/nxp/lpcxpresso_7.4.0_229/lpcxpresso/tools/bin/../lib/gcc/arm-none-eabi/4.8.4/../../../../arm-none-eabi/lib/armv7-m\libcr_semihost.a(_cr__main.o) (_initio)
c:/nxp/lpcxpresso_7.4.0_229/lpcxpresso/tools/bin/../lib/gcc/arm-none-eabi/4.8.4/../../../../arm-none-eabi/lib/armv7-m\libcr_c.a(memchr.o)
                              ./ARM_src/Device/Net/payter/RTP_msg.o (memchr)
c:/nxp/lpcxpresso_7.4.0_229/lpcxpresso/tools/bin/../lib/gcc/arm-none-eabi/4.8.4/../../../../arm-none-eabi/lib/armv7-m\libcr_c.a(memcmp.o)
                              ./ARM_src/Device/I2C/RFID/RFID.o (memcmp)
c:/nxp/lpcxpresso_7.4.0_229/lpcxpresso/tools/bin/../lib/gcc/arm-none-eabi/4.8.4/../../../../arm-none-eabi/lib/armv7-m\libcr_c.a(printf.o)
                              c:/nxp/lpcxpresso_7.4.0_229/lpcxpresso/tools/bin/../lib/gcc/arm-none-eabi/4.8.4/../../../../arm-none-eabi/lib/armv7-m\libcr_c.a(fpprintf.o) (__vfprintf)
c:/nxp/lpcxpresso_7.4.0_229/lpcxpresso/tools/bin/../lib/gcc/arm-none-eabi/4.8.4/../../../../arm-none-eabi/lib/armv7-m\libcr_c.a(scanf.o)
                              ./ARM_src/Core/Extensions/mxml/mxml-file.o (strtod)
c:/nxp/lpcxpresso_7.4.0_229/lpcxpresso/tools/bin/../lib/gcc/arm-none-eabi/4.8.4/../../../../arm-none-eabi/lib/armv7-m\libcr_c.a(setvbuf.o)
                              c:/nxp/lpcxpresso_7.4.0_229/lpcxpresso/tools/bin/../lib/gcc/arm-none-eabi/4.8.4/../../../../arm-none-eabi/lib/armv7-m\libcr_c.a(initio.o) (setvbuf)
c:/nxp/lpcxpresso_7.4.0_229/lpcxpresso/tools/bin/../lib/gcc/arm-none-eabi/4.8.4/../../../../arm-none-eabi/lib/armv7-m\libcr_c.a(stdio.o)
                              ./ARM_src/Core/Extensions/mxml/mxml-private.o (__Ciob)
c:/nxp/lpcxpresso_7.4.0_229/lpcxpresso/tools/bin/../lib/gcc/arm-none-eabi/4.8.4/../../../../arm-none-eabi/lib/armv7-m\libcr_c.a(stdlib.o)
                              ./ARM_src/Core/protocol/Net/SCP/SCP_Comm.o (rand)
c:/nxp/lpcxpresso_7.4.0_229/lpcxpresso/tools/bin/../lib/gcc/arm-none-eabi/4.8.4/../../../../arm-none-eabi/lib/armv7-m\libcr_c.a(strcat.o)
                              ./ARM_src/Core/Extensions/ini/minIni.o (strcat)
c:/nxp/lpcxpresso_7.4.0_229/lpcxpresso/tools/bin/../lib/gcc/arm-none-eabi/4.8.4/../../../../arm-none-eabi/lib/armv7-m\libcr_c.a(strchr.o)
                              ./ARM_src/Device/I2C/Edip_240B/EDIP_240B_Text.o (strchr)
[...]
Memory Configuration

Name             Origin             Length             Attributes
MFlash256        0x00004000         0x0003c000         xr
RamLoc32         0x10000000         0x00008000         xrw
RamAHB32         0x2007c000         0x00008000         xrw
*default*        0x00000000         0xffffffff

Linker script and memory map

LOAD ./src/Screen/SCR_Idle.o
LOAD ./src/Power.o
LOAD ./src/SCP_handler.o
LOAD ./src/Terminal_functions.o
LOAD ./src/cr_startup_lpc175x_6x.o
LOAD ./src/crp.o
LOAD ./src/main.o
LOAD ./src/version.o
LOAD ./ARM_src/Screen/Transaction/SCR_Reservation.o
LOAD ./ARM_src/Screen/Transaction/SCR_Reservation_availability.o
LOAD ./ARM_src/Screen/Transaction/SCR_Transaction.o
LOAD ./ARM_src/Screen/Transaction/SCR_Transaction_ATM.o
LOAD ./ARM_src/Screen/Transaction/SCR_Transaction_Receipt.o
LOAD ./ARM_src/Screen/Transaction/SCR_Transaction_Reservation.o
LOAD ./ARM_src/Screen/Transaction/SCR_Transaction_init.o
LOAD ./ARM_src/Screen/Transaction/SCR_Transaction_products.o
LOAD ./ARM_src/Screen/Transaction/SCR_Transaction_statistics.o
LOAD ./ARM_src/Screen/Menu/Menu_screen/SCR_ATM_menu.o
LOAD ./ARM_src/Screen/Menu/Menu_screen/SCR_Bill_menu.o
LOAD ./ARM_src/Screen/Menu/Menu_screen/SCR_Cash_menu.o
LOAD ./ARM_src/Screen/Menu/Menu_screen/SCR_Info_menu.o
LOAD ./ARM_src/Screen/Menu/Menu_screen/SCR_NET_menu.o
LOAD ./ARM_src/Screen/Menu/Menu_screen/SCR_Pass_menu.o
LOAD ./ARM_src/Screen/Menu/Menu_screen/SCR_Revenue_menu.o
LOAD ./ARM_src/Screen/Menu/Menu_handler/SCR_Menu_handler_auth.o
LOAD ./ARM_src/Screen/Menu/Menu_handler/SCR_Menu_handler_enum.o
LOAD ./ARM_src/Screen/Menu/Menu_handler/SCR_Menu_handler_int.o
LOAD ./ARM_src/Screen/Menu/Menu_handler/SCR_Menu_handler_menu.o
LOAD ./ARM_src/Screen/Menu/Menu_handler/SCR_Menu_handler_message.o
LOAD ./ARM_src/Screen/Menu/Menu_handler/SCR_Menu_handler_question.o
LOAD ./ARM_src/Screen/Menu/Menu_handler/SCR_Menu_handler_text.o
LOAD ./ARM_src/Screen/Menu/Menu_handler/SCR_Menu_handler_time.o
LOAD ./ARM_src/Screen/Menu/SCR_Menu_draw.o
LOAD ./ARM_src/Screen/Menu/SCR_Menu_func.o
LOAD ./ARM_src/Screen/Menu/SCR_Menu_handler.o
LOAD ./ARM_src/Screen/Menu/SCR_Menu_settings.o
LOAD ./ARM_src/Screen/SCR_Init.o
LOAD ./ARM_src/Screen/SCR_Message.o
LOAD ./ARM_src/Screen/SCR_Startup.o
LOAD ./ARM_src/Screen/SCR_Text_functions.o
LOAD ./ARM_src/Processes/Global_UID.o
LOAD ./ARM_src/Processes/IO_General_handlers.o
LOAD ./ARM_src/Processes/IO_process.o
LOAD ./ARM_src/Processes/Reservation.o
LOAD ./ARM_src/Processes/Servicebutton.o
LOAD ./ARM_src/Processes/dev_reset.o
LOAD ./ARM_src/Driver/source/debug_frmwrk.o
LOAD ./ARM_src/Driver/source/lpc17xx_adc.o
LOAD ./ARM_src/Driver/source/lpc17xx_can.o
LOAD ./ARM_src/Driver/source/lpc17xx_clkpwr.o
LOAD ./ARM_src/Driver/source/lpc17xx_dac.o
LOAD ./ARM_src/Driver/source/lpc17xx_emac.o
LOAD ./ARM_src/Driver/source/lpc17xx_exti.o
LOAD ./ARM_src/Driver/source/lpc17xx_gpdma.o
LOAD ./ARM_src/Driver/source/lpc17xx_gpio.o
LOAD ./ARM_src/Driver/source/lpc17xx_i2c.o
LOAD ./ARM_src/Driver/source/lpc17xx_i2s.o
LOAD ./ARM_src/Driver/source/lpc17xx_libcfg_default.o
LOAD ./ARM_src/Driver/source/lpc17xx_mcpwm.o
LOAD ./ARM_src/Driver/source/lpc17xx_nvic.o
LOAD ./ARM_src/Driver/source/lpc17xx_pinsel.o
LOAD ./ARM_src/Driver/source/lpc17xx_pwm.o
LOAD ./ARM_src/Driver/source/lpc17xx_qei.o
LOAD ./ARM_src/Driver/source/lpc17xx_rit.o
LOAD ./ARM_src/Driver/source/lpc17xx_rtc.o
LOAD ./ARM_src/Driver/source/lpc17xx_spi.o
LOAD ./ARM_src/Driver/source/lpc17xx_ssp.o
LOAD ./ARM_src/Driver/source/lpc17xx_systick.o
LOAD ./ARM_src/Driver/source/lpc17xx_timer.o
LOAD ./ARM_src/Driver/source/lpc17xx_uart.o
LOAD ./ARM_src/Driver/source/lpc17xx_wdt.o
LOAD ./ARM_src/Device/UART/XBA/XBA.o
LOAD ./ARM_src/Device/UART/VK80/VK80.o
LOAD ./ARM_src/Device/UART/TG2460H/TG2460H.o
LOAD ./ARM_src/Device/UART/MDB-C21/MDB-ARB-C21-7TUBES.o
LOAD ./ARM_src/Device/UART/ELTRA/ELTRA.o
LOAD ./ARM_src/Device/UART/ELTRA/ELTRA_cmd.o
LOAD ./ARM_src/Device/Net/payter/RTP.o
LOAD ./ARM_src/Device/Net/payter/RTP_msg.o
LOAD ./ARM_src/Device/Net/CCV/CCV.o
LOAD ./ARM_src/Device/Net/CCV/CCV_Chan1.o
LOAD ./ARM_src/Device/Net/CCV/CCV_Chan2.o
LOAD ./ARM_src/Device/IO/SERVICE/Debug_led.o
LOAD ./ARM_src/Device/IO/SERVICE/Service_IO.o
LOAD ./ARM_src/Device/IO/SERVICE/Servicepin.o
LOAD ./ARM_src/Device/IO/IO/EBM_Multipass_io.o
LOAD ./ARM_src/Device/IO/BUTTONS/EBM-Basismodule-buttons.o
LOAD ./ARM_src/Device/I2C/SC16IS740/SC16IS740.o
LOAD ./ARM_src/Device/I2C/RFID/RFID.o
LOAD ./ARM_src/Device/I2C/RFID/RFID_Pass.o
LOAD ./ARM_src/Device/I2C/MAX128/MAX128.o
LOAD ./ARM_src/Device/I2C/LV3095/LV3095.o
LOAD ./ARM_src/Device/I2C/IO_4Bit/IO_4Bit.o
LOAD ./ARM_src/Device/I2C/Edip_240B/EDIP_240B_Bargraph.o
LOAD ./ARM_src/Device/I2C/Edip_240B/EDIP_240B_Clipboard.o
LOAD ./ARM_src/Device/I2C/Edip_240B/EDIP_240B_Display.o
LOAD ./ARM_src/Device/I2C/Edip_240B/EDIP_240B_Draw.o
LOAD ./ARM_src/Device/I2C/Edip_240B/EDIP_240B_IO.o
LOAD ./ARM_src/Device/I2C/Edip_240B/EDIP_240B_Image.o
LOAD ./ARM_src/Device/I2C/Edip_240B/EDIP_240B_Init.o
LOAD ./ARM_src/Device/I2C/Edip_240B/EDIP_240B_Send.o
LOAD ./ARM_src/Device/I2C/Edip_240B/EDIP_240B_Text.o
LOAD ./ARM_src/Device/I2C/Edip_240B/EDIP_240B_Touch.o
LOAD ./ARM_src/Device/I2C/EMP_800/EMP_800.o
LOAD ./ARM_src/Device/I2C/BUTTONS/Buttons_3x4.o
LOAD ./ARM_src/Device/I2C/BUTTONS/Keypad_3x4.o
LOAD ./ARM_src/Device/I2C/BUTTONS/Keypad_Parser.o
LOAD ./ARM_src/Device/I2C/9554/I2C_9554.o
LOAD ./ARM_src/Device/I2C/8574/I2C_8574.o
LOAD ./ARM_src/Device/Common/LCD_16x2/LCD_16x2.o
LOAD ./ARM_src/Device/Common/LCD_16x2/LCD_16x2_char.o
LOAD ./ARM_src/Core/protocol/Secure/sha1/sha1.o
LOAD ./ARM_src/Core/protocol/Secure/aes/aes_cbc.o
LOAD ./ARM_src/Core/protocol/Secure/aes/aes_core.o
LOAD ./ARM_src/Core/protocol/Secure/aes/aes_ecb.o
LOAD ./ARM_src/Core/protocol/Secure/aes/aes_misc.o
LOAD ./ARM_src/Core/protocol/Net/ntp/ntpd.o
LOAD ./ARM_src/Core/protocol/Net/emac/emac-driver.o
LOAD ./ARM_src/Core/protocol/Net/emac/emac.o
LOAD ./ARM_src/Core/protocol/Net/dns/resolv.o
LOAD ./ARM_src/Core/protocol/Net/dhcp/dhcp.o
LOAD ./ARM_src/Core/protocol/Net/dhcp/dhcpc.o
LOAD ./ARM_src/Core/protocol/Net/SCP/SCP_Buffer.o
LOAD ./ARM_src/Core/protocol/Net/SCP/SCP_Comm.o
LOAD ./ARM_src/Core/protocol/Net/SCP/SCP_Device.o
LOAD ./ARM_src/Core/protocol/Net/SCP/SCP_msg.o
LOAD ./ARM_src/Core/protocol/Net/Ejournal/EJournal.o
LOAD ./ARM_src/Core/protocol/Net/AMS/AMS.o
LOAD ./ARM_src/Core/protocol/Net/AMS/AMS_command.o
LOAD ./ARM_src/Core/protocol/Net/psock.o
LOAD ./ARM_src/Core/protocol/Net/tcpip.o
LOAD ./ARM_src/Core/protocol/Net/uip-debug.o
LOAD ./ARM_src/Core/protocol/Net/uip-packetqueue.o
LOAD ./ARM_src/Core/protocol/Net/uip-split.o
LOAD ./ARM_src/Core/protocol/Net/uip-udp-packet.o
LOAD ./ARM_src/Core/protocol/Net/uip.o
LOAD ./ARM_src/Core/protocol/Net/uip_arp.o
LOAD ./ARM_src/Core/protocol/Net/uiplib.o
LOAD ./ARM_src/Core/protocol/FAT/diskio.o
LOAD ./ARM_src/Core/protocol/FAT/fattime.o
LOAD ./ARM_src/Core/protocol/FAT/ff.o
LOAD ./ARM_src/Core/protocol/FAT/ffsystem.o
LOAD ./ARM_src/Core/protocol/FAT/ffunicode.o
LOAD ./ARM_src/Core/protocol/FAT/sdcard.o
LOAD ./ARM_src/Core/protocol/Checksum/crc32/crc32.o
LOAD ./ARM_src/Core/protocol/Checksum/crc16/crc16.o
LOAD ./ARM_src/Core/protocol/Checksum/crc16/crc16_CCITT.o
LOAD ./ARM_src/Core/Util/U_string.o
LOAD ./ARM_src/Core/Util/array.o
LOAD ./ARM_src/Core/Util/build_defs.o
LOAD ./ARM_src/Core/Util/math_util.o
LOAD ./ARM_src/Core/Type/ieee754.o
LOAD ./ARM_src/Core/Timer/ctimer.o
LOAD ./ARM_src/Core/Timer/etimer.o
LOAD ./ARM_src/Core/Timer/rtimer.o
LOAD ./ARM_src/Core/Timer/stimer.o
LOAD ./ARM_src/Core/Timer/timer.o
LOAD ./ARM_src/Core/Timer/timer_functions.o
LOAD ./ARM_src/Core/Process/arg.o
LOAD ./ARM_src/Core/Process/autostart.o
LOAD ./ARM_src/Core/Process/process.o
LOAD ./ARM_src/Core/Peripherals/I2C_Dev_Init.o
LOAD ./ARM_src/Core/Peripherals/Net_Dev_Init.o
LOAD ./ARM_src/Core/Peripherals/UART_Dev_Init.o
LOAD ./ARM_src/Core/Memory/IAP.o
LOAD ./ARM_src/Core/Memory/cmem.o
LOAD ./ARM_src/Core/Memory/flash_mem.o
LOAD ./ARM_src/Core/Memory/list.o
LOAD ./ARM_src/Core/Memory/memb.o
LOAD ./ARM_src/Core/Memory/ringbuf.o
LOAD ./ARM_src/Core/Math/PID.o
LOAD ./ARM_src/Core/Math/random.o
LOAD ./ARM_src/Core/Extensions/mxml/mxml-attr.o
LOAD ./ARM_src/Core/Extensions/mxml/mxml-entity.o
LOAD ./ARM_src/Core/Extensions/mxml/mxml-file.o
LOAD ./ARM_src/Core/Extensions/mxml/mxml-get.o
LOAD ./ARM_src/Core/Extensions/mxml/mxml-index.o
LOAD ./ARM_src/Core/Extensions/mxml/mxml-memory.o
LOAD ./ARM_src/Core/Extensions/mxml/mxml-node.o
LOAD ./ARM_src/Core/Extensions/mxml/mxml-private.o
LOAD ./ARM_src/Core/Extensions/mxml/mxml-search.o
LOAD ./ARM_src/Core/Extensions/mxml/mxml-set.o
LOAD ./ARM_src/Core/Extensions/mxml/mxml-string.o
LOAD ./ARM_src/Core/Extensions/ini/minIni.o
LOAD ./ARM_src/Core/Extensions/code/access_code.o
LOAD ./ARM_src/Core/Extensions/BMP_mono/BMP_mono.o
LOAD ./ARM_src/Core/Debug/Debug_Terminal.o
LOAD ./ARM_src/Core/Debug/Error_check.o
LOAD ./ARM_src/Core/Debug/Hard_Fault_handler.o
LOAD ./ARM_src/Core/Debug/Print_device_info.o
LOAD ./ARM_src/Core/Debug/Serial_Terminal.o
LOAD ./ARM_src/Core/Debug/TCP_Terminal.o
LOAD ./ARM_src/Core/Clock/Time_functions.o
LOAD ./ARM_src/Core/Clock/clock.o
LOAD ./ARM_src/Core/Clock/rtc_cal.o
LOAD ./ARM_src/Board/Def_init.o
LOAD D:\ARM\Bootloader_software\CMSISv1p30_LPC17xx\Release\libCMSISv1p30_LPC17xx.a
START GROUP
LOAD c:/nxp/lpcxpresso_7.4.0_229/lpcxpresso/tools/bin/../lib/gcc/arm-none-eabi/4.8.4/../../../../arm-none-eabi/lib/armv7-m\libcr_semihost.a
LOAD c:/nxp/lpcxpresso_7.4.0_229/lpcxpresso/tools/bin/../lib/gcc/arm-none-eabi/4.8.4/../../../../arm-none-eabi/lib/armv7-m\libcr_c.a
LOAD c:/nxp/lpcxpresso_7.4.0_229/lpcxpresso/tools/bin/../lib/gcc/arm-none-eabi/4.8.4/armv7-m\libcr_eabihelpers.a
END GROUP
                0x00040000                __top_MFlash256 = 0x40000
                0x10008000                __top_RamLoc32 = 0x10008000
                0x20084000                __top_RamAHB32 = 0x20084000

.text           0x00004000    0x184c8
 FILL mask 0xff
                0x00004000                __vectors_start__ = ABSOLUTE (.)
 *(.isr_vector)
 .isr_vector    0x00004000       0xcc ./src/cr_startup_lpc175x_6x.o
                0x00004000                g_pfnVectors
                0x000040cc                . = ALIGN (0x4)
                0x000040cc                __section_table_start = .
                0x000040cc                __data_section_table = .
                0x000040cc        0x4 LONG 0x1c4c8 LOADADDR (.data)
                0x000040d0        0x4 LONG 0x10000000 ADDR (.data)
                0x000040d4        0x4 LONG 0x2e8 SIZEOF (.data)
                0x000040d8        0x4 LONG 0x1c4c8 LOADADDR (.data_RAM2)
                0x000040dc        0x4 LONG 0x2007c000 ADDR (.data_RAM2)
                0x000040e0        0x4 LONG 0x0 SIZEOF (.data_RAM2)
                0x000040e4                __data_section_table_end = .
                0x000040e4                __bss_section_table = .
                0x000040e4        0x4 LONG 0x100002e8 ADDR (.bss)
                0x000040e8        0x4 LONG 0x2bc4 SIZEOF (.bss)
                0x000040ec        0x4 LONG 0x2007c000 ADDR (.bss_RAM2)
                0x000040f0        0x4 LONG 0x75c4 SIZEOF (.bss_RAM2)
                0x000040f4                __bss_section_table_end = .
                0x000040f4                __section_table_end = .
 *(.after_vectors*)
 .after_vectors
                0x000040f4       0xe8 ./src/cr_startup_lpc175x_6x.o
                0x000040f4                NMI_Handler
                0x000040fc                MemManage_Handler
                0x00004100                BusFault_Handler
                0x00004104                UsageFault_Handler
                0x00004108                SVC_Handler
                0x0000410c                DebugMon_Handler
                0x00004110                PendSV_Handler
                0x00004118                USBActivity_IRQHandler
                0x00004118                I2C1_IRQHandler
                0x00004118                EINT2_IRQHandler
                0x00004118                EINT3_IRQHandler
                0x00004118                CANActivity_IRQHandler
                0x00004118                TIMER3_IRQHandler
                0x00004118                UART0_IRQHandler
                0x00004118                I2C0_IRQHandler
                0x00004118                RIT_IRQHandler
                0x00004118                PWM1_IRQHandler
                0x00004118                PLL0_IRQHandler
                0x00004118                CAN_IRQHandler
                0x00004118                PLL1_IRQHandler
                0x00004118                SSP0_IRQHandler
                0x00004118                I2S_IRQHandler
                0x00004118                I2C2_IRQHandler
                0x00004118                RTC_IRQHandler
                0x00004118                TIMER0_IRQHandler
                0x00004118                SPI_IRQHandler
                0x00004118                DMA_IRQHandler
                0x00004118                EINT1_IRQHandler
                0x00004118                TIMER1_IRQHandler
                0x00004118                SSP1_IRQHandler
                0x00004118                USB_IRQHandler
                0x00004118                BOD_IRQHandler
                0x00004118                IntDefaultHandler
                0x00004118                WDT_IRQHandler
                0x00004118                TIMER2_IRQHandler
                0x00004118                QEI_IRQHandler
                0x00004118                EINT0_IRQHandler
                0x00004118                MCPWM_IRQHandler
                0x0000411c                data_init
                0x00004138                bss_init
                0x0000414c                ResetISR
                0x000002fc                . = 0x2fc
 *fill*         0x000041dc      0x120 ff
                0x000042fc                PROVIDE (__CRP_WORD_START__, .)
 *(.crp)
 .crp           0x000042fc        0x4 ./src/crp.o
                0x000042fc                CRP_WORD
                0x00004300                PROVIDE (__CRP_WORD_END__, .)
                0x00000001                ASSERT (! ((__CRP_WORD_START__ == __CRP_WORD_END__)), Linker CRP Enabled, but no CRP_WORD provided within application)
 *(.text*)
 .text.check_manual_input
                0x00004300       0x98 ./src/Screen/SCR_Idle.o
                0x00004300                check_manual_input
 .text.process_thread_SCR_idle_screen
                0x00004398      0xa80 ./src/Screen/SCR_Idle.o
 .text.process_thread_relay_process
                0x00004e18      0x100 ./src/Power.o
 .text.Relay_init
                0x00004f18       0xa0 ./src/Power.o
                0x00004f18                Relay_init
 .text.Relay_enable
                0x00004fb8       0x78 ./src/Power.o
                0x00004fb8                Relay_enable
 .text.Relay_disable
                0x00005030       0x78 ./src/Power.o
                0x00005030                Relay_disable
 .text.process_thread_MULTIpdtest_process
                0x000050a8      0x2e8 ./src/Power.o
 .text.Relay_state_known
                0x00005390       0x38 ./src/Power.o
                0x00005390                Relay_state_known
 .text.power_enable
                0x000053c8       0x90 ./src/Power.o
                0x000053c8                power_enable
 .text.power_disable
                0x00005458       0x90 ./src/Power.o
                0x00005458                power_disable
 .text.Power_init
                0x000054e8      0x190 ./src/Power.o
                0x000054e8                Power_init
 .text.ADC_IRQHandler
                0x00005678       0xf4 ./src/Power.o
                0x00005678                ADC_IRQHandler
 .text.Power_calc
                0x0000576c      0x118 ./src/Power.o
                0x0000576c                Power_calc
 .text.process_thread_Power_process
                0x00005884      0x138 ./src/Power.o
 .text.Get_Energy_point_data
                0x000059bc       0x34 ./src/Power.o
                0x000059bc                Get_Energy_point_data
 .text.SCP_boot
                0x000059f0       0x90 ./src/SCP_handler.o
                0x000059f0                SCP_boot
 .text.SCP_Openpoort
                0x00005a80       0x1c ./src/SCP_handler.o
                0x00005a80                SCP_Openpoort
 .text.SCP_var_int_request
                0x00005a9c       0xe0 ./src/SCP_handler.o
                0x00005a9c                SCP_var_int_request
 .text.SCP_var_int_send
                0x00005b7c       0x90 ./src/SCP_handler.o
                0x00005b7c                SCP_var_int_send
 .text.SCP_ReserveringChanged
                0x00005c0c       0x38 ./src/SCP_handler.o
                0x00005c0c                SCP_ReserveringChanged
 .text.SCP_handlers_init
                0x00005c44       0x50 ./src/SCP_handler.o
                0x00005c44                SCP_handlers_init
 .text.Device_terminal_functions
                0x00005c94       0x6c ./src/Terminal_functions.o
                0x00005c94                Device_terminal_functions
 .text.main     0x00005d00       0x74 ./src/main.o
                0x00005d00                main
 .text.SCR_load
                0x00005d74       0x40 ./ARM_src/Screen/SCR_Init.o
                0x00005d74                SCR_load
 .text.process_thread_SCR_Startup_screen
                0x00005db4       0x80 ./ARM_src/Screen/SCR_Startup.o
 .text.Hard_reset
                0x00005e34       0x1c ./ARM_src/Processes/dev_reset.o
                0x00005e34                Hard_reset
 .text.Save_reset
                0x00005e50       0x18 ./ARM_src/Processes/dev_reset.o
                0x00005e50                Save_reset
 .text.Save_reset_enabled
                0x00005e68        0xc ./ARM_src/Processes/dev_reset.o
                0x00005e68                Save_reset_enabled
 .text.Save_reset_poll
                0x00005e74       0x14 ./ARM_src/Processes/dev_reset.o
                0x00005e74                Save_reset_poll
 .text.Save_reset_active
                0x00005e88        0xc ./ARM_src/Processes/dev_reset.o
                0x00005e88                Save_reset_active
 .text.ADC_Init
                0x00005e94       0x34 ./ARM_src/Driver/source/lpc17xx_adc.o
                0x00005e94                ADC_Init
 .text.ADC_BurstCmd
                0x00005ec8       0x14 ./ARM_src/Driver/source/lpc17xx_adc.o
                0x00005ec8                ADC_BurstCmd
 .text.ADC_IntConfig
                0x00005edc       0x20 ./ARM_src/Driver/source/lpc17xx_adc.o
                0x00005edc                ADC_IntConfig
 .text.ADC_ChannelCmd
                0x00005efc       0x20 ./ARM_src/Driver/source/lpc17xx_adc.o
                0x00005efc                ADC_ChannelCmd
 .text.ADC_ChannelGetData
                0x00005f1c        0xc ./ARM_src/Driver/source/lpc17xx_adc.o
                0x00005f1c                ADC_ChannelGetData
 .text.ADC_ChannelGetStatus
                0x00005f28       0x1c ./ARM_src/Driver/source/lpc17xx_adc.o
                0x00005f28                ADC_ChannelGetStatus
 .text.CLKPWR_SetPCLKDiv
                0x00005f44       0x60 ./ARM_src/Driver/source/lpc17xx_clkpwr.o
                0x00005f44                CLKPWR_SetPCLKDiv
 .text.CLKPWR_GetPCLKSEL
                0x00005fa4       0x24 ./ARM_src/Driver/source/lpc17xx_clkpwr.o
                0x00005fa4                CLKPWR_GetPCLKSEL
 .text.CLKPWR_GetPCLK
                0x00005fc8       0x28 ./ARM_src/Driver/source/lpc17xx_clkpwr.o
                0x00005fc8                CLKPWR_GetPCLK
 .text.CLKPWR_ConfigPPWR
                0x00005ff0       0x34 ./ARM_src/Driver/source/lpc17xx_clkpwr.o
                0x00005ff0                CLKPWR_ConfigPPWR
 .text.rx_descr_init
                0x00006024       0x60 ./ARM_src/Driver/source/lpc17xx_emac.o
 .text.tx_descr_init
                0x00006084       0x58 ./ARM_src/Driver/source/lpc17xx_emac.o
 .text.write_PHY
                0x000060dc       0x34 ./ARM_src/Driver/source/lpc17xx_emac.o
 .text.read_PHY
                0x00006110       0x3c ./ARM_src/Driver/source/lpc17xx_emac.o
 .text.setEmacAddr
                0x0000614c       0x24 ./ARM_src/Driver/source/lpc17xx_emac.o
 .text.EMAC_UpdatePHYStatus
                0x00006170       0x70 ./ARM_src/Driver/source/lpc17xx_emac.o
                0x00006170                EMAC_UpdatePHYStatus
 .text.EMAC_SetPHYMode
                0x000061e0       0xa8 ./ARM_src/Driver/source/lpc17xx_emac.o
                0x000061e0                EMAC_SetPHYMode
 .text.EMAC_Init
                0x00006288      0x11c ./ARM_src/Driver/source/lpc17xx_emac.o
                0x00006288                EMAC_Init
 .text.EMAC_WritePacketBuffer
                0x000063a4       0x40 ./ARM_src/Driver/source/lpc17xx_emac.o
                0x000063a4                EMAC_WritePacketBuffer
 .text.EMAC_ReadPacketBuffer
                0x000063e4       0x30 ./ARM_src/Driver/source/lpc17xx_emac.o
                0x000063e4                EMAC_ReadPacketBuffer
 .text.EMAC_IntCmd
                0x00006414       0x28 ./ARM_src/Driver/source/lpc17xx_emac.o
                0x00006414                EMAC_IntCmd
 .text.EMAC_IntGetStatus
                0x0000643c       0x1c ./ARM_src/Driver/source/lpc17xx_emac.o
                0x0000643c                EMAC_IntGetStatus
 .text.EMAC_CheckReceiveIndex
                0x00006458       0x18 ./ARM_src/Driver/source/lpc17xx_emac.o
                0x00006458                EMAC_CheckReceiveIndex
 .text.EMAC_CheckTransmitIndex
                0x00006470       0x1c ./ARM_src/Driver/source/lpc17xx_emac.o
                0x00006470                EMAC_CheckTransmitIndex
 .text.EMAC_GetReceiveDataSize
                0x0000648c       0x18 ./ARM_src/Driver/source/lpc17xx_emac.o
                0x0000648c                EMAC_GetReceiveDataSize
 .text.EMAC_UpdateRxConsumeIndex
                0x000064a4       0x1c ./ARM_src/Driver/source/lpc17xx_emac.o
                0x000064a4                EMAC_UpdateRxConsumeIndex
 .text.EMAC_UpdateTxProduceIndex
                0x000064c0       0x1c ./ARM_src/Driver/source/lpc17xx_emac.o
                0x000064c0                EMAC_UpdateTxProduceIndex
 .text.GPIO_GetPointer
                0x000064dc       0x3c ./ARM_src/Driver/source/lpc17xx_gpio.o
 .text.GPIO_SetDir
                0x00006518       0x20 ./ARM_src/Driver/source/lpc17xx_gpio.o
                0x00006518                GPIO_SetDir
 .text.GPIO_SetValue
                0x00006538       0x10 ./ARM_src/Driver/source/lpc17xx_gpio.o
                0x00006538                GPIO_SetValue
 .text.GPIO_ClearValue
                0x00006548       0x10 ./ARM_src/Driver/source/lpc17xx_gpio.o
                0x00006548                GPIO_ClearValue
 .text.GPIO_ReadValue
                0x00006558       0x10 ./ARM_src/Driver/source/lpc17xx_gpio.o
                0x00006558                GPIO_ReadValue
 .text.set_PinFunc
                0x00006568       0x38 ./ARM_src/Driver/source/lpc17xx_pinsel.o
 .text.set_ResistorMode
                0x000065a0       0x34 ./ARM_src/Driver/source/lpc17xx_pinsel.o
 .text.set_OpenDrainMode
                0x000065d4       0x30 ./ARM_src/Driver/source/lpc17xx_pinsel.o
 .text.PINSEL_ConfigPin
                0x00006604       0x24 ./ARM_src/Driver/source/lpc17xx_pinsel.o
                0x00006604                PINSEL_ConfigPin
 .text.RTC_Init
                0x00006628       0x20 ./ARM_src/Driver/source/lpc17xx_rtc.o
                0x00006628                RTC_Init
 .text.RTC_Cmd  0x00006648       0x18 ./ARM_src/Driver/source/lpc17xx_rtc.o
                0x00006648                RTC_Cmd
 .text.RTC_SetFullTime
                0x00006660       0x50 ./ARM_src/Driver/source/lpc17xx_rtc.o
                0x00006660                RTC_SetFullTime
 .text.RTC_GetFullTime
                0x000066b0       0x50 ./ARM_src/Driver/source/lpc17xx_rtc.o
                0x000066b0                RTC_GetFullTime
 .text.RTC_CalibCounterCmd
                0x00006700       0x18 ./ARM_src/Driver/source/lpc17xx_rtc.o
                0x00006700                RTC_CalibCounterCmd
 .text.RTC_CalibConfig
                0x00006718       0x18 ./ARM_src/Driver/source/lpc17xx_rtc.o
                0x00006718                RTC_CalibConfig
 .text.SSP_SetClock
                0x00006730       0x68 ./ARM_src/Driver/source/lpc17xx_ssp.o
                0x00006730                SSP_SetClock
 .text.SSP_Init
                0x00006798       0x54 ./ARM_src/Driver/source/lpc17xx_ssp.o
                0x00006798                SSP_Init
 .text.SSP_DeInit
                0x000067ec       0x30 ./ARM_src/Driver/source/lpc17xx_ssp.o
                0x000067ec                SSP_DeInit
 .text.SSP_ConfigStructInit
                0x0000681c       0x18 ./ARM_src/Driver/source/lpc17xx_ssp.o
                0x0000681c                SSP_ConfigStructInit
 .text.SSP_Cmd  0x00006834       0x18 ./ARM_src/Driver/source/lpc17xx_ssp.o
                0x00006834                SSP_Cmd
 .text.SYSTICK_InternalInit
                0x0000684c       0x50 ./ARM_src/Driver/source/lpc17xx_systick.o
                0x0000684c                SYSTICK_InternalInit
 .text.SYSTICK_Cmd
                0x0000689c       0x20 ./ARM_src/Driver/source/lpc17xx_systick.o
                0x0000689c                SYSTICK_Cmd
 .text.SYSTICK_IntCmd
                0x000068bc       0x20 ./ARM_src/Driver/source/lpc17xx_systick.o
                0x000068bc                SYSTICK_IntCmd
 .text.SYSTICK_ClearCounterFlag
                0x000068dc       0x10 ./ARM_src/Driver/source/lpc17xx_systick.o
                0x000068dc                SYSTICK_ClearCounterFlag
 .text.uart_set_divisors
                0x000068ec      0x1bc ./ARM_src/Driver/source/lpc17xx_uart.o
 .text.UART_Init
                0x00006aa8      0x154 ./ARM_src/Driver/source/lpc17xx_uart.o
                0x00006aa8                UART_Init
 .text.UART_ConfigStructInit
                0x00006bfc       0x14 ./ARM_src/Driver/source/lpc17xx_uart.o
                0x00006bfc                UART_ConfigStructInit
 .text.UART_SendByte
                0x00006c10       0x14 ./ARM_src/Driver/source/lpc17xx_uart.o
                0x00006c10                UART_SendByte
 .text.UART_ReceiveByte
                0x00006c24       0x18 ./ARM_src/Driver/source/lpc17xx_uart.o
                0x00006c24                UART_ReceiveByte
 .text.UART_Send
                0x00006c3c       0x88 ./ARM_src/Driver/source/lpc17xx_uart.o
                0x00006c3c                UART_Send
 .text.UART_IntConfig
                0x00006cc4       0x7c ./ARM_src/Driver/source/lpc17xx_uart.o
                0x00006cc4                UART_IntConfig
 .text.UART_GetLineStatus
                0x00006d40       0x18 ./ARM_src/Driver/source/lpc17xx_uart.o
                0x00006d40                UART_GetLineStatus
 .text.UART_GetIntId
                0x00006d58        0xc ./ARM_src/Driver/source/lpc17xx_uart.o
                0x00006d58                UART_GetIntId
 .text.UART_FIFOConfig
                0x00006d64       0x54 ./ARM_src/Driver/source/lpc17xx_uart.o
                0x00006d64                UART_FIFOConfig
 .text.UART_FIFOConfigStructInit
                0x00006db8       0x10 ./ARM_src/Driver/source/lpc17xx_uart.o
                0x00006db8                UART_FIFOConfigStructInit
 .text.UART_TxCmd
                0x00006dc8       0x48 ./ARM_src/Driver/source/lpc17xx_uart.o
                0x00006dc8                UART_TxCmd
 .text.WDT_SetTimeOut
                0x00006e10       0xa0 ./ARM_src/Driver/source/lpc17xx_wdt.o
 .text.WDT_Init
                0x00006eb0       0x30 ./ARM_src/Driver/source/lpc17xx_wdt.o
                0x00006eb0                WDT_Init
 .text.WDT_Feed
                0x00006ee0       0x14 ./ARM_src/Driver/source/lpc17xx_wdt.o
                0x00006ee0                WDT_Feed
 .text.WDT_Start
                0x00006ef4       0x20 ./ARM_src/Driver/source/lpc17xx_wdt.o
                0x00006ef4                WDT_Start
 .text.Debug_led_init
                0x00006f14       0x1c ./ARM_src/Device/IO/SERVICE/Debug_led.o
                0x00006f14                Debug_led_init
 .text.Debug_led1
                0x00006f30       0x1c ./ARM_src/Device/IO/SERVICE/Debug_led.o
                0x00006f30                Debug_led1
 .text.Debug_led2
                0x00006f4c       0x1c ./ARM_src/Device/IO/SERVICE/Debug_led.o
                0x00006f4c                Debug_led2
 .text.process_thread_Service_process
                0x00006f68      0x140 ./ARM_src/Device/IO/SERVICE/Service_IO.o
 .text.Service_init
                0x000070a8       0x10 ./ARM_src/Device/IO/SERVICE/Service_IO.o
                0x000070a8                Service_init
 .text.Servicepin
                0x000070b8       0x20 ./ARM_src/Device/IO/SERVICE/Servicepin.o
                0x000070b8                Servicepin
 .text.set_Servicepin_led
                0x000070d8       0x2c ./ARM_src/Device/IO/SERVICE/Servicepin.o
                0x000070d8                set_Servicepin_led
 .text.SHA1Guts
                0x00007104      0x970 ./ARM_src/Core/protocol/Secure/sha1/sha1.o
 .text.burnStack
                0x00007a74       0x20 ./ARM_src/Core/protocol/Secure/sha1/sha1.o
 .text.SHA1Init
                0x00007a94       0x38 ./ARM_src/Core/protocol/Secure/sha1/sha1.o
                0x00007a94                SHA1Init
 .text.SHA1Update
                0x00007acc       0x74 ./ARM_src/Core/protocol/Secure/sha1/sha1.o
                0x00007acc                SHA1Update
 .text.SHA1Final
                0x00007b40       0xb0 ./ARM_src/Core/protocol/Secure/sha1/sha1.o
                0x00007b40                SHA1Final
 .text.private_AES_set_encrypt_key
                0x00007bf0      0x2e0 ./ARM_src/Core/protocol/Secure/aes/aes_core.o
                0x00007bf0                private_AES_set_encrypt_key
 .text.private_AES_set_decrypt_key
                0x00007ed0      0x194 ./ARM_src/Core/protocol/Secure/aes/aes_core.o
                0x00007ed0                private_AES_set_decrypt_key
 .text.AES_encrypt
                0x00008064      0x38c ./ARM_src/Core/protocol/Secure/aes/aes_core.o
                0x00008064                AES_encrypt
 .text.AES_decrypt
                0x000083f0      0x328 ./ARM_src/Core/protocol/Secure/aes/aes_core.o
                0x000083f0                AES_decrypt
 .text.AES_ecb_encrypt
                0x00008718       0x14 ./ARM_src/Core/protocol/Secure/aes/aes_ecb.o
                0x00008718                AES_ecb_encrypt
 .text.AES_set_encrypt_key
                0x0000872c        0x8 ./ARM_src/Core/protocol/Secure/aes/aes_misc.o
                0x0000872c                AES_set_encrypt_key
 .text.AES_set_decrypt_key
                0x00008734        0x8 ./ARM_src/Core/protocol/Secure/aes/aes_misc.o
                0x00008734                AES_set_decrypt_key
 .text.timeout_handler
                0x0000873c       0x18 ./ARM_src/Core/protocol/Net/ntp/ntpd.o
 .text.ntpdTimeSet
                0x00008754        0xc ./ARM_src/Core/protocol/Net/ntp/ntpd.o
                0x00008754                ntpdTimeSet
 .text.ntpd_init
                0x00008760       0x1c ./ARM_src/Core/protocol/Net/ntp/ntpd.o
                0x00008760                ntpd_init
 .text.getCurrTime
                0x0000877c       0x2c ./ARM_src/Core/protocol/Net/ntp/ntpd.o
                0x0000877c                getCurrTime
 .text.ntpdSetRTC
                0x000087a8       0xb4 ./ARM_src/Core/protocol/Net/ntp/ntpd.o
                0x000087a8                ntpdSetRTC
 .text.udphandler
                0x0000885c       0x58 ./ARM_src/Core/protocol/Net/ntp/ntpd.o
                0x0000885c                udphandler
 .text.process_thread_ntpd_process
                0x000088b4      0x268 ./ARM_src/Core/protocol/Net/ntp/ntpd.o
 .text.send_packet
                0x00008b1c       0x1c ./ARM_src/Core/protocol/Net/emac/emac-driver.o
                0x00008b1c                send_packet
 .text.poll_eth_driver
                0x00008b38       0x10 ./ARM_src/Core/protocol/Net/emac/emac-driver.o
                0x00008b38                poll_eth_driver
 .text.pollhandler
                0x00008b48       0x60 ./ARM_src/Core/protocol/Net/emac/emac-driver.o
 .text.process_thread_emac_lpc1768
                0x00008ba8       0x70 ./ARM_src/Core/protocol/Net/emac/emac-driver.o
 .text.tapdev_init
                0x00008c18      0x11c ./ARM_src/Core/protocol/Net/emac/emac.o
                0x00008c18                tapdev_init
 .text.tapdev_read
                0x00008d34       0x3c ./ARM_src/Core/protocol/Net/emac/emac.o
                0x00008d34                tapdev_read
 .text.tapdev_send
                0x00008d70       0x38 ./ARM_src/Core/protocol/Net/emac/emac.o
                0x00008d70                tapdev_send
 .text.ENET_IRQHandler
                0x00008da8       0x10 ./ARM_src/Core/protocol/Net/emac/emac.o
                0x00008da8                ENET_IRQHandler
 .text.skip_name
                0x00008db8       0x24 ./ARM_src/Core/protocol/Net/dns/resolv.o
 .text.encode_name
                0x00008ddc       0x38 ./ARM_src/Core/protocol/Net/dns/resolv.o
 .text.resolv_found
                0x00008e14       0x14 ./ARM_src/Core/protocol/Net/dns/resolv.o
 .text.newdata  0x00008e28      0x198 ./ARM_src/Core/protocol/Net/dns/resolv.o
 .text.check_entries
                0x00008fc0      0x10c ./ARM_src/Core/protocol/Net/dns/resolv.o
 .text.process_thread_resolv_process
                0x000090cc       0xf4 ./ARM_src/Core/protocol/Net/dns/resolv.o
 .text.strcasecmp
                0x000091c0       0x40 ./ARM_src/Core/protocol/Net/dns/resolv.o
                0x000091c0                strcasecmp
 .text.resolv_query
                0x00009200       0xf4 ./ARM_src/Core/protocol/Net/dns/resolv.o
                0x00009200                resolv_query
 .text.resolv_lookup
                0x000092f4       0x8c ./ARM_src/Core/protocol/Net/dns/resolv.o
                0x000092f4                resolv_lookup
 .text.resolv_conf
                0x00009380        0xc ./ARM_src/Core/protocol/Net/dns/resolv.o
                0x00009380                resolv_conf
 .text.process_thread_dhcp_process
                0x0000938c       0x9c ./ARM_src/Core/protocol/Net/dhcp/dhcp.o
 .text.dhcpc_configured
                0x00009428       0xb8 ./ARM_src/Core/protocol/Net/dhcp/dhcp.o
                0x00009428                dhcpc_configured
 .text.dhcpc_unconfigured
                0x000094e0       0x1c ./ARM_src/Core/protocol/Net/dhcp/dhcp.o
                0x000094e0                dhcpc_unconfigured
 .text.add_msg_type
                0x000094fc       0x10 ./ARM_src/Core/protocol/Net/dhcp/dhcpc.o
 .text.add_req_options
                0x0000950c       0x18 ./ARM_src/Core/protocol/Net/dhcp/dhcpc.o
 .text.add_end  0x00009524        0x8 ./ARM_src/Core/protocol/Net/dhcp/dhcpc.o
 .text.add_server_id
                0x0000952c       0x1c ./ARM_src/Core/protocol/Net/dhcp/dhcpc.o
 .text.add_req_ipaddr
                0x00009548       0x1c ./ARM_src/Core/protocol/Net/dhcp/dhcpc.o
 .text.parse_options
                0x00009564       0x98 ./ARM_src/Core/protocol/Net/dhcp/dhcpc.o
 .text.create_msg
                0x000095fc       0xa8 ./ARM_src/Core/protocol/Net/dhcp/dhcpc.o
 .text.send_discover
                0x000096a4       0x30 ./ARM_src/Core/protocol/Net/dhcp/dhcpc.o
 .text.send_request
                0x000096d4       0x34 ./ARM_src/Core/protocol/Net/dhcp/dhcpc.o
 .text.msg_for_me
                0x00009708       0x78 ./ARM_src/Core/protocol/Net/dhcp/dhcpc.o
 .text.parse_msg
                0x00009780       0x64 ./ARM_src/Core/protocol/Net/dhcp/dhcpc.o
 .text.handle_dhcp
                0x000097e4      0x2f8 ./ARM_src/Core/protocol/Net/dhcp/dhcpc.o
 .text.dhcpc_init
                0x00009adc       0x44 ./ARM_src/Core/protocol/Net/dhcp/dhcpc.o
                0x00009adc                dhcpc_init
 .text.dhcpc_appcall
                0x00009b20       0x18 ./ARM_src/Core/protocol/Net/dhcp/dhcpc.o
                0x00009b20                dhcpc_appcall
 .text.dhcpc_request
                0x00009b38       0x38 ./ARM_src/Core/protocol/Net/dhcp/dhcpc.o
                0x00009b38                dhcpc_request
 .text.SCP_Buffer_init
                0x00009b70       0x10 ./ARM_src/Core/protocol/Net/SCP/SCP_Buffer.o
                0x00009b70                SCP_Buffer_init
 .text.SCP_packet_in_buffer
                0x00009b80       0x10 ./ARM_src/Core/protocol/Net/SCP/SCP_Buffer.o
                0x00009b80                SCP_packet_in_buffer
 .text.SCP_packet_to_sd
                0x00009b90       0xe4 ./ARM_src/Core/protocol/Net/SCP/SCP_Buffer.o
                0x00009b90                SCP_packet_to_sd
 .text.SCP_get_sd_packet
                0x00009c74      0x164 ./ARM_src/Core/protocol/Net/SCP/SCP_Buffer.o
                0x00009c74                SCP_get_sd_packet
 .text.SCP_Buffer_get
                0x00009dd8       0x30 ./ARM_src/Core/protocol/Net/SCP/SCP_Buffer.o
                0x00009dd8                SCP_Buffer_get
 .text.SCP_remove_sd_packet
                0x00009e08       0xa4 ./ARM_src/Core/protocol/Net/SCP/SCP_Buffer.o
                0x00009e08                SCP_remove_sd_packet
 .text.SCP_Buffer_remove
                0x00009eac       0x20 ./ARM_src/Core/protocol/Net/SCP/SCP_Buffer.o
                0x00009eac                SCP_Buffer_remove
 .text.SCP_packet_timeout
                0x00009ecc       0xcc ./ARM_src/Core/protocol/Net/SCP/SCP_Buffer.o
                0x00009ecc                SCP_packet_timeout
 .text.SCP_Buffer_put
                0x00009f98      0x11c ./ARM_src/Core/protocol/Net/SCP/SCP_Buffer.o
                0x00009f98                SCP_Buffer_put
 .text.SCP_Buffer_put_incomming
                0x0000a0b4       0xcc ./ARM_src/Core/protocol/Net/SCP/SCP_Buffer.o
                0x0000a0b4                SCP_Buffer_put_incomming
 .text.SCP_timeout_handler
                0x0000a180       0x48 ./ARM_src/Core/protocol/Net/SCP/SCP_Buffer.o
                0x0000a180                SCP_timeout_handler
 .text.process_thread_SCP_check_process
                0x0000a1c8      0x140 ./ARM_src/Core/protocol/Net/SCP/SCP_Comm.o
 .text.SCP_Get_device_info
                0x0000a308       0x80 ./ARM_src/Core/protocol/Net/SCP/SCP_Comm.o
                0x0000a308                SCP_Get_device_info
 .text.SCP_Init
                0x0000a388       0xd8 ./ARM_src/Core/protocol/Net/SCP/SCP_Comm.o
                0x0000a388                SCP_Init
 .text.SCP_Encrypt
                0x0000a460       0xd8 ./ARM_src/Core/protocol/Net/SCP/SCP_Comm.o
                0x0000a460                SCP_Encrypt
 .text.SCP_packet_to_data
                0x0000a538       0xd0 ./ARM_src/Core/protocol/Net/SCP/SCP_Comm.o
                0x0000a538                SCP_packet_to_data
 .text.SCP_Decrypt
                0x0000a608       0x88 ./ARM_src/Core/protocol/Net/SCP/SCP_Comm.o
                0x0000a608                SCP_Decrypt
 .text.SCP_data_to_packet
                0x0000a690      0x2c4 ./ARM_src/Core/protocol/Net/SCP/SCP_Comm.o
                0x0000a690                SCP_data_to_packet
 .text.SCP_add_new_handler
                0x0000a954       0x28 ./ARM_src/Core/protocol/Net/SCP/SCP_Comm.o
                0x0000a954                SCP_add_new_handler
 .text.SCP_find_and_execute_handler
                0x0000a97c       0x5c ./ARM_src/Core/protocol/Net/SCP/SCP_Comm.o
                0x0000a97c                SCP_find_and_execute_handler
 .text.SCP_execute_incoming_msg
                0x0000a9d8      0x128 ./ARM_src/Core/protocol/Net/SCP/SCP_Comm.o
                0x0000a9d8                SCP_execute_incoming_msg
 .text.process_thread_SCP_devInfo_process
                0x0000ab00      0x218 ./ARM_src/Core/protocol/Net/SCP/SCP_Comm.o
 .text.SCP_handle_connection
                0x0000ad18      0x21c ./ARM_src/Core/protocol/Net/SCP/SCP_Comm.o
                0x0000ad18                SCP_handle_connection
 .text.process_thread_SCP_process
                0x0000af34      0x2e0 ./ARM_src/Core/protocol/Net/SCP/SCP_Comm.o
 .text.process_thread_SCP_Device_process
                0x0000b214       0xec ./ARM_src/Core/protocol/Net/SCP/SCP_Device.o
 .text.SCP_Device_found
                0x0000b300       0x88 ./ARM_src/Core/protocol/Net/SCP/SCP_Device.o
                0x0000b300                SCP_Device_found
 .text.SCP_create_new_device
                0x0000b388       0x64 ./ARM_src/Core/protocol/Net/SCP/SCP_Device.o
                0x0000b388                SCP_create_new_device
 .text.SCP_Device_init
                0x0000b3ec      0x1d8 ./ARM_src/Core/protocol/Net/SCP/SCP_Device.o
                0x0000b3ec                SCP_Device_init
 .text.SCP_Device_delete
                0x0000b5c4       0x18 ./ARM_src/Core/protocol/Net/SCP/SCP_Device.o
                0x0000b5c4                SCP_Device_delete
 .text.SCP_Device_connection
                0x0000b5dc       0x3c ./ARM_src/Core/protocol/Net/SCP/SCP_Device.o
                0x0000b5dc                SCP_Device_connection
 .text.SCP_Device_Known
                0x0000b618       0x24 ./ARM_src/Core/protocol/Net/SCP/SCP_Device.o
                0x0000b618                SCP_Device_Known
 .text.SCP_Device_Find
                0x0000b63c        0x4 ./ARM_src/Core/protocol/Net/SCP/SCP_Device.o
                0x0000b63c                SCP_Device_Find
 .text.SCP_Loop_known_devices
                0x0000b640       0x24 ./ARM_src/Core/protocol/Net/SCP/SCP_Device.o
                0x0000b640                SCP_Loop_known_devices
 .text.SCP_Loop_active_devices
                0x0000b664       0x40 ./ARM_src/Core/protocol/Net/SCP/SCP_Device.o
                0x0000b664                SCP_Loop_active_devices
 .text.SCP_number_of_known_devices
                0x0000b6a4       0x24 ./ARM_src/Core/protocol/Net/SCP/SCP_Device.o
                0x0000b6a4                SCP_number_of_known_devices
 .text.SCP_Device_Sock_Begin
                0x0000b6c8       0x30 ./ARM_src/Core/protocol/Net/SCP/SCP_Device.o
                0x0000b6c8                SCP_Device_Sock_Begin
 .text.SCP_Device_Sock_End
                0x0000b6f8       0x20 ./ARM_src/Core/protocol/Net/SCP/SCP_Device.o
                0x0000b6f8                SCP_Device_Sock_End
 .text.SCP_Device_prev_online
                0x0000b718       0x14 ./ARM_src/Core/protocol/Net/SCP/SCP_Device.o
                0x0000b718                SCP_Device_prev_online
 .text.SCP_Devices_of_types
                0x0000b72c       0x6c ./ARM_src/Core/protocol/Net/SCP/SCP_Device.o
                0x0000b72c                SCP_Devices_of_types
 .text.SCP_hex_to_dec
                0x0000b798       0x18 ./ARM_src/Core/protocol/Net/SCP/SCP_msg.o
                0x0000b798                SCP_hex_to_dec
 .text.SCP_varname_array
                0x0000b7b0       0x18 ./ARM_src/Core/protocol/Net/SCP/SCP_msg.o
                0x0000b7b0                SCP_varname_array
 .text.SCP_array_number
                0x0000b7c8       0x58 ./ARM_src/Core/protocol/Net/SCP/SCP_msg.o
                0x0000b7c8                SCP_array_number
 .text.SCP_msg_OpenPoort__Poort
                0x0000b820        0x4 ./ARM_src/Core/protocol/Net/SCP/SCP_msg.o
                0x0000b820                SCP_msg_OpenPoort__Poort
 .text.SCP_msg_ResetOk
                0x0000b824       0x38 ./ARM_src/Core/protocol/Net/SCP/SCP_msg.o
                0x0000b824                SCP_msg_ResetOk
 .text.SCP_msg_Error
                0x0000b85c       0x38 ./ARM_src/Core/protocol/Net/SCP/SCP_msg.o
                0x0000b85c                SCP_msg_Error
 .text.SCP_msg_DevInfo
                0x0000b894       0x64 ./ARM_src/Core/protocol/Net/SCP/SCP_msg.o
                0x0000b894                SCP_msg_DevInfo
 .text.SCP_msg_DevInfoOk
                0x0000b8f8       0x54 ./ARM_src/Core/protocol/Net/SCP/SCP_msg.o
                0x0000b8f8                SCP_msg_DevInfoOk
 .text.SCP_msg_DevInfoOk__DevInfo
                0x0000b94c       0x14 ./ARM_src/Core/protocol/Net/SCP/SCP_msg.o
                0x0000b94c                SCP_msg_DevInfoOk__DevInfo
 .text.SCP_msg_Boot
                0x0000b960       0xb8 ./ARM_src/Core/protocol/Net/SCP/SCP_msg.o
                0x0000b960                SCP_msg_Boot
 .text.SCP_msg_Boot__DevInfo
                0x0000ba18       0x14 ./ARM_src/Core/protocol/Net/SCP/SCP_msg.o
                0x0000ba18                SCP_msg_Boot__DevInfo
 .text.SCP_msg_BootOk
                0x0000ba2c       0x54 ./ARM_src/Core/protocol/Net/SCP/SCP_msg.o
                0x0000ba2c                SCP_msg_BootOk
 .text.SCP_msg_Ok
                0x0000ba80       0x38 ./ARM_src/Core/protocol/Net/SCP/SCP_msg.o
                0x0000ba80                SCP_msg_Ok
 .text.SCP_msg_GeefReservering
                0x0000bab8       0x40 ./ARM_src/Core/protocol/Net/SCP/SCP_msg.o
                0x0000bab8                SCP_msg_GeefReservering
 .text.SCP_msg_Reservering__StartTime
                0x0000baf8       0x60 ./ARM_src/Core/protocol/Net/SCP/SCP_msg.o
                0x0000baf8                SCP_msg_Reservering__StartTime
 .text.SCP_msg_Reservering__EndTime
                0x0000bb58       0x60 ./ARM_src/Core/protocol/Net/SCP/SCP_msg.o
                0x0000bb58                SCP_msg_Reservering__EndTime
 .text.SCP_msg_ReserveringMachine
                0x0000bbb8       0x3c ./ARM_src/Core/protocol/Net/SCP/SCP_msg.o
                0x0000bbb8                SCP_msg_ReserveringMachine
 .text.SCP_msg_ReserveringMachine__ResvNr
                0x0000bbf4        0x4 ./ARM_src/Core/protocol/Net/SCP/SCP_msg.o
                0x0000bbf4                SCP_msg_ReserveringMachine__ResvNr
 .text.SCP_msg_ReserveringChanged__Machine
                0x0000bbf8        0x4 ./ARM_src/Core/protocol/Net/SCP/SCP_msg.o
                0x0000bbf8                SCP_msg_ReserveringChanged__Machine
 .text.SCP_msg_ReserveringChanged__ResvNr
                0x0000bbfc        0x4 ./ARM_src/Core/protocol/Net/SCP/SCP_msg.o
                0x0000bbfc                SCP_msg_ReserveringChanged__ResvNr
 .text.SCP_msg_ReserveringGetInfo
                0x0000bc00       0x5c ./ARM_src/Core/protocol/Net/SCP/SCP_msg.o
                0x0000bc00                SCP_msg_ReserveringGetInfo
 .text.SCP_msg_ReserveringSetInfo
                0x0000bc5c       0x5c ./ARM_src/Core/protocol/Net/SCP/SCP_msg.o
                0x0000bc5c                SCP_msg_ReserveringSetInfo
 .text.SCP_msg_ReserveringSetInfo__var
                0x0000bcb8        0x4 ./ARM_src/Core/protocol/Net/SCP/SCP_msg.o
                0x0000bcb8                SCP_msg_ReserveringSetInfo__var
 .text.SCP_msg_Machine_started
                0x0000bcbc       0x40 ./ARM_src/Core/protocol/Net/SCP/SCP_msg.o
                0x0000bcbc                SCP_msg_Machine_started
 .text.SCP_msg_Machine_stoped
                0x0000bcfc       0x3c ./ARM_src/Core/protocol/Net/SCP/SCP_msg.o
                0x0000bcfc                SCP_msg_Machine_stoped
 .text.SCP_msg_Alert
                0x0000bd38       0x40 ./ARM_src/Core/protocol/Net/SCP/SCP_msg.o
                0x0000bd38                SCP_msg_Alert
 .text.SCP_msg_var_int_send
                0x0000bd78       0x48 ./ARM_src/Core/protocol/Net/SCP/SCP_msg.o
                0x0000bd78                SCP_msg_var_int_send
 .text.SCP_msg_var_int__varname
                0x0000bdc0        0x4 ./ARM_src/Core/protocol/Net/SCP/SCP_msg.o
                0x0000bdc0                SCP_msg_var_int__varname
 .text.SCP_msg_var_int_send__value
                0x0000bdc4       0x24 ./ARM_src/Core/protocol/Net/SCP/SCP_msg.o
                0x0000bdc4                SCP_msg_var_int_send__value
 .text.AMS_init
                0x0000bde8       0x4c ./ARM_src/Core/protocol/Net/AMS/AMS.o
                0x0000bde8                AMS_init
 .text.AMS_send_command
                0x0000be34       0x90 ./ARM_src/Core/protocol/Net/AMS/AMS.o
                0x0000be34                AMS_send_command
 .text.AMS_set_interval_timer
                0x0000bec4       0xa4 ./ARM_src/Core/protocol/Net/AMS/AMS.o
                0x0000bec4                AMS_set_interval_timer
 .text.AMS_Encrypt
                0x0000bf68       0xd4 ./ARM_src/Core/protocol/Net/AMS/AMS.o
                0x0000bf68                AMS_Encrypt
 .text.AMS_packet_to_data
                0x0000c03c      0x140 ./ARM_src/Core/protocol/Net/AMS/AMS.o
                0x0000c03c                AMS_packet_to_data
 .text.AMS_send_data
                0x0000c17c       0x48 ./ARM_src/Core/protocol/Net/AMS/AMS.o
                0x0000c17c                AMS_send_data
 .text.AMS_Decrypt
                0x0000c1c4       0x88 ./ARM_src/Core/protocol/Net/AMS/AMS.o
                0x0000c1c4                AMS_Decrypt
 .text.AMS_parse_header
                0x0000c24c       0xc0 ./ARM_src/Core/protocol/Net/AMS/AMS.o
                0x0000c24c                AMS_parse_header
 .text.AMS_remove_backup_bin
                0x0000c30c       0x1c ./ARM_src/Core/protocol/Net/AMS/AMS.o
                0x0000c30c                AMS_remove_backup_bin
 .text.process_thread_AMS_process
                0x0000c328      0x1f8 ./ARM_src/Core/protocol/Net/AMS/AMS.o
 .text.AMS_Calc_file_crc
                0x0000c520       0x94 ./ARM_src/Core/protocol/Net/AMS/AMS.o
                0x0000c520                AMS_Calc_file_crc
 .text.AMS_data_check
                0x0000c5b4      0x1dc ./ARM_src/Core/protocol/Net/AMS/AMS.o
                0x0000c5b4                AMS_data_check
 .text.AMS_data_openfile
                0x0000c790       0xac ./ARM_src/Core/protocol/Net/AMS/AMS.o
                0x0000c790                AMS_data_openfile
 .text.AMS_data_send
                0x0000c83c      0x128 ./ARM_src/Core/protocol/Net/AMS/AMS.o
                0x0000c83c                AMS_data_send
 .text.AMS_data_receive
                0x0000c964       0xc0 ./ARM_src/Core/protocol/Net/AMS/AMS.o
                0x0000c964                AMS_data_receive
 .text.process_thread_AMS_data_process
                0x0000ca24      0x164 ./ARM_src/Core/protocol/Net/AMS/AMS.o
 .text.AMS_add_string
                0x0000cb88       0x24 ./ARM_src/Core/protocol/Net/AMS/AMS_command.o
                0x0000cb88                AMS_add_string
 .text.AMS_add_int
                0x0000cbac       0x1c ./ARM_src/Core/protocol/Net/AMS/AMS_command.o
                0x0000cbac                AMS_add_int
 .text.AMS_error_msg
                0x0000cbc8       0x7c ./ARM_src/Core/protocol/Net/AMS/AMS_command.o
                0x0000cbc8                AMS_error_msg
 .text.AMS_file_error_msg
                0x0000cc44       0x64 ./ARM_src/Core/protocol/Net/AMS/AMS_command.o
                0x0000cc44                AMS_file_error_msg
 .text.AMS_connect_msg
                0x0000cca8       0x50 ./ARM_src/Core/protocol/Net/AMS/AMS_command.o
                0x0000cca8                AMS_connect_msg
 .text.AMS_servicepin_msg
                0x0000ccf8       0x54 ./ARM_src/Core/protocol/Net/AMS/AMS_command.o
                0x0000ccf8                AMS_servicepin_msg
 .text.AMS_Firmware_info_msg
                0x0000cd4c       0x9c ./ARM_src/Core/protocol/Net/AMS/AMS_command.o
                0x0000cd4c                AMS_Firmware_info_msg
 .text.AMS_FileShare_data_done_msg
                0x0000cde8       0x64 ./ARM_src/Core/protocol/Net/AMS/AMS_command.o
                0x0000cde8                AMS_FileShare_data_done_msg
 .text.AMS_Ethernet_ip_info_msg
                0x0000ce4c       0x68 ./ARM_src/Core/protocol/Net/AMS/AMS_command.o
                0x0000ce4c                AMS_Ethernet_ip_info_msg
 .text.AMS_Ethernet_mac_info_msg
                0x0000ceb4       0x78 ./ARM_src/Core/protocol/Net/AMS/AMS_command.o
                0x0000ceb4                AMS_Ethernet_mac_info_msg
 .text.AMS_Ethernet_netmask_info_msg
                0x0000cf2c       0x68 ./ARM_src/Core/protocol/Net/AMS/AMS_command.o
                0x0000cf2c                AMS_Ethernet_netmask_info_msg
 .text.AMS_Ethernet_def_gateway_info_msg
                0x0000cf94       0x68 ./ARM_src/Core/protocol/Net/AMS/AMS_command.o
                0x0000cf94                AMS_Ethernet_def_gateway_info_msg
 .text.AMS_Ethernet_dns_info_msg
                0x0000cffc       0x68 ./ARM_src/Core/protocol/Net/AMS/AMS_command.o
                0x0000cffc                AMS_Ethernet_dns_info_msg
 .text.AMS_Ethernet_dhcp_info_msg
                0x0000d064       0x50 ./ARM_src/Core/protocol/Net/AMS/AMS_command.o
                0x0000d064                AMS_Ethernet_dhcp_info_msg
 .text.AMS_SCP_info_msg
                0x0000d0b4       0x6c ./ARM_src/Core/protocol/Net/AMS/AMS_command.o
                0x0000d0b4                AMS_SCP_info_msg
 .text.AMS_Time_info_msg
                0x0000d120       0x74 ./ARM_src/Core/protocol/Net/AMS/AMS_command.o
                0x0000d120                AMS_Time_info_msg
 .text.AMS_firmware_info
                0x0000d194       0x28 ./ARM_src/Core/protocol/Net/AMS/AMS_command.o
                0x0000d194                AMS_firmware_info
 .text.AMS_reset_dev
                0x0000d1bc       0x38 ./ARM_src/Core/protocol/Net/AMS/AMS_command.o
                0x0000d1bc                AMS_reset_dev
 .text.AMS_FileShare
                0x0000d1f4       0xc8 ./ARM_src/Core/protocol/Net/AMS/AMS_command.o
                0x0000d1f4                AMS_FileShare
 .text.AMS_ethernet_info
                0x0000d2bc       0x60 ./ARM_src/Core/protocol/Net/AMS/AMS_command.o
                0x0000d2bc                AMS_ethernet_info
 .text.AMS_SCP_info
                0x0000d31c       0x28 ./ARM_src/Core/protocol/Net/AMS/AMS_command.o
                0x0000d31c                AMS_SCP_info
 .text.AMS_Time_info
                0x0000d344       0x28 ./ARM_src/Core/protocol/Net/AMS/AMS_command.o
                0x0000d344                AMS_Time_info
 .text.AMS_execute_command
                0x0000d36c       0x6c ./ARM_src/Core/protocol/Net/AMS/AMS_command.o
                0x0000d36c                AMS_execute_command
 .text.buf_setup
                0x0000d3d8        0x8 ./ARM_src/Core/protocol/Net/psock.o
 .text.buf_bufdata
                0x0000d3e0       0x88 ./ARM_src/Core/protocol/Net/psock.o
 .text.psock_generator_send
                0x0000d468       0x8c ./ARM_src/Core/protocol/Net/psock.o
                0x0000d468                psock_generator_send
 .text.psock_datalen
                0x0000d4f4        0xc ./ARM_src/Core/protocol/Net/psock.o
                0x0000d4f4                psock_datalen
 .text.psock_newdata
                0x0000d500       0x30 ./ARM_src/Core/protocol/Net/psock.o
                0x0000d500                psock_newdata
 .text.psock_readbuf_len
                0x0000d530       0x84 ./ARM_src/Core/protocol/Net/psock.o
                0x0000d530                psock_readbuf_len
 .text.psock_init
                0x0000d5b4       0x20 ./ARM_src/Core/protocol/Net/psock.o
                0x0000d5b4                psock_init
 .text.start_periodic_tcp_timer
                0x0000d5d4       0x18 ./ARM_src/Core/protocol/Net/tcpip.o
 .text.check_for_tcp_syn
                0x0000d5ec       0x20 ./ARM_src/Core/protocol/Net/tcpip.o
 .text.tcpip_output
                0x0000d60c       0x14 ./ARM_src/Core/protocol/Net/tcpip.o
                0x0000d60c                tcpip_output
 .text.packet_input
                0x0000d620       0x24 ./ARM_src/Core/protocol/Net/tcpip.o
 .text.eventhandler
                0x0000d644      0x138 ./ARM_src/Core/protocol/Net/tcpip.o
 .text.process_thread_tcpip_process
                0x0000d77c       0x8c ./ARM_src/Core/protocol/Net/tcpip.o
 .text.tcpip_set_outputfunc
                0x0000d808        0xc ./ARM_src/Core/protocol/Net/tcpip.o
                0x0000d808                tcpip_set_outputfunc
 .text.tcp_listen
                0x0000d814       0x3c ./ARM_src/Core/protocol/Net/tcpip.o
                0x0000d814                tcp_listen
 .text.tcp_attach
                0x0000d850       0x10 ./ARM_src/Core/protocol/Net/tcpip.o
                0x0000d850                tcp_attach
 .text.udp_new  0x0000d860       0x1c ./ARM_src/Core/protocol/Net/tcpip.o
                0x0000d860                udp_new
 .text.tcpip_poll_udp
                0x0000d87c       0x14 ./ARM_src/Core/protocol/Net/tcpip.o
                0x0000d87c                tcpip_poll_udp
 .text.tcpip_poll_tcp
                0x0000d890       0x14 ./ARM_src/Core/protocol/Net/tcpip.o
                0x0000d890                tcpip_poll_tcp
 .text.tcp_connect
                0x0000d8a4       0x24 ./ARM_src/Core/protocol/Net/tcpip.o
                0x0000d8a4                tcp_connect
 .text.tcpip_uipcall
                0x0000d8c8       0x78 ./ARM_src/Core/protocol/Net/tcpip.o
                0x0000d8c8                tcpip_uipcall
 .text.uip_udp_packet_send
                0x0000d940       0x48 ./ARM_src/Core/protocol/Net/uip-udp-packet.o
                0x0000d940                uip_udp_packet_send
 .text.uip_udp_packet_sendto
                0x0000d988       0x2c ./ARM_src/Core/protocol/Net/uip-udp-packet.o
                0x0000d988                uip_udp_packet_sendto
 .text.chksum   0x0000d9b4       0x3c ./ARM_src/Core/protocol/Net/uip.o
 .text.uip_add32
                0x0000d9f0       0x5c ./ARM_src/Core/protocol/Net/uip.o
                0x0000d9f0                uip_add32
 .text.uip_add_rcv_nxt
                0x0000da4c       0x2c ./ARM_src/Core/protocol/Net/uip.o
 .text.uip_init
                0x0000da78       0x84 ./ARM_src/Core/protocol/Net/uip.o
                0x0000da78                uip_init
 .text.uip_unlisten
                0x0000dafc       0x38 ./ARM_src/Core/protocol/Net/uip.o
                0x0000dafc                uip_unlisten
 .text.uip_listen
                0x0000db34       0x34 ./ARM_src/Core/protocol/Net/uip.o
                0x0000db34                uip_listen
 .text.uip_htons
                0x0000db68        0xc ./ARM_src/Core/protocol/Net/uip.o
                0x0000db68                uip_htons
 .text.uip_ipchksum
                0x0000db74       0x20 ./ARM_src/Core/protocol/Net/uip.o
                0x0000db74                uip_ipchksum
 .text.upper_layer_chksum
                0x0000db94       0x3c ./ARM_src/Core/protocol/Net/uip.o
 .text.uip_tcpchksum
                0x0000dbd0        0xc ./ARM_src/Core/protocol/Net/uip.o
                0x0000dbd0                uip_tcpchksum
 .text.uip_udpchksum
                0x0000dbdc        0xc ./ARM_src/Core/protocol/Net/uip.o
                0x0000dbdc                uip_udpchksum
 .text.uip_process
                0x0000dbe8      0xd2c ./ARM_src/Core/protocol/Net/uip.o
                0x0000dbe8                uip_process
 .text.uip_connect
                0x0000e914      0x100 ./ARM_src/Core/protocol/Net/uip.o
                0x0000e914                uip_connect
 .text.uip_udp_new
                0x0000ea14       0xc8 ./ARM_src/Core/protocol/Net/uip.o
                0x0000ea14                uip_udp_new
 .text.uip_htonl
                0x0000eadc       0x18 ./ARM_src/Core/protocol/Net/uip.o
                0x0000eadc                uip_htonl
 .text.uip_send
                0x0000eaf4       0x34 ./ARM_src/Core/protocol/Net/uip.o
                0x0000eaf4                uip_send
 .text.uip_arp_update
                0x0000eb28      0x128 ./ARM_src/Core/protocol/Net/uip_arp.o
 .text.uip_arp_timer
                0x0000ec50       0x64 ./ARM_src/Core/protocol/Net/uip_arp.o
                0x0000ec50                uip_arp_timer
 .text.uip_arp_arpin
                0x0000ecb4       0xe8 ./ARM_src/Core/protocol/Net/uip_arp.o
                0x0000ecb4                uip_arp_arpin
 .text.uip_arp_out
                0x0000ed9c      0x170 ./ARM_src/Core/protocol/Net/uip_arp.o
                0x0000ed9c                uip_arp_out
 .text.uiplib_ip4addrconv
                0x0000ef0c       0x74 ./ARM_src/Core/protocol/Net/uiplib.o
                0x0000ef0c                uiplib_ip4addrconv
 .text.disk_status
                0x0000ef80       0x10 ./ARM_src/Core/protocol/FAT/diskio.o
                0x0000ef80                disk_status
 .text.disk_initialize
                0x0000ef90       0x10 ./ARM_src/Core/protocol/FAT/diskio.o
                0x0000ef90                disk_initialize
 .text.disk_read
                0x0000efa0       0x18 ./ARM_src/Core/protocol/FAT/diskio.o
                0x0000efa0                disk_read
 .text.disk_write
                0x0000efb8       0x18 ./ARM_src/Core/protocol/FAT/diskio.o
                0x0000efb8                disk_write
 .text.disk_ioctl
                0x0000efd0        0xc ./ARM_src/Core/protocol/FAT/diskio.o
                0x0000efd0                disk_ioctl
 .text.get_fattime
                0x0000efdc       0x34 ./ARM_src/Core/protocol/FAT/fattime.o
                0x0000efdc                get_fattime
 .text.ld_word  0x0000f010        0xc ./ARM_src/Core/protocol/FAT/ff.o
 .text.ld_dword
                0x0000f01c       0x18 ./ARM_src/Core/protocol/FAT/ff.o
 .text.st_word  0x0000f034        0x8 ./ARM_src/Core/protocol/FAT/ff.o
 .text.st_dword
                0x0000f03c       0x14 ./ARM_src/Core/protocol/FAT/ff.o
 .text.mem_cpy  0x0000f050       0x14 ./ARM_src/Core/protocol/FAT/ff.o
 .text.mem_set  0x0000f064        0xc ./ARM_src/Core/protocol/FAT/ff.o
 .text.mem_cmp  0x0000f070       0x20 ./ARM_src/Core/protocol/FAT/ff.o
 .text.chk_chr  0x0000f090       0x10 ./ARM_src/Core/protocol/FAT/ff.o
 .text.dbc_1st  0x0000f0a0        0x4 ./ARM_src/Core/protocol/FAT/ff.o
 .text.dbc_2nd  0x0000f0a4        0x4 ./ARM_src/Core/protocol/FAT/ff.o
 .text.clst2sect
                0x0000f0a8       0x18 ./ARM_src/Core/protocol/FAT/ff.o
 .text.ld_clust
                0x0000f0c0       0x24 ./ARM_src/Core/protocol/FAT/ff.o
 .text.st_clust
                0x0000f0e4       0x24 ./ARM_src/Core/protocol/FAT/ff.o
 .text.pick_lfn
                0x0000f108       0x90 ./ARM_src/Core/protocol/FAT/ff.o
 .text.put_lfn  0x0000f198       0x74 ./ARM_src/Core/protocol/FAT/ff.o
 .text.gen_numname
                0x0000f20c       0xb4 ./ARM_src/Core/protocol/FAT/ff.o
 .text.sum_sfn  0x0000f2c0       0x1c ./ARM_src/Core/protocol/FAT/ff.o
 .text.get_ldnumber
                0x0000f2dc       0xb0 ./ARM_src/Core/protocol/FAT/ff.o
 .text.putc_init
                0x0000f38c       0x14 ./ARM_src/Core/protocol/FAT/ff.o
 .text.validate
                0x0000f3a0       0x48 ./ARM_src/Core/protocol/FAT/ff.o
 .text.sync_window
                0x0000f3e8       0x50 ./ARM_src/Core/protocol/FAT/ff.o
 .text.move_window
                0x0000f438       0x34 ./ARM_src/Core/protocol/FAT/ff.o
 .text.check_fs
                0x0000f46c       0x70 ./ARM_src/Core/protocol/FAT/ff.o
 .text.find_volume
                0x0000f4dc      0x2ec ./ARM_src/Core/protocol/FAT/ff.o
 .text.put_fat  0x0000f7c8      0x10c ./ARM_src/Core/protocol/FAT/ff.o
 .text.get_fat  0x0000f8d4       0xd0 ./ARM_src/Core/protocol/FAT/ff.o
 .text.dir_sdi  0x0000f9a4       0xb0 ./ARM_src/Core/protocol/FAT/ff.o
 .text.create_chain
                0x0000fa54      0x114 ./ARM_src/Core/protocol/FAT/ff.o
 .text.remove_chain
                0x0000fb68       0x94 ./ARM_src/Core/protocol/FAT/ff.o
 .text.dir_clear
                0x0000fbfc       0xbc ./ARM_src/Core/protocol/FAT/ff.o
 .text.dir_next
                0x0000fcb8       0xd8 ./ARM_src/Core/protocol/FAT/ff.o
 .text.dir_alloc
                0x0000fd90       0x54 ./ARM_src/Core/protocol/FAT/ff.o
 .text.dir_read
                0x0000fde4       0xcc ./ARM_src/Core/protocol/FAT/ff.o
 .text.dir_remove
                0x0000feb0       0x5c ./ARM_src/Core/protocol/FAT/ff.o
 .text.tchar2uni
                0x0000ff0c       0x48 ./ARM_src/Core/protocol/FAT/ff.o
 .text.create_name
                0x0000ff54      0x260 ./ARM_src/Core/protocol/FAT/ff.o
 .text.cmp_lfn  0x000101b4       0xb0 ./ARM_src/Core/protocol/FAT/ff.o
 .text.dir_find
                0x00010264       0xf0 ./ARM_src/Core/protocol/FAT/ff.o
 .text.follow_path
                0x00010354       0x8c ./ARM_src/Core/protocol/FAT/ff.o
 .text.dir_register
                0x000103e0      0x138 ./ARM_src/Core/protocol/FAT/ff.o
 .text.sync_fs  0x00010518       0x8c ./ARM_src/Core/protocol/FAT/ff.o
 .text.f_mount  0x000105a4       0x50 ./ARM_src/Core/protocol/FAT/ff.o
                0x000105a4                f_mount
 .text.f_open   0x000105f4      0x1f0 ./ARM_src/Core/protocol/FAT/ff.o
                0x000105f4                f_open
 .text.f_read   0x000107e4      0x178 ./ARM_src/Core/protocol/FAT/ff.o
                0x000107e4                f_read
 .text.f_write  0x0001095c      0x1b0 ./ARM_src/Core/protocol/FAT/ff.o
                0x0001095c                f_write
 .text.putc_bfd
                0x00010b0c       0x40 ./ARM_src/Core/protocol/FAT/ff.o
 .text.putc_flush
                0x00010b4c       0x3c ./ARM_src/Core/protocol/FAT/ff.o
 .text.f_sync   0x00010b88       0xa0 ./ARM_src/Core/protocol/FAT/ff.o
                0x00010b88                f_sync
 .text.f_close  0x00010c28       0x24 ./ARM_src/Core/protocol/FAT/ff.o
                0x00010c28                f_close
 .text.f_lseek  0x00010c4c      0x164 ./ARM_src/Core/protocol/FAT/ff.o
                0x00010c4c                f_lseek
 .text.f_truncate
                0x00010db0       0xac ./ARM_src/Core/protocol/FAT/ff.o
                0x00010db0                f_truncate
 .text.f_unlink
                0x00010e5c       0xcc ./ARM_src/Core/protocol/FAT/ff.o
                0x00010e5c                f_unlink
 .text.f_rename
                0x00010f28      0x13c ./ARM_src/Core/protocol/FAT/ff.o
                0x00010f28                f_rename
 .text.f_gets   0x00011064       0x50 ./ARM_src/Core/protocol/FAT/ff.o
                0x00011064                f_gets
 .text.f_puts   0x000110b4       0x28 ./ARM_src/Core/protocol/FAT/ff.o
                0x000110b4                f_puts
 .text.f_printf
                0x000110dc      0x260 ./ARM_src/Core/protocol/FAT/ff.o
                0x000110dc                f_printf
 .text.ff_memalloc
                0x0001133c        0x8 ./ARM_src/Core/protocol/FAT/ffsystem.o
                0x0001133c                ff_memalloc
 .text.ff_memfree
                0x00011344        0x8 ./ARM_src/Core/protocol/FAT/ffsystem.o
                0x00011344                ff_memfree
 .text.ff_uni2oem
                0x0001134c       0x40 ./ARM_src/Core/protocol/FAT/ffunicode.o
                0x0001134c                ff_uni2oem
 .text.ff_oem2uni
                0x0001138c       0x2c ./ARM_src/Core/protocol/FAT/ffunicode.o
                0x0001138c                ff_oem2uni
 .text.ff_wtoupper
                0x000113b8       0xa0 ./ARM_src/Core/protocol/FAT/ffunicode.o
                0x000113b8                ff_wtoupper
 .text.socket_power_on
                0x00011458        0xc ./ARM_src/Core/protocol/FAT/sdcard.o
 .text.socket_power_off
                0x00011464        0xc ./ARM_src/Core/protocol/FAT/sdcard.o
 .text.wait_ready
                0x00011470       0x48 ./ARM_src/Core/protocol/FAT/sdcard.o
 .text.rcvr_datablock
                0x000114b8       0xc4 ./ARM_src/Core/protocol/FAT/sdcard.o
 .text.xmit_datablock
                0x0001157c       0xcc ./ARM_src/Core/protocol/FAT/sdcard.o
 .text.spi_init
                0x00011648       0xac ./ARM_src/Core/protocol/FAT/sdcard.o
 .text.release_spi
                0x000116f4       0x24 ./ARM_src/Core/protocol/FAT/sdcard.o
 .text.send_cmd
                0x00011718       0xf8 ./ARM_src/Core/protocol/FAT/sdcard.o
 .text.spi_set_speed
                0x00011810       0x24 ./ARM_src/Core/protocol/FAT/sdcard.o
 .text.power_on
                0x00011834       0x1c ./ARM_src/Core/protocol/FAT/sdcard.o
 .text.spi_close
                0x00011850       0x64 ./ARM_src/Core/protocol/FAT/sdcard.o
                0x00011850                spi_close
 .text.power_off
                0x000118b4       0x34 ./ARM_src/Core/protocol/FAT/sdcard.o
 .text.MMC_disk_initialize
                0x000118e8      0x188 ./ARM_src/Core/protocol/FAT/sdcard.o
                0x000118e8                MMC_disk_initialize
 .text.MMC_disk_status
                0x00011a70        0xc ./ARM_src/Core/protocol/FAT/sdcard.o
                0x00011a70                MMC_disk_status
 .text.MMC_disk_read
                0x00011a7c       0x98 ./ARM_src/Core/protocol/FAT/sdcard.o
                0x00011a7c                MMC_disk_read
 .text.MMC_disk_write
                0x00011b14       0xb4 ./ARM_src/Core/protocol/FAT/sdcard.o
                0x00011b14                MMC_disk_write
 .text.MMC_disk_timerproc
                0x00011bc8       0x4c ./ARM_src/Core/protocol/FAT/sdcard.o
                0x00011bc8                MMC_disk_timerproc
 .text.straight_16
                0x00011c14        0x4 ./ARM_src/Core/protocol/Checksum/crc16/crc16_CCITT.o
                0x00011c14                straight_16
 .text.straight_8
                0x00011c18        0x4 ./ARM_src/Core/protocol/Checksum/crc16/crc16_CCITT.o
                0x00011c18                straight_8
 .text.crc16    0x00011c1c       0x58 ./ARM_src/Core/protocol/Checksum/crc16/crc16_CCITT.o
                0x00011c1c                crc16
 .text.crc16ccitt_xmodem_remainder
                0x00011c74       0x24 ./ARM_src/Core/protocol/Checksum/crc16/crc16_CCITT.o
                0x00011c74                crc16ccitt_xmodem_remainder
 .text.explode  0x00011c98       0x98 ./ARM_src/Core/Util/array.o
                0x00011c98                explode
 .text.get_build_date
                0x00011d30       0x9c ./ARM_src/Core/Util/build_defs.o
                0x00011d30                get_build_date
 .text.get_build_date_number
                0x00011dcc       0x28 ./ARM_src/Core/Util/build_defs.o
                0x00011dcc                get_build_date_number
 .text.get_build_time_number
                0x00011df4       0x1c ./ARM_src/Core/Util/build_defs.o
                0x00011df4                get_build_time_number
 .text.process_thread_ctimer_process
                0x00011e10       0xa0 ./ARM_src/Core/Timer/ctimer.o
 .text.ctimer_init
                0x00011eb0       0x24 ./ARM_src/Core/Timer/ctimer.o
                0x00011eb0                ctimer_init
 .text.update_time
                0x00011ed4       0x48 ./ARM_src/Core/Timer/etimer.o
 .text.etimer_request_poll
                0x00011f1c       0x10 ./ARM_src/Core/Timer/etimer.o
                0x00011f1c                etimer_request_poll
 .text.process_thread_etimer_process
                0x00011f2c       0xcc ./ARM_src/Core/Timer/etimer.o
 .text.add_timer
                0x00011ff8       0x40 ./ARM_src/Core/Timer/etimer.o
 .text.etimer_set
                0x00012038       0x10 ./ARM_src/Core/Timer/etimer.o
                0x00012038                etimer_set
 .text.etimer_restart
                0x00012048       0x10 ./ARM_src/Core/Timer/etimer.o
                0x00012048                etimer_restart
 .text.etimer_expired
                0x00012058        0xc ./ARM_src/Core/Timer/etimer.o
                0x00012058                etimer_expired
 .text.etimer_pending
                0x00012064       0x10 ./ARM_src/Core/Timer/etimer.o
                0x00012064                etimer_pending
 .text.etimer_next_expiration_time
                0x00012074       0x18 ./ARM_src/Core/Timer/etimer.o
                0x00012074                etimer_next_expiration_time
 .text.timer_set
                0x0001208c       0x10 ./ARM_src/Core/Timer/timer.o
                0x0001208c                timer_set
 .text.timer_restart
                0x0001209c        0xc ./ARM_src/Core/Timer/timer.o
                0x0001209c                timer_restart
 .text.timer_expired
                0x000120a8       0x1c ./ARM_src/Core/Timer/timer.o
                0x000120a8                timer_expired
 .text.process_alloc_event
                0x000120c4       0x10 ./ARM_src/Core/Process/process.o
                0x000120c4                process_alloc_event
 .text.process_init
                0x000120d4       0x30 ./ARM_src/Core/Process/process.o
                0x000120d4                process_init
 .text.process_post
                0x00012104       0x7c ./ARM_src/Core/Process/process.o
                0x00012104                process_post
 .text.process_poll
                0x00012180       0x1c ./ARM_src/Core/Process/process.o
                0x00012180                process_poll
 .text.process_is_running
                0x0001219c        0xc ./ARM_src/Core/Process/process.o
                0x0001219c                process_is_running
 .text.exit_process
                0x000121a8       0x90 ./ARM_src/Core/Process/process.o
 .text.call_process
                0x00012238       0x40 ./ARM_src/Core/Process/process.o
                0x00012238                call_process
 .text.do_poll  0x00012278       0x38 ./ARM_src/Core/Process/process.o
 .text.do_event
                0x000122b0       0xa4 ./ARM_src/Core/Process/process.o
 .text.do_call  0x00012354       0x3c ./ARM_src/Core/Process/process.o
 .text.process_run
                0x00012390       0x2c ./ARM_src/Core/Process/process.o
                0x00012390                process_run
 .text.process_post_synch
                0x000123bc       0x14 ./ARM_src/Core/Process/process.o
                0x000123bc                process_post_synch
 .text.process_start
                0x000123d0       0x34 ./ARM_src/Core/Process/process.o
                0x000123d0                process_start
 .text.process_exit
                0x00012404       0x10 ./ARM_src/Core/Process/process.o
                0x00012404                process_exit
 .text.process_add_poll_event
                0x00012414       0x14 ./ARM_src/Core/Process/process.o
                0x00012414                process_add_poll_event
 .text.ini_getipaddr
                0x00012428       0x28 ./ARM_src/Core/Peripherals/Net_Dev_Init.o
                0x00012428                ini_getipaddr
 .text.ini_resolv_ipaddr
                0x00012450       0x5c ./ARM_src/Core/Peripherals/Net_Dev_Init.o
                0x00012450                ini_resolv_ipaddr
 .text.get_resolv_ipaddr
                0x000124ac       0x4c ./ARM_src/Core/Peripherals/Net_Dev_Init.o
                0x000124ac                get_resolv_ipaddr
 .text.ini_getmacaddr
                0x000124f8       0x58 ./ARM_src/Core/Peripherals/Net_Dev_Init.o
                0x000124f8                ini_getmacaddr
 .text.Config_ini_load
                0x00012550      0x1d8 ./ARM_src/Core/Peripherals/Net_Dev_Init.o
                0x00012550                Config_ini_load
 .text.Net_Dev_init
                0x00012728      0x118 ./ARM_src/Core/Peripherals/Net_Dev_Init.o
                0x00012728                Net_Dev_init
 .text.UART_Handler
                0x00012840       0x38 ./ARM_src/Core/Peripherals/UART_Dev_Init.o
                0x00012840                UART_Handler
 .text.UART1_IRQHandler
                0x00012878       0x10 ./ARM_src/Core/Peripherals/UART_Dev_Init.o
                0x00012878                UART1_IRQHandler
 .text.UART2_IRQHandler
                0x00012888       0x10 ./ARM_src/Core/Peripherals/UART_Dev_Init.o
                0x00012888                UART2_IRQHandler
 .text.read_serial_number
                0x00012898       0x1c ./ARM_src/Core/Memory/IAP.o
                0x00012898                read_serial_number
 .text.cmem_init
                0x000128b4       0x48 ./ARM_src/Core/Memory/cmem.o
                0x000128b4                cmem_init
 .text.cmem_split_block
                0x000128fc       0x7c ./ARM_src/Core/Memory/cmem.o
                0x000128fc                cmem_split_block
 .text.cmem_merge_block
                0x00012978       0x34 ./ARM_src/Core/Memory/cmem.o
                0x00012978                cmem_merge_block
 .text.cmem_malloc
                0x000129ac       0x94 ./ARM_src/Core/Memory/cmem.o
                0x000129ac                cmem_malloc
 .text.cmem_free
                0x00012a40       0xbc ./ARM_src/Core/Memory/cmem.o
                0x00012a40                cmem_free
 .text.cmem_print
                0x00012afc       0x50 ./ARM_src/Core/Memory/cmem.o
                0x00012afc                cmem_print
 .text.list_init
                0x00012b4c        0x8 ./ARM_src/Core/Memory/list.o
                0x00012b4c                list_init
 .text.list_head
                0x00012b54        0x4 ./ARM_src/Core/Memory/list.o
                0x00012b54                list_head
 .text.list_tail
                0x00012b58       0x14 ./ARM_src/Core/Memory/list.o
                0x00012b58                list_tail
 .text.list_remove
                0x00012b6c       0x28 ./ARM_src/Core/Memory/list.o
                0x00012b6c                list_remove
 .text.list_add
                0x00012b94       0x20 ./ARM_src/Core/Memory/list.o
                0x00012b94                list_add
 .text.list_push
                0x00012bb4       0x14 ./ARM_src/Core/Memory/list.o
                0x00012bb4                list_push
 .text.list_item_next
                0x00012bc8        0xc ./ARM_src/Core/Memory/list.o
                0x00012bc8                list_item_next
 .text.list_item_in_list
                0x00012bd4       0x1c ./ARM_src/Core/Memory/list.o
                0x00012bd4                list_item_in_list
 .text.memb_init
                0x00012bf0       0x20 ./ARM_src/Core/Memory/memb.o
                0x00012bf0                memb_init
 .text.ringbuf_init
                0x00012c10       0x10 ./ARM_src/Core/Memory/ringbuf.o
                0x00012c10                ringbuf_init
 .text.ringbuf_put
                0x00012c20       0x2c ./ARM_src/Core/Memory/ringbuf.o
                0x00012c20                ringbuf_put
 .text.ringbuf_get
                0x00012c4c       0x20 ./ARM_src/Core/Memory/ringbuf.o
                0x00012c4c                ringbuf_get
 .text.skipleading
                0x00012c6c       0x10 ./ARM_src/Core/Extensions/ini/minIni.o
 .text.skiptrailing
                0x00012c7c       0x14 ./ARM_src/Core/Extensions/ini/minIni.o
 .text.save_strncpy
                0x00012c90       0xa4 ./ARM_src/Core/Extensions/ini/minIni.o
 .text.check_enquote
                0x00012d34       0x34 ./ARM_src/Core/Extensions/ini/minIni.o
 .text.strreverse
                0x00012d68       0x20 ./ARM_src/Core/Extensions/ini/minIni.o
 .text.long2str
                0x00012d88       0x58 ./ARM_src/Core/Extensions/ini/minIni.o
 .text.cache_accum
                0x00012de0       0x1c ./ARM_src/Core/Extensions/ini/minIni.o
 .text.striptrailing
                0x00012dfc       0x18 ./ARM_src/Core/Extensions/ini/minIni.o
 .text.cleanstring
                0x00012e14       0x74 ./ARM_src/Core/Extensions/ini/minIni.o
 .text.cache_flush
                0x00012e88       0x78 ./ARM_src/Core/Extensions/ini/minIni.o
 .text.ini_tempname
                0x00012f00       0x1c ./ARM_src/Core/Extensions/ini/minIni.o
 .text.writesection
                0x00012f1c       0x48 ./ARM_src/Core/Extensions/ini/minIni.o
 .text.writekey
                0x00012f64       0x88 ./ARM_src/Core/Extensions/ini/minIni.o
 .text.ini_rename
                0x00012fec       0x24 ./ARM_src/Core/Extensions/ini/minIni.o
 .text.close_rename
                0x00013010       0x30 ./ARM_src/Core/Extensions/ini/minIni.o
 .text.strnicmp
                0x00013040       0x48 ./ARM_src/Core/Extensions/ini/minIni.o
                0x00013040                strnicmp
 .text.getkeystring
                0x00013088      0x17c ./ARM_src/Core/Extensions/ini/minIni.o
 .text.ini_getsection
                0x00013204       0x64 ./ARM_src/Core/Extensions/ini/minIni.o
                0x00013204                ini_getsection
 .text.ini_puts
                0x00013268      0x428 ./ARM_src/Core/Extensions/ini/minIni.o
                0x00013268                ini_puts
 .text.ini_gets
                0x00013690       0xa4 ./ARM_src/Core/Extensions/ini/minIni.o
                0x00013690                ini_gets
 .text.ini_getl
                0x00013734       0x60 ./ARM_src/Core/Extensions/ini/minIni.o
                0x00013734                ini_getl
 .text.ini_getbool
                0x00013794       0x64 ./ARM_src/Core/Extensions/ini/minIni.o
                0x00013794                ini_getbool
 .text.ini_putl
                0x000137f8       0x28 ./ARM_src/Core/Extensions/ini/minIni.o
                0x000137f8                ini_putl
 .text.__sys_write
                0x00013820       0x10 ./ARM_src/Core/Debug/Debug_Terminal.o
                0x00013820                __sys_write
 .text.log_error
                0x00013830       0xe4 ./ARM_src/Core/Debug/Debug_Terminal.o
                0x00013830                log_error
 .text.error_check_init
                0x00013914       0x10 ./ARM_src/Core/Debug/Error_check.o
                0x00013914                error_check_init
 .text.error_check_add
                0x00013924       0x54 ./ARM_src/Core/Debug/Error_check.o
                0x00013924                error_check_add
 .text.error_check_enum_mask
                0x00013978       0x18 ./ARM_src/Core/Debug/Error_check.o
                0x00013978                error_check_enum_mask
 .text.error_check_get_error_prio
                0x00013990       0x30 ./ARM_src/Core/Debug/Error_check.o
                0x00013990                error_check_get_error_prio
 .text.error_check_enum_error_present
                0x000139c0       0x18 ./ARM_src/Core/Debug/Error_check.o
                0x000139c0                error_check_enum_error_present
 .text.error_check_lookup_next_error
                0x000139d8       0x68 ./ARM_src/Core/Debug/Error_check.o
                0x000139d8                error_check_lookup_next_error
 .text.error_check_lookup_next_error_change
                0x00013a40       0xb0 ./ARM_src/Core/Debug/Error_check.o
                0x00013a40                error_check_lookup_next_error_change
 .text.process_thread_Error_check_process
                0x00013af0      0x11c ./ARM_src/Core/Debug/Error_check.o
 .text.error_check_no_errors
                0x00013c0c       0x30 ./ARM_src/Core/Debug/Error_check.o
                0x00013c0c                error_check_no_errors
 .text.error_check_change_priority
                0x00013c3c       0x28 ./ARM_src/Core/Debug/Error_check.o
                0x00013c3c                error_check_change_priority
 .text.error_check_lower_priority
                0x00013c64       0x4c ./ARM_src/Core/Debug/Error_check.o
                0x00013c64                error_check_lower_priority
 .text.printstackpointer
                0x00013cb0       0x30 ./ARM_src/Core/Debug/Hard_Fault_handler.o
                0x00013cb0                printstackpointer
 .text.hard_fault_handler_c
                0x00013ce0      0x1c0 ./ARM_src/Core/Debug/Hard_Fault_handler.o
                0x00013ce0                hard_fault_handler_c
 .text.HardFault_Handler
                0x00013ea0       0x14 ./ARM_src/Core/Debug/Hard_Fault_handler.o
                0x00013ea0                HardFault_Handler
 .text.Serial_Print_Device_Info
                0x00013eb4       0x80 ./ARM_src/Core/Debug/Print_device_info.o
                0x00013eb4                Serial_Print_Device_Info
 .text.Serial_Terminal_send
                0x00013f34       0x18 ./ARM_src/Core/Debug/Serial_Terminal.o
                0x00013f34                Serial_Terminal_send
 .text.serial_debug_input
                0x00013f4c       0xe8 ./ARM_src/Core/Debug/Serial_Terminal.o
                0x00013f4c                serial_debug_input
 .text.UART3_IRQHandler
                0x00014034       0x30 ./ARM_src/Core/Debug/Serial_Terminal.o
                0x00014034                UART3_IRQHandler
 .text.Serial_Terminal_init
                0x00014064       0xa4 ./ARM_src/Core/Debug/Serial_Terminal.o
                0x00014064                Serial_Terminal_init
 .text.daylight_saving_time
                0x00014108      0x108 ./ARM_src/Core/Clock/Time_functions.o
                0x00014108                daylight_saving_time
 .text.LocalTime
                0x00014210       0x4c ./ARM_src/Core/Clock/Time_functions.o
                0x00014210                LocalTime
 .text.Time_in_periode
                0x0001425c       0x6c ./ARM_src/Core/Clock/Time_functions.o
                0x0001425c                Time_in_periode
 .text.CurTime_in_periode
                0x000142c8       0x98 ./ARM_src/Core/Clock/Time_functions.o
                0x000142c8                CurTime_in_periode
 .text.string_to_time
                0x00014360       0xf8 ./ARM_src/Core/Clock/Time_functions.o
                0x00014360                string_to_time
 .text.SysTick_Handler
                0x00014458       0x50 ./ARM_src/Core/Clock/clock.o
                0x00014458                SysTick_Handler
 .text.clock_init
                0x000144a8       0x18 ./ARM_src/Core/Clock/clock.o
                0x000144a8                clock_init
 .text.clock_time
                0x000144c0        0xc ./ARM_src/Core/Clock/clock.o
                0x000144c0                clock_time
 .text.clock_seconds
                0x000144cc        0xc ./ARM_src/Core/Clock/clock.o
                0x000144cc                clock_seconds
 .text.rtc_cal_config
                0x000144d8       0x68 ./ARM_src/Core/Clock/rtc_cal.o
                0x000144d8                rtc_cal_config
 .text.rtc_cal_settime
                0x00014540       0x4c ./ARM_src/Core/Clock/rtc_cal.o
                0x00014540                rtc_cal_settime
 .text.rtc_cal_init
                0x0001458c       0x28 ./ARM_src/Core/Clock/rtc_cal.o
                0x0001458c                rtc_cal_init
 .text.rtc_cal_gettime
                0x000145b4       0x38 ./ARM_src/Core/Clock/rtc_cal.o
                0x000145b4                rtc_cal_gettime
 .text.Default_init
                0x000145ec       0x80 ./ARM_src/Board/Def_init.o
                0x000145ec                Default_init
 .text.SystemInit
                0x0001466c       0xec D:\ARM\Bootloader_software\CMSISv1p30_LPC17xx\Release\libCMSISv1p30_LPC17xx.a(system_LPC17xx.o)
                0x0001466c                SystemInit
 .text.__main   0x00014758       0x14 c:/nxp/lpcxpresso_7.4.0_229/lpcxpresso/tools/bin/../lib/gcc/arm-none-eabi/4.8.4/../../../../arm-none-eabi/lib/armv7-m\libcr_semihost.a(_cr__main.o)
                0x00014758                __CR_SEMIHOST
                0x00014758                __main
 .text.memcpy   0x0001476c        0x4 c:/nxp/lpcxpresso_7.4.0_229/lpcxpresso/tools/bin/../lib/gcc/arm-none-eabi/4.8.4/../../../../arm-none-eabi/lib/armv7-m\libcr_c.a(memcpy.o)
                0x0001476c                memcpy
 .text.memmove  0x00014770        0x4 c:/nxp/lpcxpresso_7.4.0_229/lpcxpresso/tools/bin/../lib/gcc/arm-none-eabi/4.8.4/../../../../arm-none-eabi/lib/armv7-m\libcr_c.a(memmove.o)
                0x00014770                memmove
 .text.memset   0x00014774        0x4 c:/nxp/lpcxpresso_7.4.0_229/lpcxpresso/tools/bin/../lib/gcc/arm-none-eabi/4.8.4/../../../../arm-none-eabi/lib/armv7-m\libcr_c.a(memset.o)
                0x00014774                memset
 .text.malloc   0x00014778       0xc4 c:/nxp/lpcxpresso_7.4.0_229/lpcxpresso/tools/bin/../lib/gcc/arm-none-eabi/4.8.4/../../../../arm-none-eabi/lib/armv7-m\libcr_c.a(alloc.o)
                0x00014778                malloc
 .text.free     0x0001483c        0xc c:/nxp/lpcxpresso_7.4.0_229/lpcxpresso/tools/bin/../lib/gcc/arm-none-eabi/4.8.4/../../../../arm-none-eabi/lib/armv7-m\libcr_c.a(alloc.o)
                0x0001483c                free
 .text._Csys_alloc
                0x00014848       0x20 c:/nxp/lpcxpresso_7.4.0_229/lpcxpresso/tools/bin/../lib/gcc/arm-none-eabi/4.8.4/../../../../arm-none-eabi/lib/armv7-m\libcr_c.a(alloc.o)
                0x00014848                _Csys_alloc
 .text.toupper  0x00014868       0x14 c:/nxp/lpcxpresso_7.4.0_229/lpcxpresso/tools/bin/../lib/gcc/arm-none-eabi/4.8.4/../../../../arm-none-eabi/lib/armv7-m\libcr_c.a(ctype.o)
                0x00014868                toupper
 .text.floor    0x0001487c       0x90 c:/nxp/lpcxpresso_7.4.0_229/lpcxpresso/tools/bin/../lib/gcc/arm-none-eabi/4.8.4/../../../../arm-none-eabi/lib/armv7-m\libcr_c.a(floor.o)
                0x0001487c                floor
 .text.fp_round
                0x0001490c       0x4e c:/nxp/lpcxpresso_7.4.0_229/lpcxpresso/tools/bin/../lib/gcc/arm-none-eabi/4.8.4/../../../../arm-none-eabi/lib/armv7-m\libcr_c.a(fpprintf.o)
 .text.pr_dec.constprop.1
                0x0001495a       0x26 c:/nxp/lpcxpresso_7.4.0_229/lpcxpresso/tools/bin/../lib/gcc/arm-none-eabi/4.8.4/../../../../arm-none-eabi/lib/armv7-m\libcr_c.a(fpprintf.o)
 .text.sprintf  0x00014980       0x6c c:/nxp/lpcxpresso_7.4.0_229/lpcxpresso/tools/bin/../lib/gcc/arm-none-eabi/4.8.4/../../../../arm-none-eabi/lib/armv7-m\libcr_c.a(fpprintf.o)
                0x00014980                sprintf
 *fill*         0x000149ec        0x4 
 .text.fp_display
                0x000149f0      0x998 c:/nxp/lpcxpresso_7.4.0_229/lpcxpresso/tools/bin/../lib/gcc/arm-none-eabi/4.8.4/../../../../arm-none-eabi/lib/armv7-m\libcr_c.a(fpprintf.o)
 .text.snprintf
                0x00015388       0x68 c:/nxp/lpcxpresso_7.4.0_229/lpcxpresso/tools/bin/../lib/gcc/arm-none-eabi/4.8.4/../../../../arm-none-eabi/lib/armv7-m\libcr_c.a(fpprintf.o)
                0x00015388                snprintf
 .text.vsnprintf
                0x000153f0       0x5c c:/nxp/lpcxpresso_7.4.0_229/lpcxpresso/tools/bin/../lib/gcc/arm-none-eabi/4.8.4/../../../../arm-none-eabi/lib/armv7-m\libcr_c.a(fpprintf.o)
                0x000153f0                vsnprintf
 .text.printf   0x0001544c       0x54 c:/nxp/lpcxpresso_7.4.0_229/lpcxpresso/tools/bin/../lib/gcc/arm-none-eabi/4.8.4/../../../../arm-none-eabi/lib/armv7-m\libcr_c.a(fpprintf.o)
                0x0001544c                printf
 .text._initio  0x000154a0       0xa4 c:/nxp/lpcxpresso_7.4.0_229/lpcxpresso/tools/bin/../lib/gcc/arm-none-eabi/4.8.4/../../../../arm-none-eabi/lib/armv7-m\libcr_c.a(initio.o)
                0x000154a0                _initio
 .text.memchr   0x00015544       0x1e c:/nxp/lpcxpresso_7.4.0_229/lpcxpresso/tools/bin/../lib/gcc/arm-none-eabi/4.8.4/../../../../arm-none-eabi/lib/armv7-m\libcr_c.a(memchr.o)
                0x00015544                memchr
 .text.memcmp   0x00015562       0x44 c:/nxp/lpcxpresso_7.4.0_229/lpcxpresso/tools/bin/../lib/gcc/arm-none-eabi/4.8.4/../../../../arm-none-eabi/lib/armv7-m\libcr_c.a(memcmp.o)
                0x00015562                memcmp
 *fill*         0x000155a6        0x2 
 .text.__vfprintf
                0x000155a8      0xca0 c:/nxp/lpcxpresso_7.4.0_229/lpcxpresso/tools/bin/../lib/gcc/arm-none-eabi/4.8.4/../../../../arm-none-eabi/lib/armv7-m\libcr_c.a(printf.o)
                0x000155a8                __vfprintf
 .text.ch_val   0x00016248       0x30 c:/nxp/lpcxpresso_7.4.0_229/lpcxpresso/tools/bin/../lib/gcc/arm-none-eabi/4.8.4/../../../../arm-none-eabi/lib/armv7-m\libcr_c.a(scanf.o)
 .text._strtoul
                0x00016278       0xc0 c:/nxp/lpcxpresso_7.4.0_229/lpcxpresso/tools/bin/../lib/gcc/arm-none-eabi/4.8.4/../../../../arm-none-eabi/lib/armv7-m\libcr_c.a(scanf.o)
 .text.strtol   0x00016338       0x80 c:/nxp/lpcxpresso_7.4.0_229/lpcxpresso/tools/bin/../lib/gcc/arm-none-eabi/4.8.4/../../../../arm-none-eabi/lib/armv7-m\libcr_c.a(scanf.o)
                0x00016338                strtol
 .text.strtoul  0x000163b8       0x88 c:/nxp/lpcxpresso_7.4.0_229/lpcxpresso/tools/bin/../lib/gcc/arm-none-eabi/4.8.4/../../../../arm-none-eabi/lib/armv7-m\libcr_c.a(scanf.o)
                0x000163b8                strtoul
 .text.atoi     0x00016440       0x18 c:/nxp/lpcxpresso_7.4.0_229/lpcxpresso/tools/bin/../lib/gcc/arm-none-eabi/4.8.4/../../../../arm-none-eabi/lib/armv7-m\libcr_c.a(scanf.o)
                0x00016440                atoi
 .text.setvbuf  0x00016458       0x40 c:/nxp/lpcxpresso_7.4.0_229/lpcxpresso/tools/bin/../lib/gcc/arm-none-eabi/4.8.4/../../../../arm-none-eabi/lib/armv7-m\libcr_c.a(setvbuf.o)
                0x00016458                setvbuf
 .text.rand     0x00016498       0x3c c:/nxp/lpcxpresso_7.4.0_229/lpcxpresso/tools/bin/../lib/gcc/arm-none-eabi/4.8.4/../../../../arm-none-eabi/lib/armv7-m\libcr_c.a(stdlib.o)
                0x00016498                rand
 .text.srand    0x000164d4       0x3c c:/nxp/lpcxpresso_7.4.0_229/lpcxpresso/tools/bin/../lib/gcc/arm-none-eabi/4.8.4/../../../../arm-none-eabi/lib/armv7-m\libcr_c.a(stdlib.o)
                0x000164d4                srand
 .text.abs      0x00016510        0x8 c:/nxp/lpcxpresso_7.4.0_229/lpcxpresso/tools/bin/../lib/gcc/arm-none-eabi/4.8.4/../../../../arm-none-eabi/lib/armv7-m\libcr_c.a(stdlib.o)