Archive member included because of file (symbol)

D:\ARM\Bootloader_software\CMSISv1p30_LPC17xx\Release\libCMSISv1p30_LPC17xx.a(system_LPC17xx.o)
                              ./ARM_src/Core/Memory/IAP.o (SystemCoreClockUpdate)
c:/nxp/lpcxpresso_7.4.0_229/lpcxpresso/tools/bin/../lib/gcc/arm-none-eabi/4.8.4/../../../../arm-none-eabi/lib/armv7-m\libcr_semihost.a(_cr__main.o)
                              ./src/cr_startup_lpc175x_6x.o (__main)
c:/nxp/lpcxpresso_7.4.0_229/lpcxpresso/tools/bin/../lib/gcc/arm-none-eabi/4.8.4/../../../../arm-none-eabi/lib/armv7-m\libcr_c.a(memcpy.o)
                              ./ARM_src/Device/UART/MDB-C21/MDB-ARB-C21-7TUBES.o (memcpy)
c:/nxp/lpcxpresso_7.4.0_229/lpcxpresso/tools/bin/../lib/gcc/arm-none-eabi/4.8.4/../../../../arm-none-eabi/lib/armv7-m\libcr_c.a(memmove.o)
                              ./src/Energy_point.o (memmove)
c:/nxp/lpcxpresso_7.4.0_229/lpcxpresso/tools/bin/../lib/gcc/arm-none-eabi/4.8.4/../../../../arm-none-eabi/lib/armv7-m\libcr_c.a(memset.o)
                              ./src/Screen/SCR_pin.o (memset)
c:/nxp/lpcxpresso_7.4.0_229/lpcxpresso/tools/bin/../lib/gcc/arm-none-eabi/4.8.4/../../../../arm-none-eabi/lib/armv7-m\libcr_c.a(alloc.o)
                              ./ARM_src/Processes/IO_process.o (malloc)
c:/nxp/lpcxpresso_7.4.0_229/lpcxpresso/tools/bin/../lib/gcc/arm-none-eabi/4.8.4/../../../../arm-none-eabi/lib/armv7-m\libcr_c.a(ctype.o)
                              ./ARM_src/Core/Extensions/ini/minIni.o (toupper)
c:/nxp/lpcxpresso_7.4.0_229/lpcxpresso/tools/bin/../lib/gcc/arm-none-eabi/4.8.4/../../../../arm-none-eabi/lib/armv7-m\libcr_c.a(errno.o)
                              ./ARM_src/Core/Extensions/mxml/mxml-file.o (errno)
c:/nxp/lpcxpresso_7.4.0_229/lpcxpresso/tools/bin/../lib/gcc/arm-none-eabi/4.8.4/../../../../arm-none-eabi/lib/armv7-m\libcr_c.a(error_strerror.o)
                              ./ARM_src/Core/Extensions/mxml/mxml-index.o (strerror)
c:/nxp/lpcxpresso_7.4.0_229/lpcxpresso/tools/bin/../lib/gcc/arm-none-eabi/4.8.4/../../../../arm-none-eabi/lib/armv7-m\libcr_c.a(floor.o)
                              ./ARM_src/Core/Clock/Time_functions.o (floor)
c:/nxp/lpcxpresso_7.4.0_229/lpcxpresso/tools/bin/../lib/gcc/arm-none-eabi/4.8.4/../../../../arm-none-eabi/lib/armv7-m\libcr_c.a(fpprintf.o)
                              ./ARM_src/Core/Extensions/mxml/mxml-private.o (fprintf)
c:/nxp/lpcxpresso_7.4.0_229/lpcxpresso/tools/bin/../lib/gcc/arm-none-eabi/4.8.4/../../../../arm-none-eabi/lib/armv7-m\libcr_c.a(initio.o)
                              c:/nxp/lpcxpresso_7.4.0_229/lpcxpresso/tools/bin/../lib/gcc/arm-none-eabi/4.8.4/../../../../arm-none-eabi/lib/armv7-m\libcr_semihost.a(_cr__main.o) (_initio)
c:/nxp/lpcxpresso_7.4.0_229/lpcxpresso/tools/bin/../lib/gcc/arm-none-eabi/4.8.4/../../../../arm-none-eabi/lib/armv7-m\libcr_c.a(memchr.o)
                              ./ARM_src/Device/Net/payter/RTP_msg.o (memchr)
c:/nxp/lpcxpresso_7.4.0_229/lpcxpresso/tools/bin/../lib/gcc/arm-none-eabi/4.8.4/../../../../arm-none-eabi/lib/armv7-m\libcr_c.a(memcmp.o)
                              ./ARM_src/Device/I2C/RFID/RFID.o (memcmp)
c:/nxp/lpcxpresso_7.4.0_229/lpcxpresso/tools/bin/../lib/gcc/arm-none-eabi/4.8.4/../../../../arm-none-eabi/lib/armv7-m\libcr_c.a(printf.o)
                              c:/nxp/lpcxpresso_7.4.0_229/lpcxpresso/tools/bin/../lib/gcc/arm-none-eabi/4.8.4/../../../../arm-none-eabi/lib/armv7-m\libcr_c.a(fpprintf.o) (__vfprintf)
c:/nxp/lpcxpresso_7.4.0_229/lpcxpresso/tools/bin/../lib/gcc/arm-none-eabi/4.8.4/../../../../arm-none-eabi/lib/armv7-m\libcr_c.a(scanf.o)
                              ./ARM_src/Core/Extensions/mxml/mxml-file.o (strtod)
c:/nxp/lpcxpresso_7.4.0_229/lpcxpresso/tools/bin/../lib/gcc/arm-none-eabi/4.8.4/../../../../arm-none-eabi/lib/armv7-m\libcr_c.a(setvbuf.o)
                              c:/nxp/lpcxpresso_7.4.0_229/lpcxpresso/tools/bin/../lib/gcc/arm-none-eabi/4.8.4/../../../../arm-none-eabi/lib/armv7-m\libcr_c.a(initio.o) (setvbuf)
c:/nxp/lpcxpresso_7.4.0_229/lpcxpresso/tools/bin/../lib/gcc/arm-none-eabi/4.8.4/../../../../arm-none-eabi/lib/armv7-m\libcr_c.a(stdio.o)
                              ./ARM_src/Core/Extensions/mxml/mxml-private.o (__Ciob)
c:/nxp/lpcxpresso_7.4.0_229/lpcxpresso/tools/bin/../lib/gcc/arm-none-eabi/4.8.4/../../../../arm-none-eabi/lib/armv7-m\libcr_c.a(stdlib.o)
                              ./ARM_src/Core/protocol/Net/SCP/SCP_Comm.o (rand)
c:/nxp/lpcxpresso_7.4.0_229/lpcxpresso/tools/bin/../lib/gcc/arm-none-eabi/4.8.4/../../../../arm-none-eabi/lib/armv7-m\libcr_c.a(strcat.o)
                              ./ARM_src/Screen/SCR_Text_functions.o (strcat)
c:/nxp/lpcxpresso_7.4.0_229/lpcxpresso/tools/bin/../lib/gcc/arm-none-eabi/4.8.4/../../../../arm-none-eabi/lib/armv7-m\libcr_c.a(strchr.o)
                              ./ARM_src/Device/I2C/Edip_240B/EDIP_240B_Text.o (strchr)
[...]
Memory Configuration

Name             Origin             Length             Attributes
MFlash256        0x00004000         0x0003c000         xr
RamLoc32         0x10000000         0x00008000         xrw
RamAHB32         0x2007c000         0x00008000         xrw
*default*        0x00000000         0xffffffff

Linker script and memory map

LOAD ./src/Screen/SCR_Idle.o
LOAD ./src/Screen/SCR_Language.o
LOAD ./src/Screen/SCR_Overview.o
LOAD ./src/Screen/SCR_Text.o
LOAD ./src/Screen/SCR_pin.o
LOAD ./src/Energy_point.o
LOAD ./src/SCP_handler.o
LOAD ./src/Terminal_functions.o
LOAD ./src/cr_startup_lpc175x_6x.o
LOAD ./src/crp.o
LOAD ./src/main.o
LOAD ./src/version.o
LOAD ./ARM_src/Screen/Transaction/SCR_Reservation.o
LOAD ./ARM_src/Screen/Transaction/SCR_Reservation_availability.o
LOAD ./ARM_src/Screen/Transaction/SCR_Transaction.o
LOAD ./ARM_src/Screen/Transaction/SCR_Transaction_ATM.o
LOAD ./ARM_src/Screen/Transaction/SCR_Transaction_Receipt.o
LOAD ./ARM_src/Screen/Transaction/SCR_Transaction_Reservation.o
LOAD ./ARM_src/Screen/Transaction/SCR_Transaction_init.o
LOAD ./ARM_src/Screen/Transaction/SCR_Transaction_products.o
LOAD ./ARM_src/Screen/Transaction/SCR_Transaction_statistics.o
LOAD ./ARM_src/Screen/Menu/Menu_screen/SCR_ATM_menu.o
LOAD ./ARM_src/Screen/Menu/Menu_screen/SCR_Bill_menu.o
LOAD ./ARM_src/Screen/Menu/Menu_screen/SCR_Cash_menu.o
LOAD ./ARM_src/Screen/Menu/Menu_screen/SCR_Info_menu.o
LOAD ./ARM_src/Screen/Menu/Menu_screen/SCR_NET_menu.o
LOAD ./ARM_src/Screen/Menu/Menu_screen/SCR_Pass_menu.o
LOAD ./ARM_src/Screen/Menu/Menu_screen/SCR_Revenue_menu.o
LOAD ./ARM_src/Screen/Menu/Menu_handler/SCR_Menu_handler_auth.o
LOAD ./ARM_src/Screen/Menu/Menu_handler/SCR_Menu_handler_enum.o
LOAD ./ARM_src/Screen/Menu/Menu_handler/SCR_Menu_handler_int.o
LOAD ./ARM_src/Screen/Menu/Menu_handler/SCR_Menu_handler_menu.o
LOAD ./ARM_src/Screen/Menu/Menu_handler/SCR_Menu_handler_message.o
LOAD ./ARM_src/Screen/Menu/Menu_handler/SCR_Menu_handler_question.o
LOAD ./ARM_src/Screen/Menu/Menu_handler/SCR_Menu_handler_text.o
LOAD ./ARM_src/Screen/Menu/Menu_handler/SCR_Menu_handler_time.o
LOAD ./ARM_src/Screen/Menu/SCR_Menu_draw.o
LOAD ./ARM_src/Screen/Menu/SCR_Menu_func.o
LOAD ./ARM_src/Screen/Menu/SCR_Menu_handler.o
LOAD ./ARM_src/Screen/Menu/SCR_Menu_settings.o
LOAD ./ARM_src/Screen/SCR_Init.o
LOAD ./ARM_src/Screen/SCR_Message.o
LOAD ./ARM_src/Screen/SCR_Startup.o
LOAD ./ARM_src/Screen/SCR_Text_functions.o
LOAD ./ARM_src/Processes/Global_UID.o
LOAD ./ARM_src/Processes/IO_General_handlers.o
LOAD ./ARM_src/Processes/IO_process.o
LOAD ./ARM_src/Processes/Reservation.o
LOAD ./ARM_src/Processes/Servicebutton.o
LOAD ./ARM_src/Processes/dev_reset.o
LOAD ./ARM_src/Driver/source/debug_frmwrk.o
LOAD ./ARM_src/Driver/source/lpc17xx_adc.o
LOAD ./ARM_src/Driver/source/lpc17xx_can.o
LOAD ./ARM_src/Driver/source/lpc17xx_clkpwr.o
LOAD ./ARM_src/Driver/source/lpc17xx_dac.o
LOAD ./ARM_src/Driver/source/lpc17xx_emac.o
LOAD ./ARM_src/Driver/source/lpc17xx_exti.o
LOAD ./ARM_src/Driver/source/lpc17xx_gpdma.o
LOAD ./ARM_src/Driver/source/lpc17xx_gpio.o
LOAD ./ARM_src/Driver/source/lpc17xx_i2c.o
LOAD ./ARM_src/Driver/source/lpc17xx_i2s.o
LOAD ./ARM_src/Driver/source/lpc17xx_libcfg_default.o
LOAD ./ARM_src/Driver/source/lpc17xx_mcpwm.o
LOAD ./ARM_src/Driver/source/lpc17xx_nvic.o
LOAD ./ARM_src/Driver/source/lpc17xx_pinsel.o
LOAD ./ARM_src/Driver/source/lpc17xx_pwm.o
LOAD ./ARM_src/Driver/source/lpc17xx_qei.o
LOAD ./ARM_src/Driver/source/lpc17xx_rit.o
LOAD ./ARM_src/Driver/source/lpc17xx_rtc.o
LOAD ./ARM_src/Driver/source/lpc17xx_spi.o
LOAD ./ARM_src/Driver/source/lpc17xx_ssp.o
LOAD ./ARM_src/Driver/source/lpc17xx_systick.o
LOAD ./ARM_src/Driver/source/lpc17xx_timer.o
LOAD ./ARM_src/Driver/source/lpc17xx_uart.o
LOAD ./ARM_src/Driver/source/lpc17xx_wdt.o
LOAD ./ARM_src/Device/UART/XBA/XBA.o
LOAD ./ARM_src/Device/UART/VK80/VK80.o
LOAD ./ARM_src/Device/UART/TG2460H/TG2460H.o
LOAD ./ARM_src/Device/UART/MDB-C21/MDB-ARB-C21-7TUBES.o
LOAD ./ARM_src/Device/UART/ELTRA/ELTRA.o
LOAD ./ARM_src/Device/UART/ELTRA/ELTRA_cmd.o
LOAD ./ARM_src/Device/Net/payter/RTP.o
LOAD ./ARM_src/Device/Net/payter/RTP_msg.o
LOAD ./ARM_src/Device/Net/CCV/CCV.o
LOAD ./ARM_src/Device/Net/CCV/CCV_Chan1.o
LOAD ./ARM_src/Device/Net/CCV/CCV_Chan2.o
LOAD ./ARM_src/Device/IO/SERVICE/Debug_led.o
LOAD ./ARM_src/Device/IO/SERVICE/Service_IO.o
LOAD ./ARM_src/Device/IO/SERVICE/Servicepin.o
LOAD ./ARM_src/Device/IO/IO/EBM_Multipass_io.o
LOAD ./ARM_src/Device/IO/BUTTONS/EBM-Basismodule-buttons.o
LOAD ./ARM_src/Device/I2C/SC16IS740/SC16IS740.o
LOAD ./ARM_src/Device/I2C/RFID/RFID.o
LOAD ./ARM_src/Device/I2C/RFID/RFID_Pass.o
LOAD ./ARM_src/Device/I2C/MAX128/MAX128.o
LOAD ./ARM_src/Device/I2C/LV3095/LV3095.o
LOAD ./ARM_src/Device/I2C/LCD_Alphanumeric/LCD_Alphanumeric.o
LOAD ./ARM_src/Device/I2C/LCD_Alphanumeric/LCD_symbol.o
LOAD ./ARM_src/Device/I2C/IO_4Bit/IO_4Bit.o
LOAD ./ARM_src/Device/I2C/Edip_240B/EDIP_240B_Bargraph.o
LOAD ./ARM_src/Device/I2C/Edip_240B/EDIP_240B_Clipboard.o
LOAD ./ARM_src/Device/I2C/Edip_240B/EDIP_240B_Display.o
LOAD ./ARM_src/Device/I2C/Edip_240B/EDIP_240B_Draw.o
LOAD ./ARM_src/Device/I2C/Edip_240B/EDIP_240B_IO.o
LOAD ./ARM_src/Device/I2C/Edip_240B/EDIP_240B_Image.o
LOAD ./ARM_src/Device/I2C/Edip_240B/EDIP_240B_Init.o
LOAD ./ARM_src/Device/I2C/Edip_240B/EDIP_240B_Send.o
LOAD ./ARM_src/Device/I2C/Edip_240B/EDIP_240B_Text.o
LOAD ./ARM_src/Device/I2C/Edip_240B/EDIP_240B_Touch.o
LOAD ./ARM_src/Device/I2C/EMP_800/EMP_800.o
LOAD ./ARM_src/Device/I2C/BUTTONS/Buttons_3x4.o
LOAD ./ARM_src/Device/I2C/9554/I2C_9554.o
LOAD ./ARM_src/Device/I2C/8574/I2C_8574.o
LOAD ./ARM_src/Device/Devices.o
LOAD ./ARM_src/Core/protocol/Secure/sha1/sha1.o
LOAD ./ARM_src/Core/protocol/Secure/aes/aes_cbc.o
LOAD ./ARM_src/Core/protocol/Secure/aes/aes_core.o
LOAD ./ARM_src/Core/protocol/Secure/aes/aes_ecb.o
LOAD ./ARM_src/Core/protocol/Secure/aes/aes_misc.o
LOAD ./ARM_src/Core/protocol/Net/ntp/ntpd.o
LOAD ./ARM_src/Core/protocol/Net/emac/emac-driver.o
LOAD ./ARM_src/Core/protocol/Net/emac/emac.o
LOAD ./ARM_src/Core/protocol/Net/dns/resolv.o
LOAD ./ARM_src/Core/protocol/Net/dhcp/dhcp.o
LOAD ./ARM_src/Core/protocol/Net/dhcp/dhcpc.o
LOAD ./ARM_src/Core/protocol/Net/SCP/SCP_Buffer.o
LOAD ./ARM_src/Core/protocol/Net/SCP/SCP_Comm.o
LOAD ./ARM_src/Core/protocol/Net/SCP/SCP_Device.o
LOAD ./ARM_src/Core/protocol/Net/SCP/SCP_msg.o
LOAD ./ARM_src/Core/protocol/Net/Ejournal/EJournal.o
LOAD ./ARM_src/Core/protocol/Net/AMS/AMS.o
LOAD ./ARM_src/Core/protocol/Net/AMS/AMS_command.o
LOAD ./ARM_src/Core/protocol/Net/psock.o
LOAD ./ARM_src/Core/protocol/Net/tcpip.o
LOAD ./ARM_src/Core/protocol/Net/uip-debug.o
LOAD ./ARM_src/Core/protocol/Net/uip-packetqueue.o
LOAD ./ARM_src/Core/protocol/Net/uip-split.o
LOAD ./ARM_src/Core/protocol/Net/uip-udp-packet.o
LOAD ./ARM_src/Core/protocol/Net/uip.o
LOAD ./ARM_src/Core/protocol/Net/uip_arp.o
LOAD ./ARM_src/Core/protocol/Net/uiplib.o
LOAD ./ARM_src/Core/protocol/FAT/diskio.o
LOAD ./ARM_src/Core/protocol/FAT/fattime.o
LOAD ./ARM_src/Core/protocol/FAT/ff.o
LOAD ./ARM_src/Core/protocol/FAT/ffsystem.o
LOAD ./ARM_src/Core/protocol/FAT/ffunicode.o
LOAD ./ARM_src/Core/protocol/FAT/sdcard.o
LOAD ./ARM_src/Core/protocol/Checksum/crc32/crc32.o
LOAD ./ARM_src/Core/protocol/Checksum/crc16/crc16.o
LOAD ./ARM_src/Core/protocol/Checksum/crc16/crc16_CCITT.o
LOAD ./ARM_src/Core/Util/U_string.o
LOAD ./ARM_src/Core/Util/array.o
LOAD ./ARM_src/Core/Util/build_defs.o
LOAD ./ARM_src/Core/Util/math_util.o
LOAD ./ARM_src/Core/Util/petsciiconv.o
LOAD ./ARM_src/Core/Type/ieee754.o
LOAD ./ARM_src/Core/Timer/ctimer.o
LOAD ./ARM_src/Core/Timer/etimer.o
LOAD ./ARM_src/Core/Timer/rtimer.o
LOAD ./ARM_src/Core/Timer/stimer.o
LOAD ./ARM_src/Core/Timer/timer.o
LOAD ./ARM_src/Core/Timer/timer_functions.o
LOAD ./ARM_src/Core/Process/arg.o
LOAD ./ARM_src/Core/Process/autostart.o
LOAD ./ARM_src/Core/Process/process.o
LOAD ./ARM_src/Core/Peripherals/I2C_Dev_Init.o
LOAD ./ARM_src/Core/Peripherals/Net_Dev_Init.o
LOAD ./ARM_src/Core/Peripherals/UART_Dev_Init.o
LOAD ./ARM_src/Core/Memory/IAP.o
LOAD ./ARM_src/Core/Memory/cmem.o
LOAD ./ARM_src/Core/Memory/flash_mem.o
LOAD ./ARM_src/Core/Memory/list.o
LOAD ./ARM_src/Core/Memory/memb.o
LOAD ./ARM_src/Core/Memory/ringbuf.o
LOAD ./ARM_src/Core/Math/PID.o
LOAD ./ARM_src/Core/Math/random.o
LOAD ./ARM_src/Core/Extensions/mxml/mxml-attr.o
LOAD ./ARM_src/Core/Extensions/mxml/mxml-entity.o
LOAD ./ARM_src/Core/Extensions/mxml/mxml-file.o
LOAD ./ARM_src/Core/Extensions/mxml/mxml-get.o
LOAD ./ARM_src/Core/Extensions/mxml/mxml-index.o
LOAD ./ARM_src/Core/Extensions/mxml/mxml-memory.o
LOAD ./ARM_src/Core/Extensions/mxml/mxml-node.o
LOAD ./ARM_src/Core/Extensions/mxml/mxml-private.o
LOAD ./ARM_src/Core/Extensions/mxml/mxml-search.o
LOAD ./ARM_src/Core/Extensions/mxml/mxml-set.o
LOAD ./ARM_src/Core/Extensions/mxml/mxml-string.o
LOAD ./ARM_src/Core/Extensions/ini/minIni.o
LOAD ./ARM_src/Core/Extensions/code/access_code.o
LOAD ./ARM_src/Core/Extensions/BMP_mono/BMP_mono.o
LOAD ./ARM_src/Core/Debug/Debug_Terminal.o
LOAD ./ARM_src/Core/Debug/Error_check.o
LOAD ./ARM_src/Core/Debug/Hard_Fault_handler.o
LOAD ./ARM_src/Core/Debug/Print_device_info.o
LOAD ./ARM_src/Core/Debug/Serial_Terminal.o
LOAD ./ARM_src/Core/Debug/TCP_Terminal.o
LOAD ./ARM_src/Core/Clock/Time_functions.o
LOAD ./ARM_src/Core/Clock/clock.o
LOAD ./ARM_src/Core/Clock/rtc_cal.o
LOAD ./ARM_src/Board/Def_init.o
LOAD D:\ARM\Bootloader_software\CMSISv1p30_LPC17xx\Release\libCMSISv1p30_LPC17xx.a
START GROUP
LOAD c:/nxp/lpcxpresso_7.4.0_229/lpcxpresso/tools/bin/../lib/gcc/arm-none-eabi/4.8.4/../../../../arm-none-eabi/lib/armv7-m\libcr_semihost.a
LOAD c:/nxp/lpcxpresso_7.4.0_229/lpcxpresso/tools/bin/../lib/gcc/arm-none-eabi/4.8.4/../../../../arm-none-eabi/lib/armv7-m\libcr_c.a
LOAD c:/nxp/lpcxpresso_7.4.0_229/lpcxpresso/tools/bin/../lib/gcc/arm-none-eabi/4.8.4/armv7-m\libcr_eabihelpers.a
END GROUP
                0x00040000                __top_MFlash256 = 0x40000
                0x10008000                __top_RamLoc32 = 0x10008000
                0x20084000                __top_RamAHB32 = 0x20084000

.text           0x00004000    0x1a968
 FILL mask 0xff
                0x00004000                __vectors_start__ = ABSOLUTE (.)
 *(.isr_vector)
 .isr_vector    0x00004000       0xcc ./src/cr_startup_lpc175x_6x.o
                0x00004000                g_pfnVectors
                0x000040cc                . = ALIGN (0x4)
                0x000040cc                __section_table_start = .
                0x000040cc                __data_section_table = .
                0x000040cc        0x4 LONG 0x1e968 LOADADDR (.data)
                0x000040d0        0x4 LONG 0x10000000 ADDR (.data)
                0x000040d4        0x4 LONG 0x32c SIZEOF (.data)
                0x000040d8        0x4 LONG 0x1e968 LOADADDR (.data_RAM2)
                0x000040dc        0x4 LONG 0x2007c000 ADDR (.data_RAM2)
                0x000040e0        0x4 LONG 0x0 SIZEOF (.data_RAM2)
                0x000040e4                __data_section_table_end = .
                0x000040e4                __bss_section_table = .
                0x000040e4        0x4 LONG 0x10000330 ADDR (.bss)
                0x000040e8        0x4 LONG 0x25a0 SIZEOF (.bss)
                0x000040ec        0x4 LONG 0x2007c000 ADDR (.bss_RAM2)
                0x000040f0        0x4 LONG 0x715c SIZEOF (.bss_RAM2)
                0x000040f4                __bss_section_table_end = .
                0x000040f4                __section_table_end = .
 *(.after_vectors*)
 .after_vectors
                0x000040f4       0xe8 ./src/cr_startup_lpc175x_6x.o
                0x000040f4                NMI_Handler
                0x000040fc                MemManage_Handler
                0x00004100                BusFault_Handler
                0x00004104                UsageFault_Handler
                0x00004108                SVC_Handler
                0x0000410c                DebugMon_Handler
                0x00004110                PendSV_Handler
                0x00004118                USBActivity_IRQHandler
                0x00004118                I2C1_IRQHandler
                0x00004118                EINT2_IRQHandler
                0x00004118                EINT3_IRQHandler
                0x00004118                CANActivity_IRQHandler
                0x00004118                TIMER3_IRQHandler
                0x00004118                I2C0_IRQHandler
                0x00004118                RIT_IRQHandler
                0x00004118                IntDefaultHandler
                0x00004118                PWM1_IRQHandler
                0x00004118                CAN_IRQHandler
                0x00004118                PLL1_IRQHandler
                0x00004118                SSP0_IRQHandler
                0x00004118                I2S_IRQHandler
                0x00004118                I2C2_IRQHandler
                0x00004118                RTC_IRQHandler
                0x00004118                TIMER0_IRQHandler
                0x00004118                SPI_IRQHandler
                0x00004118                DMA_IRQHandler
                0x00004118                EINT1_IRQHandler
                0x00004118                TIMER1_IRQHandler
                0x00004118                ADC_IRQHandler
                0x00004118                SSP1_IRQHandler
                0x00004118                USB_IRQHandler
                0x00004118                BOD_IRQHandler
                0x00004118                PLL0_IRQHandler
                0x00004118                WDT_IRQHandler
                0x00004118                TIMER2_IRQHandler
                0x00004118                QEI_IRQHandler
                0x00004118                EINT0_IRQHandler
                0x00004118                MCPWM_IRQHandler
                0x0000411c                data_init
                0x00004138                bss_init
                0x0000414c                ResetISR
                0x000002fc                . = 0x2fc
 *fill*         0x000041dc      0x120 ff
                0x000042fc                PROVIDE (__CRP_WORD_START__, .)
 *(.crp)
 .crp           0x000042fc        0x4 ./src/crp.o
                0x000042fc                CRP_WORD
                0x00004300                PROVIDE (__CRP_WORD_END__, .)
                0x00000001                ASSERT (! ((__CRP_WORD_START__ == __CRP_WORD_END__)), Linker CRP Enabled, but no CRP_WORD provided within application)
 *(.text*)
 .text.SCR_idle_input
                0x00004300       0xac ./src/Screen/SCR_Idle.o
                0x00004300                SCR_idle_input
 .text.SCR_idle
                0x000043ac      0x1ec ./src/Screen/SCR_Idle.o
                0x000043ac                SCR_idle
 .text.process_thread_SCR_idle_screen
                0x00004598      0x190 ./src/Screen/SCR_Idle.o
 .text.SCR_language
                0x00004728      0x1d4 ./src/Screen/SCR_Language.o
                0x00004728                SCR_language
 .text.process_thread_SCR_language_screen
                0x000048fc      0x108 ./src/Screen/SCR_Language.o
 .text.SCR_Overview
                0x00004a04      0x3f4 ./src/Screen/SCR_Overview.o
                0x00004a04                SCR_Overview
 .text.process_thread_SCR_Overview_screen
                0x00004df8      0x7c0 ./src/Screen/SCR_Overview.o
 .text.S_Please_wait
                0x000055b8       0x1c ./src/Screen/SCR_Text.o
                0x000055b8                S_Please_wait
 .text.S_Server_error
                0x000055d4       0x1c ./src/Screen/SCR_Text.o
                0x000055d4                S_Server_error
 .text.S_Energy_point_does_not_exist
                0x000055f0       0x1c ./src/Screen/SCR_Text.o
                0x000055f0                S_Energy_point_does_not_exist
 .text.S_Energy_point
                0x0000560c       0x1c ./src/Screen/SCR_Text.o
                0x0000560c                S_Energy_point
 .text.S_No_notifications
                0x00005628       0x1c ./src/Screen/SCR_Text.o
                0x00005628                S_No_notifications
 .text.S_State  0x00005644       0x1c ./src/Screen/SCR_Text.o
                0x00005644                S_State
 .text.S_Disabled
                0x00005660       0x1c ./src/Screen/SCR_Text.o
                0x00005660                S_Disabled
 .text.S_Enabled
                0x0000567c       0x1c ./src/Screen/SCR_Text.o
                0x0000567c                S_Enabled
 .text.S_Max_current
                0x00005698       0x1c ./src/Screen/SCR_Text.o
                0x00005698                S_Max_current
 .text.S_Current
                0x000056b4       0x1c ./src/Screen/SCR_Text.o
                0x000056b4                S_Current
 .text.S_Power  0x000056d0       0x1c ./src/Screen/SCR_Text.o
                0x000056d0                S_Power
 .text.S_Back   0x000056ec       0x1c ./src/Screen/SCR_Text.o
                0x000056ec                S_Back
 .text.S_Enable
                0x00005708       0x1c ./src/Screen/SCR_Text.o
                0x00005708                S_Enable
 .text.S_Enter_energy_point_number
                0x00005724       0x1c ./src/Screen/SCR_Text.o
                0x00005724                S_Enter_energy_point_number
 .text.S_Accept
                0x00005740       0x1c ./src/Screen/SCR_Text.o
                0x00005740                S_Accept
 .text.S_Language
                0x0000575c       0x1c ./src/Screen/SCR_Text.o
                0x0000575c                S_Language
 .text.S_Choose_language
                0x00005778       0x1c ./src/Screen/SCR_Text.o
                0x00005778                S_Choose_language
 .text.S_Dutch  0x00005794       0x1c ./src/Screen/SCR_Text.o
                0x00005794                S_Dutch
 .text.S_English
                0x000057b0       0x1c ./src/Screen/SCR_Text.o
                0x000057b0                S_English
 .text.S_German
                0x000057cc       0x1c ./src/Screen/SCR_Text.o
                0x000057cc                S_German
 .text.S_French
                0x000057e8       0x1c ./src/Screen/SCR_Text.o
                0x000057e8                S_French
 .text.S_No_reservation
                0x00005804       0x1c ./src/Screen/SCR_Text.o
                0x00005804                S_No_reservation
 .text.S_Overload
                0x00005820       0x1c ./src/Screen/SCR_Text.o
                0x00005820                S_Overload
 .text.S_Wait_start_reservation
                0x0000583c       0x1c ./src/Screen/SCR_Text.o
                0x0000583c                S_Wait_start_reservation
 .text.S_Energy_point_overload
                0x00005858       0x1c ./src/Screen/SCR_Text.o
                0x00005858                S_Energy_point_overload
 .text.S_Enable_not_possible
                0x00005874       0x1c ./src/Screen/SCR_Text.o
                0x00005874                S_Enable_not_possible
 .text.S_All_KWH_used
                0x00005890       0x1c ./src/Screen/SCR_Text.o
                0x00005890                S_All_KWH_used
 .text.S_Max_KWH
                0x000058ac       0x1c ./src/Screen/SCR_Text.o
                0x000058ac                S_Max_KWH
 .text.S_current_KWH
                0x000058c8       0x1c ./src/Screen/SCR_Text.o
                0x000058c8                S_current_KWH
 .text.S_Code_not_valid
                0x000058e4       0x1c ./src/Screen/SCR_Text.o
                0x000058e4                S_Code_not_valid
 .text.S_Enter_code
                0x00005900       0x1c ./src/Screen/SCR_Text.o
                0x00005900                S_Enter_code
 .text.SCR_input
                0x0000591c       0x6c ./src/Screen/SCR_pin.o
                0x0000591c                SCR_input
 .text.SCR_pin  0x00005988       0x54 ./src/Screen/SCR_pin.o
                0x00005988                SCR_pin
 .text.process_thread_SCR_Pin_screen
                0x000059dc      0x388 ./src/Screen/SCR_pin.o
 .text.Energy_point_new
                0x00005d64       0x64 ./src/Energy_point.o
                0x00005d64                Energy_point_new
 .text.Energy_point_exist
                0x00005dc8       0x24 ./src/Energy_point.o
                0x00005dc8                Energy_point_exist
 .text.Energy_point_device
                0x00005dec       0x24 ./src/Energy_point.o
                0x00005dec                Energy_point_device
 .text.Energy_point_data
                0x00005e10       0x24 ./src/Energy_point.o
                0x00005e10                Energy_point_data
 .text.Energy_point_loop
                0x00005e34       0x18 ./src/Energy_point.o
                0x00005e34                Energy_point_loop
 .text.msg_var_int_send_handler
                0x00005e4c      0x158 ./src/SCP_handler.o
                0x00005e4c                msg_var_int_send_handler
 .text.SCP_handlers_init
                0x00005fa4       0x14 ./src/SCP_handler.o
                0x00005fa4                SCP_handlers_init
 .text.Device_terminal_functions
                0x00005fb8        0x4 ./src/Terminal_functions.o
                0x00005fb8                Device_terminal_functions
 .text.main     0x00005fbc       0x7c ./src/main.o
                0x00005fbc                main
 .text.SCR_load
                0x00006038       0x40 ./ARM_src/Screen/SCR_Init.o
                0x00006038                SCR_load
 .text.SCR_set_busy
                0x00006078        0xc ./ARM_src/Screen/SCR_Init.o
                0x00006078                SCR_set_busy
 .text.SCR_Font_init
                0x00006084       0x84 ./ARM_src/Screen/SCR_Init.o
                0x00006084                SCR_Font_init
 .text.SCR_Symbol_init
                0x00006108       0x10 ./ARM_src/Screen/SCR_Init.o
                0x00006108                SCR_Symbol_init
 .text.SCR_init
                0x00006118      0x120 ./ARM_src/Screen/SCR_Init.o
                0x00006118                SCR_init
 .text.SCR_bussy_symbol
                0x00006238       0x70 ./ARM_src/Screen/SCR_Message.o
                0x00006238                SCR_bussy_symbol
 .text.SCR_bussy_bar
                0x000062a8       0x90 ./ARM_src/Screen/SCR_Message.o
                0x000062a8                SCR_bussy_bar
 .text.SCR_please_wait
                0x00006338       0xd4 ./ARM_src/Screen/SCR_Message.o
                0x00006338                SCR_please_wait
 .text.process_thread_SCR_Wait_screen
                0x0000640c       0x44 ./ARM_src/Screen/SCR_Message.o
 .text.Please_wait_screen
                0x00006450       0x1c ./ARM_src/Screen/SCR_Message.o
                0x00006450                Please_wait_screen
 .text.SCR_Message
                0x0000646c       0x70 ./ARM_src/Screen/SCR_Message.o
                0x0000646c                SCR_Message
 .text.SCR_Message_screen
                0x000064dc       0x88 ./ARM_src/Screen/SCR_Message.o
                0x000064dc                SCR_Message_screen
 .text.SCR_Show_error
                0x00006564       0x80 ./ARM_src/Screen/SCR_Startup.o
                0x00006564                SCR_Show_error
 .text.SCR_Startup
                0x000065e4      0x148 ./ARM_src/Screen/SCR_Startup.o
                0x000065e4                SCR_Startup
 .text.process_thread_SCR_Startup_screen
                0x0000672c       0xf4 ./ARM_src/Screen/SCR_Startup.o
 .text.lanuage_exsist
                0x00006820       0xe4 ./ARM_src/Screen/SCR_Text_functions.o
                0x00006820                lanuage_exsist
 .text.Hard_reset
                0x00006904       0x1c ./ARM_src/Processes/dev_reset.o
                0x00006904                Hard_reset
 .text.Save_reset
                0x00006920       0x18 ./ARM_src/Processes/dev_reset.o
                0x00006920                Save_reset
 .text.Save_reset_enabled
                0x00006938        0xc ./ARM_src/Processes/dev_reset.o
                0x00006938                Save_reset_enabled
 .text.Save_reset_poll
                0x00006944       0x14 ./ARM_src/Processes/dev_reset.o
                0x00006944                Save_reset_poll
 .text.CLKPWR_SetPCLKDiv
                0x00006958       0x60 ./ARM_src/Driver/source/lpc17xx_clkpwr.o
                0x00006958                CLKPWR_SetPCLKDiv
 .text.CLKPWR_GetPCLKSEL
                0x000069b8       0x24 ./ARM_src/Driver/source/lpc17xx_clkpwr.o
                0x000069b8                CLKPWR_GetPCLKSEL
 .text.CLKPWR_GetPCLK
                0x000069dc       0x28 ./ARM_src/Driver/source/lpc17xx_clkpwr.o
                0x000069dc                CLKPWR_GetPCLK
 .text.CLKPWR_ConfigPPWR
                0x00006a04       0x34 ./ARM_src/Driver/source/lpc17xx_clkpwr.o
                0x00006a04                CLKPWR_ConfigPPWR
 .text.rx_descr_init
                0x00006a38       0x60 ./ARM_src/Driver/source/lpc17xx_emac.o
 .text.tx_descr_init
                0x00006a98       0x58 ./ARM_src/Driver/source/lpc17xx_emac.o
 .text.write_PHY
                0x00006af0       0x34 ./ARM_src/Driver/source/lpc17xx_emac.o
 .text.read_PHY
                0x00006b24       0x3c ./ARM_src/Driver/source/lpc17xx_emac.o
 .text.setEmacAddr
                0x00006b60       0x24 ./ARM_src/Driver/source/lpc17xx_emac.o
 .text.EMAC_UpdatePHYStatus
                0x00006b84       0x70 ./ARM_src/Driver/source/lpc17xx_emac.o
                0x00006b84                EMAC_UpdatePHYStatus
 .text.EMAC_SetPHYMode
                0x00006bf4       0xa8 ./ARM_src/Driver/source/lpc17xx_emac.o
                0x00006bf4                EMAC_SetPHYMode
 .text.EMAC_Init
                0x00006c9c      0x11c ./ARM_src/Driver/source/lpc17xx_emac.o
                0x00006c9c                EMAC_Init
 .text.EMAC_WritePacketBuffer
                0x00006db8       0x40 ./ARM_src/Driver/source/lpc17xx_emac.o
                0x00006db8                EMAC_WritePacketBuffer
 .text.EMAC_ReadPacketBuffer
                0x00006df8       0x30 ./ARM_src/Driver/source/lpc17xx_emac.o
                0x00006df8                EMAC_ReadPacketBuffer
 .text.EMAC_IntCmd
                0x00006e28       0x28 ./ARM_src/Driver/source/lpc17xx_emac.o
                0x00006e28                EMAC_IntCmd
 .text.EMAC_IntGetStatus
                0x00006e50       0x1c ./ARM_src/Driver/source/lpc17xx_emac.o
                0x00006e50                EMAC_IntGetStatus
 .text.EMAC_CheckReceiveIndex
                0x00006e6c       0x18 ./ARM_src/Driver/source/lpc17xx_emac.o
                0x00006e6c                EMAC_CheckReceiveIndex
 .text.EMAC_CheckTransmitIndex
                0x00006e84       0x1c ./ARM_src/Driver/source/lpc17xx_emac.o
                0x00006e84                EMAC_CheckTransmitIndex
 .text.EMAC_GetReceiveDataSize
                0x00006ea0       0x18 ./ARM_src/Driver/source/lpc17xx_emac.o
                0x00006ea0                EMAC_GetReceiveDataSize
 .text.EMAC_UpdateRxConsumeIndex
                0x00006eb8       0x1c ./ARM_src/Driver/source/lpc17xx_emac.o
                0x00006eb8                EMAC_UpdateRxConsumeIndex
 .text.EMAC_UpdateTxProduceIndex
                0x00006ed4       0x1c ./ARM_src/Driver/source/lpc17xx_emac.o
                0x00006ed4                EMAC_UpdateTxProduceIndex
 .text.GPIO_GetPointer
                0x00006ef0       0x3c ./ARM_src/Driver/source/lpc17xx_gpio.o
 .text.GPIO_SetDir
                0x00006f2c       0x20 ./ARM_src/Driver/source/lpc17xx_gpio.o
                0x00006f2c                GPIO_SetDir
 .text.GPIO_SetValue
                0x00006f4c       0x10 ./ARM_src/Driver/source/lpc17xx_gpio.o
                0x00006f4c                GPIO_SetValue
 .text.GPIO_ClearValue
                0x00006f5c       0x10 ./ARM_src/Driver/source/lpc17xx_gpio.o
                0x00006f5c                GPIO_ClearValue
 .text.GPIO_ReadValue
                0x00006f6c       0x10 ./ARM_src/Driver/source/lpc17xx_gpio.o
                0x00006f6c                GPIO_ReadValue
 .text.I2C_getNum
                0x00006f7c       0x2c ./ARM_src/Driver/source/lpc17xx_i2c.o
 .text.I2C_Start
                0x00006fa8       0x28 ./ARM_src/Driver/source/lpc17xx_i2c.o
 .text.I2C_Stop
                0x00006fd0       0x18 ./ARM_src/Driver/source/lpc17xx_i2c.o
 .text.I2C_SendByte
                0x00006fe8       0x24 ./ARM_src/Driver/source/lpc17xx_i2c.o
 .text.I2C_GetByte
                0x0000700c       0x28 ./ARM_src/Driver/source/lpc17xx_i2c.o
 .text.I2C_SetClock
                0x00007034       0x58 ./ARM_src/Driver/source/lpc17xx_i2c.o
                0x00007034                I2C_SetClock
 .text.I2C_Init
                0x0000708c       0x6c ./ARM_src/Driver/source/lpc17xx_i2c.o
                0x0000708c                I2C_Init
 .text.I2C_Cmd  0x000070f8       0x10 ./ARM_src/Driver/source/lpc17xx_i2c.o
                0x000070f8                I2C_Cmd
 .text.I2C_IntCmd
                0x00007108       0x78 ./ARM_src/Driver/source/lpc17xx_i2c.o
                0x00007108                I2C_IntCmd
 .text.I2C_MasterTransferData
                0x00007180      0x1c0 ./ARM_src/Driver/source/lpc17xx_i2c.o
                0x00007180                I2C_MasterTransferData
 .text.set_PinFunc
                0x00007340       0x38 ./ARM_src/Driver/source/lpc17xx_pinsel.o
 .text.set_ResistorMode
                0x00007378       0x34 ./ARM_src/Driver/source/lpc17xx_pinsel.o
 .text.set_OpenDrainMode
                0x000073ac       0x30 ./ARM_src/Driver/source/lpc17xx_pinsel.o
 .text.PINSEL_ConfigPin
                0x000073dc       0x24 ./ARM_src/Driver/source/lpc17xx_pinsel.o
                0x000073dc                PINSEL_ConfigPin
 .text.RTC_Init
                0x00007400       0x20 ./ARM_src/Driver/source/lpc17xx_rtc.o
                0x00007400                RTC_Init
 .text.RTC_Cmd  0x00007420       0x18 ./ARM_src/Driver/source/lpc17xx_rtc.o
                0x00007420                RTC_Cmd
 .text.RTC_SetFullTime
                0x00007438       0x50 ./ARM_src/Driver/source/lpc17xx_rtc.o
                0x00007438                RTC_SetFullTime
 .text.RTC_GetFullTime
                0x00007488       0x50 ./ARM_src/Driver/source/lpc17xx_rtc.o
                0x00007488                RTC_GetFullTime
 .text.RTC_CalibCounterCmd
                0x000074d8       0x18 ./ARM_src/Driver/source/lpc17xx_rtc.o
                0x000074d8                RTC_CalibCounterCmd
 .text.RTC_CalibConfig
                0x000074f0       0x18 ./ARM_src/Driver/source/lpc17xx_rtc.o
                0x000074f0                RTC_CalibConfig
 .text.SSP_SetClock
                0x00007508       0x68 ./ARM_src/Driver/source/lpc17xx_ssp.o
                0x00007508                SSP_SetClock
 .text.SSP_Init
                0x00007570       0x54 ./ARM_src/Driver/source/lpc17xx_ssp.o
                0x00007570                SSP_Init
 .text.SSP_DeInit
                0x000075c4       0x30 ./ARM_src/Driver/source/lpc17xx_ssp.o
                0x000075c4                SSP_DeInit
 .text.SSP_ConfigStructInit
                0x000075f4       0x18 ./ARM_src/Driver/source/lpc17xx_ssp.o
                0x000075f4                SSP_ConfigStructInit
 .text.SSP_Cmd  0x0000760c       0x18 ./ARM_src/Driver/source/lpc17xx_ssp.o
                0x0000760c                SSP_Cmd
 .text.SYSTICK_InternalInit
                0x00007624       0x50 ./ARM_src/Driver/source/lpc17xx_systick.o
                0x00007624                SYSTICK_InternalInit
 .text.SYSTICK_Cmd
                0x00007674       0x20 ./ARM_src/Driver/source/lpc17xx_systick.o
                0x00007674                SYSTICK_Cmd
 .text.SYSTICK_IntCmd
                0x00007694       0x20 ./ARM_src/Driver/source/lpc17xx_systick.o
                0x00007694                SYSTICK_IntCmd
 .text.SYSTICK_ClearCounterFlag
                0x000076b4       0x10 ./ARM_src/Driver/source/lpc17xx_systick.o
                0x000076b4                SYSTICK_ClearCounterFlag
 .text.uart_set_divisors
                0x000076c4      0x1bc ./ARM_src/Driver/source/lpc17xx_uart.o
 .text.UART_Init
                0x00007880      0x154 ./ARM_src/Driver/source/lpc17xx_uart.o
                0x00007880                UART_Init
 .text.UART_ConfigStructInit
                0x000079d4       0x14 ./ARM_src/Driver/source/lpc17xx_uart.o
                0x000079d4                UART_ConfigStructInit
 .text.UART_SendByte
                0x000079e8       0x14 ./ARM_src/Driver/source/lpc17xx_uart.o
                0x000079e8                UART_SendByte
 .text.UART_ReceiveByte
                0x000079fc       0x18 ./ARM_src/Driver/source/lpc17xx_uart.o
                0x000079fc                UART_ReceiveByte
 .text.UART_Send
                0x00007a14       0x88 ./ARM_src/Driver/source/lpc17xx_uart.o
                0x00007a14                UART_Send
 .text.UART_IntConfig
                0x00007a9c       0x7c ./ARM_src/Driver/source/lpc17xx_uart.o
                0x00007a9c                UART_IntConfig
 .text.UART_GetLineStatus
                0x00007b18       0x18 ./ARM_src/Driver/source/lpc17xx_uart.o
                0x00007b18                UART_GetLineStatus
 .text.UART_GetIntId
                0x00007b30        0xc ./ARM_src/Driver/source/lpc17xx_uart.o
                0x00007b30                UART_GetIntId
 .text.UART_FIFOConfig
                0x00007b3c       0x54 ./ARM_src/Driver/source/lpc17xx_uart.o
                0x00007b3c                UART_FIFOConfig
 .text.UART_FIFOConfigStructInit
                0x00007b90       0x10 ./ARM_src/Driver/source/lpc17xx_uart.o
                0x00007b90                UART_FIFOConfigStructInit
 .text.UART_TxCmd
                0x00007ba0       0x48 ./ARM_src/Driver/source/lpc17xx_uart.o
                0x00007ba0                UART_TxCmd
 .text.WDT_SetTimeOut
                0x00007be8       0xa0 ./ARM_src/Driver/source/lpc17xx_wdt.o
 .text.WDT_Init
                0x00007c88       0x30 ./ARM_src/Driver/source/lpc17xx_wdt.o
                0x00007c88                WDT_Init
 .text.WDT_Feed
                0x00007cb8       0x14 ./ARM_src/Driver/source/lpc17xx_wdt.o
                0x00007cb8                WDT_Feed
 .text.WDT_Start
                0x00007ccc       0x20 ./ARM_src/Driver/source/lpc17xx_wdt.o
                0x00007ccc                WDT_Start
 .text.Debug_led_init
                0x00007cec       0x1c ./ARM_src/Device/IO/SERVICE/Debug_led.o
                0x00007cec                Debug_led_init
 .text.Debug_led1
                0x00007d08       0x1c ./ARM_src/Device/IO/SERVICE/Debug_led.o
                0x00007d08                Debug_led1
 .text.Debug_led2
                0x00007d24       0x1c ./ARM_src/Device/IO/SERVICE/Debug_led.o
                0x00007d24                Debug_led2
 .text.process_thread_Service_process
                0x00007d40      0x140 ./ARM_src/Device/IO/SERVICE/Service_IO.o
 .text.Service_init
                0x00007e80       0x10 ./ARM_src/Device/IO/SERVICE/Service_IO.o
                0x00007e80                Service_init
 .text.Servicepin
                0x00007e90       0x20 ./ARM_src/Device/IO/SERVICE/Servicepin.o
                0x00007e90                Servicepin
 .text.set_Servicepin_led
                0x00007eb0       0x2c ./ARM_src/Device/IO/SERVICE/Servicepin.o
                0x00007eb0                set_Servicepin_led
 .text.EBM_Button_led
                0x00007edc       0x44 ./ARM_src/Device/IO/BUTTONS/EBM-Basismodule-buttons.o
                0x00007edc                EBM_Button_led
 .text.LCD_Alphanumeric_Clear_scroll_data
                0x00007f20       0x38 ./ARM_src/Device/I2C/LCD_Alphanumeric/LCD_Alphanumeric.o
                0x00007f20                LCD_Alphanumeric_Clear_scroll_data
 .text.LCD_Alphanumeric_Delay
                0x00007f58       0x20 ./ARM_src/Device/I2C/LCD_Alphanumeric/LCD_Alphanumeric.o
                0x00007f58                LCD_Alphanumeric_Delay
 .text.LCD_Alphanumeric_GPIO
                0x00007f78       0x10 ./ARM_src/Device/I2C/LCD_Alphanumeric/LCD_Alphanumeric.o
                0x00007f78                LCD_Alphanumeric_GPIO
 .text.LCD_Alphanumeric_GPIO_Send
                0x00007f88       0xbc ./ARM_src/Device/I2C/LCD_Alphanumeric/LCD_Alphanumeric.o
                0x00007f88                LCD_Alphanumeric_GPIO_Send
 .text.LCD_Alphanumeric_I2C_IO
                0x00008044       0x28 ./ARM_src/Device/I2C/LCD_Alphanumeric/LCD_Alphanumeric.o
                0x00008044                LCD_Alphanumeric_I2C_IO
 .text.LCD_Alphanumeric_I2C_Send
                0x0000806c       0xec ./ARM_src/Device/I2C/LCD_Alphanumeric/LCD_Alphanumeric.o
                0x0000806c                LCD_Alphanumeric_I2C_Send
 .text.LCD_Alphanumeric_Send
                0x00008158       0x34 ./ARM_src/Device/I2C/LCD_Alphanumeric/LCD_Alphanumeric.o
                0x00008158                LCD_Alphanumeric_Send
 .text.LCD_Alphanumeric_Cursor_Home
                0x0000818c       0x2c ./ARM_src/Device/I2C/LCD_Alphanumeric/LCD_Alphanumeric.o
                0x0000818c                LCD_Alphanumeric_Cursor_Home
 .text.LCD_Alphanumeric_Entry_Mode
                0x000081b8       0x30 ./ARM_src/Device/I2C/LCD_Alphanumeric/LCD_Alphanumeric.o
                0x000081b8                LCD_Alphanumeric_Entry_Mode
 .text.LCD_Alphanumeric_Display_Control
                0x000081e8       0x34 ./ARM_src/Device/I2C/LCD_Alphanumeric/LCD_Alphanumeric.o
                0x000081e8                LCD_Alphanumeric_Display_Control
 .text.LCD_Alphanumeric_Display_Shift
                0x0000821c       0x34 ./ARM_src/Device/I2C/LCD_Alphanumeric/LCD_Alphanumeric.o
                0x0000821c                LCD_Alphanumeric_Display_Shift
 .text.LCD_Alphanumeric_Function_Set
                0x00008250       0x70 ./ARM_src/Device/I2C/LCD_Alphanumeric/LCD_Alphanumeric.o
                0x00008250                LCD_Alphanumeric_Function_Set
 .text.LCD_Alphanumeric_Clear_Display
                0x000082c0       0x5c ./ARM_src/Device/I2C/LCD_Alphanumeric/LCD_Alphanumeric.o
                0x000082c0                LCD_Alphanumeric_Clear_Display
 .text.LCD_Alphanumeric_GPIO_Init
                0x0000831c       0xac ./ARM_src/Device/I2C/LCD_Alphanumeric/LCD_Alphanumeric.o
                0x0000831c                LCD_Alphanumeric_GPIO_Init
 .text.LCD_Alphanumeric_Set_CGRAM_addr
                0x000083c8       0x38 ./ARM_src/Device/I2C/LCD_Alphanumeric/LCD_Alphanumeric.o
                0x000083c8                LCD_Alphanumeric_Set_CGRAM_addr
 .text.LCD_Alphanumeric_Set_Cursor_addr
                0x00008400       0x40 ./ARM_src/Device/I2C/LCD_Alphanumeric/LCD_Alphanumeric.o
                0x00008400                LCD_Alphanumeric_Set_Cursor_addr
 .text.LCD_Alphanumeric_Draw_Char
                0x00008440       0x2c ./ARM_src/Device/I2C/LCD_Alphanumeric/LCD_Alphanumeric.o
                0x00008440                LCD_Alphanumeric_Draw_Char
 .text.LCD_Alphanumeric_blink_handler
                0x0000846c       0xa8 ./ARM_src/Device/I2C/LCD_Alphanumeric/LCD_Alphanumeric.o
                0x0000846c                LCD_Alphanumeric_blink_handler
 .text.LCD_Alphanumeric_Load_Symbol
                0x00008514       0x30 ./ARM_src/Device/I2C/LCD_Alphanumeric/LCD_Alphanumeric.o
                0x00008514                LCD_Alphanumeric_Load_Symbol
 .text.LCD_Alphanumeric_Draw_String
                0x00008544      0x11c ./ARM_src/Device/I2C/LCD_Alphanumeric/LCD_Alphanumeric.o
                0x00008544                LCD_Alphanumeric_Draw_String
 .text.LCD_Alphanumeric_Scroll_handler
                0x00008660      0x120 ./ARM_src/Device/I2C/LCD_Alphanumeric/LCD_Alphanumeric.o
                0x00008660                LCD_Alphanumeric_Scroll_handler
 .text.process_thread_LCD_Alphanumeric_process
                0x00008780       0x50 ./ARM_src/Device/I2C/LCD_Alphanumeric/LCD_Alphanumeric.o
 .text.LCD_Alphanumeric_parse_format_specifier
                0x000087d0      0x140 ./ARM_src/Device/I2C/LCD_Alphanumeric/LCD_Alphanumeric.o
                0x000087d0                LCD_Alphanumeric_parse_format_specifier
 .text.LCD_Alphanumeric_I2C_Init
                0x00008910       0x58 ./ARM_src/Device/I2C/LCD_Alphanumeric/LCD_Alphanumeric.o
                0x00008910                LCD_Alphanumeric_I2C_Init
 .text.LCD_Alphanumeric_Init
                0x00008968       0x1c ./ARM_src/Device/I2C/LCD_Alphanumeric/LCD_Alphanumeric.o
                0x00008968                LCD_Alphanumeric_Init
 .text.Edip_Clear_Display
                0x00008984       0x2c ./ARM_src/Device/I2C/Edip_240B/EDIP_240B_Display.o
                0x00008984                Edip_Clear_Display
 .text.Edip_Display_on
                0x000089b0       0x28 ./ARM_src/Device/I2C/Edip_240B/EDIP_240B_Display.o
                0x000089b0                Edip_Display_on
 .text.Edip_Set_Timout
                0x000089d8       0x24 ./ARM_src/Device/I2C/Edip_240B/EDIP_240B_Display.o
                0x000089d8                Edip_Set_Timout
 .text.Edip_Draw_Fill_Rectangle
                0x000089fc       0x40 ./ARM_src/Device/I2C/Edip_240B/EDIP_240B_Draw.o
                0x000089fc                Edip_Draw_Fill_Rectangle
 .text.Edip_Draw_Line
                0x00008a3c       0x40 ./ARM_src/Device/I2C/Edip_240B/EDIP_240B_Draw.o
                0x00008a3c                Edip_Draw_Line
 .text.Edip_io_init
                0x00008a7c        0x4 ./ARM_src/Device/I2C/Edip_240B/EDIP_240B_IO.o
                0x00008a7c                Edip_io_init
 .text.EDIP_IO_interval_handler
                0x00008a80       0x60 ./ARM_src/Device/I2C/Edip_240B/EDIP_240B_IO.o
                0x00008a80                EDIP_IO_interval_handler
 .text.Edip_Select_LCD
                0x00008ae0       0x1c ./ARM_src/Device/I2C/Edip_240B/EDIP_240B_Init.o
                0x00008ae0                Edip_Select_LCD
 .text.Edip_init_LCD
                0x00008afc       0x38 ./ARM_src/Device/I2C/Edip_240B/EDIP_240B_Init.o
                0x00008afc                Edip_init_LCD
 .text.process_thread_EDIP_process
                0x00008b34       0x80 ./ARM_src/Device/I2C/Edip_240B/EDIP_240B_Init.o
 .text.CalcCheckSum
                0x00008bb4       0x20 ./ARM_src/Device/I2C/Edip_240B/EDIP_240B_Send.o
                0x00008bb4                CalcCheckSum
 .text.Edip_Send
                0x00008bd4      0x1c8 ./ARM_src/Device/I2C/Edip_240B/EDIP_240B_Send.o
                0x00008bd4                Edip_Send
 .text.Edip_New_Font
                0x00008d9c       0x1c ./ARM_src/Device/I2C/Edip_240B/EDIP_240B_Text.o
                0x00008d9c                Edip_New_Font
 .text.Edip_Change_Font_Setting
                0x00008db8       0x54 ./ARM_src/Device/I2C/Edip_240B/EDIP_240B_Text.o
                0x00008db8                Edip_Change_Font_Setting
 .text.Edip_Draw_String
                0x00008e0c       0xa4 ./ARM_src/Device/I2C/Edip_240B/EDIP_240B_Text.o
                0x00008e0c                Edip_Draw_String
 .text.Edip_Send_Font
                0x00008eb0       0x98 ./ARM_src/Device/I2C/Edip_240B/EDIP_240B_Text.o
                0x00008eb0                Edip_Send_Font
 .text.Edip_Set_Font
                0x00008f48       0xe4 ./ARM_src/Device/I2C/Edip_240B/EDIP_240B_Text.o
                0x00008f48                Edip_Set_Font
 .text.Edip_Touch_Init
                0x0000902c       0x1c ./ARM_src/Device/I2C/Edip_240B/EDIP_240B_Touch.o
                0x0000902c                Edip_Touch_Init
 .text.Edip_Radiogroup_Start
                0x00009048       0x2c ./ARM_src/Device/I2C/Edip_240B/EDIP_240B_Touch.o
                0x00009048                Edip_Radiogroup_Start
 .text.Edip_Radiogroup_End
                0x00009074        0xc ./ARM_src/Device/I2C/Edip_240B/EDIP_240B_Touch.o
                0x00009074                Edip_Radiogroup_End
 .text.Edip_Delete_Touch
                0x00009080       0x34 ./ARM_src/Device/I2C/Edip_240B/EDIP_240B_Touch.o
                0x00009080                Edip_Delete_Touch
 .text.Edip_Delete_Touch_all
                0x000090b4        0xc ./ARM_src/Device/I2C/Edip_240B/EDIP_240B_Touch.o
                0x000090b4                Edip_Delete_Touch_all
 .text.Button3x4_activate
                0x000090c0       0x28 ./ARM_src/Device/I2C/BUTTONS/Buttons_3x4.o
                0x000090c0                Button3x4_activate
 .text.Button3x4_disable_led
                0x000090e8       0x68 ./ARM_src/Device/I2C/BUTTONS/Buttons_3x4.o
                0x000090e8                Button3x4_disable_led
 .text.Button3x4_I2C_init
                0x00009150       0x40 ./ARM_src/Device/I2C/BUTTONS/Buttons_3x4.o
                0x00009150                Button3x4_I2C_init
 .text.keypad_button
                0x00009190       0x14 ./ARM_src/Device/I2C/BUTTONS/Buttons_3x4.o
                0x00009190                keypad_button
 .text.Button3x4_IO_com
                0x000091a4       0xc8 ./ARM_src/Device/I2C/BUTTONS/Buttons_3x4.o
                0x000091a4                Button3x4_IO_com
 .text.Button3x4_get_value
                0x0000926c       0xc0 ./ARM_src/Device/I2C/BUTTONS/Buttons_3x4.o
                0x0000926c                Button3x4_get_value
 .text.process_thread_Button_process
                0x0000932c       0x8c ./ARM_src/Device/I2C/BUTTONS/Buttons_3x4.o
 .text.Button3x4_IO_init
                0x000093b8       0x60 ./ARM_src/Device/I2C/BUTTONS/Buttons_3x4.o
                0x000093b8                Button3x4_IO_init
 .text.keypad_init
                0x00009418       0x4c ./ARM_src/Device/I2C/BUTTONS/Buttons_3x4.o
                0x00009418                keypad_init
 .text.I2C_8574_Init
                0x00009464       0x10 ./ARM_src/Device/I2C/8574/I2C_8574.o
                0x00009464                I2C_8574_Init
 .text.I2C_8574_WriteOutput
                0x00009474       0x3c ./ARM_src/Device/I2C/8574/I2C_8574.o
                0x00009474                I2C_8574_WriteOutput
 .text.SHA1Guts
                0x000094b0      0x970 ./ARM_src/Core/protocol/Secure/sha1/sha1.o
 .text.burnStack
                0x00009e20       0x20 ./ARM_src/Core/protocol/Secure/sha1/sha1.o
 .text.SHA1Init
                0x00009e40       0x38 ./ARM_src/Core/protocol/Secure/sha1/sha1.o
                0x00009e40                SHA1Init
 .text.SHA1Update
                0x00009e78       0x74 ./ARM_src/Core/protocol/Secure/sha1/sha1.o
                0x00009e78                SHA1Update
 .text.SHA1Final
                0x00009eec       0xb0 ./ARM_src/Core/protocol/Secure/sha1/sha1.o
                0x00009eec                SHA1Final
 .text.private_AES_set_encrypt_key
                0x00009f9c      0x2e0 ./ARM_src/Core/protocol/Secure/aes/aes_core.o
                0x00009f9c                private_AES_set_encrypt_key
 .text.private_AES_set_decrypt_key
                0x0000a27c      0x194 ./ARM_src/Core/protocol/Secure/aes/aes_core.o
                0x0000a27c                private_AES_set_decrypt_key
 .text.AES_encrypt
                0x0000a410      0x38c ./ARM_src/Core/protocol/Secure/aes/aes_core.o
                0x0000a410                AES_encrypt
 .text.AES_decrypt
                0x0000a79c      0x328 ./ARM_src/Core/protocol/Secure/aes/aes_core.o
                0x0000a79c                AES_decrypt
 .text.AES_ecb_encrypt
                0x0000aac4       0x14 ./ARM_src/Core/protocol/Secure/aes/aes_ecb.o
                0x0000aac4                AES_ecb_encrypt
 .text.AES_set_encrypt_key
                0x0000aad8        0x8 ./ARM_src/Core/protocol/Secure/aes/aes_misc.o
                0x0000aad8                AES_set_encrypt_key
 .text.AES_set_decrypt_key
                0x0000aae0        0x8 ./ARM_src/Core/protocol/Secure/aes/aes_misc.o
                0x0000aae0                AES_set_decrypt_key
 .text.timeout_handler
                0x0000aae8       0x18 ./ARM_src/Core/protocol/Net/ntp/ntpd.o
 .text.ntpdTimeSet
                0x0000ab00        0xc ./ARM_src/Core/protocol/Net/ntp/ntpd.o
                0x0000ab00                ntpdTimeSet
 .text.ntpd_init
                0x0000ab0c       0x1c ./ARM_src/Core/protocol/Net/ntp/ntpd.o
                0x0000ab0c                ntpd_init
 .text.getCurrTime
                0x0000ab28       0x2c ./ARM_src/Core/protocol/Net/ntp/ntpd.o
                0x0000ab28                getCurrTime
 .text.ntpdSetRTC
                0x0000ab54       0xb4 ./ARM_src/Core/protocol/Net/ntp/ntpd.o
                0x0000ab54                ntpdSetRTC
 .text.udphandler
                0x0000ac08       0x58 ./ARM_src/Core/protocol/Net/ntp/ntpd.o
                0x0000ac08                udphandler
 .text.process_thread_ntpd_process
                0x0000ac60      0x268 ./ARM_src/Core/protocol/Net/ntp/ntpd.o
 .text.send_packet
                0x0000aec8       0x1c ./ARM_src/Core/protocol/Net/emac/emac-driver.o
                0x0000aec8                send_packet
 .text.poll_eth_driver
                0x0000aee4       0x10 ./ARM_src/Core/protocol/Net/emac/emac-driver.o
                0x0000aee4                poll_eth_driver
 .text.pollhandler
                0x0000aef4       0x60 ./ARM_src/Core/protocol/Net/emac/emac-driver.o
 .text.process_thread_emac_lpc1768
                0x0000af54       0x70 ./ARM_src/Core/protocol/Net/emac/emac-driver.o
 .text.tapdev_init
                0x0000afc4      0x11c ./ARM_src/Core/protocol/Net/emac/emac.o
                0x0000afc4                tapdev_init
 .text.tapdev_read
                0x0000b0e0       0x3c ./ARM_src/Core/protocol/Net/emac/emac.o
                0x0000b0e0                tapdev_read
 .text.tapdev_send
                0x0000b11c       0x38 ./ARM_src/Core/protocol/Net/emac/emac.o
                0x0000b11c                tapdev_send
 .text.ENET_IRQHandler
                0x0000b154       0x10 ./ARM_src/Core/protocol/Net/emac/emac.o
                0x0000b154                ENET_IRQHandler
 .text.skip_name
                0x0000b164       0x24 ./ARM_src/Core/protocol/Net/dns/resolv.o
 .text.encode_name
                0x0000b188       0x38 ./ARM_src/Core/protocol/Net/dns/resolv.o
 .text.resolv_found
                0x0000b1c0       0x14 ./ARM_src/Core/protocol/Net/dns/resolv.o
 .text.newdata  0x0000b1d4      0x174 ./ARM_src/Core/protocol/Net/dns/resolv.o
 .text.check_entries
                0x0000b348       0xf8 ./ARM_src/Core/protocol/Net/dns/resolv.o
 .text.process_thread_resolv_process
                0x0000b440       0xec ./ARM_src/Core/protocol/Net/dns/resolv.o
 .text.strcasecmp
                0x0000b52c       0x40 ./ARM_src/Core/protocol/Net/dns/resolv.o
                0x0000b52c                strcasecmp
 .text.Resolv_progress
                0x0000b56c       0x44 ./ARM_src/Core/protocol/Net/dns/resolv.o
                0x0000b56c                Resolv_progress
 .text.resolv_query
                0x0000b5b0       0xe8 ./ARM_src/Core/protocol/Net/dns/resolv.o
                0x0000b5b0                resolv_query
 .text.resolv_lookup
                0x0000b698       0x8c ./ARM_src/Core/protocol/Net/dns/resolv.o
                0x0000b698                resolv_lookup
 .text.resolv_conf
                0x0000b724        0xc ./ARM_src/Core/protocol/Net/dns/resolv.o
                0x0000b724                resolv_conf
 .text.process_thread_dhcp_process
                0x0000b730       0x9c ./ARM_src/Core/protocol/Net/dhcp/dhcp.o
 .text.dhcpc_configured
                0x0000b7cc       0xb8 ./ARM_src/Core/protocol/Net/dhcp/dhcp.o
                0x0000b7cc                dhcpc_configured
 .text.dhcpc_unconfigured
                0x0000b884       0x1c ./ARM_src/Core/protocol/Net/dhcp/dhcp.o
                0x0000b884                dhcpc_unconfigured
 .text.add_msg_type
                0x0000b8a0       0x10 ./ARM_src/Core/protocol/Net/dhcp/dhcpc.o
 .text.add_req_options
                0x0000b8b0       0x18 ./ARM_src/Core/protocol/Net/dhcp/dhcpc.o
 .text.add_end  0x0000b8c8        0x8 ./ARM_src/Core/protocol/Net/dhcp/dhcpc.o
 .text.add_server_id
                0x0000b8d0       0x1c ./ARM_src/Core/protocol/Net/dhcp/dhcpc.o
 .text.add_req_ipaddr
                0x0000b8ec       0x1c ./ARM_src/Core/protocol/Net/dhcp/dhcpc.o
 .text.parse_options
                0x0000b908       0x98 ./ARM_src/Core/protocol/Net/dhcp/dhcpc.o
 .text.create_msg
                0x0000b9a0       0xa8 ./ARM_src/Core/protocol/Net/dhcp/dhcpc.o
 .text.send_discover
                0x0000ba48       0x30 ./ARM_src/Core/protocol/Net/dhcp/dhcpc.o
 .text.send_request
                0x0000ba78       0x34 ./ARM_src/Core/protocol/Net/dhcp/dhcpc.o
 .text.msg_for_me
                0x0000baac       0x78 ./ARM_src/Core/protocol/Net/dhcp/dhcpc.o
 .text.parse_msg
                0x0000bb24       0x64 ./ARM_src/Core/protocol/Net/dhcp/dhcpc.o
 .text.handle_dhcp
                0x0000bb88      0x2f8 ./ARM_src/Core/protocol/Net/dhcp/dhcpc.o
 .text.dhcpc_init
                0x0000be80       0x44 ./ARM_src/Core/protocol/Net/dhcp/dhcpc.o
                0x0000be80                dhcpc_init
 .text.dhcpc_appcall
                0x0000bec4       0x18 ./ARM_src/Core/protocol/Net/dhcp/dhcpc.o
                0x0000bec4                dhcpc_appcall
 .text.dhcpc_request
                0x0000bedc       0x38 ./ARM_src/Core/protocol/Net/dhcp/dhcpc.o
                0x0000bedc                dhcpc_request
 .text.SCP_Buffer_init
                0x0000bf14       0x10 ./ARM_src/Core/protocol/Net/SCP/SCP_Buffer.o
                0x0000bf14                SCP_Buffer_init
 .text.SCP_packet_in_buffer
                0x0000bf24       0x10 ./ARM_src/Core/protocol/Net/SCP/SCP_Buffer.o
                0x0000bf24                SCP_packet_in_buffer
 .text.SCP_packet_to_sd
                0x0000bf34       0xe4 ./ARM_src/Core/protocol/Net/SCP/SCP_Buffer.o
                0x0000bf34                SCP_packet_to_sd
 .text.SCP_get_sd_packet
                0x0000c018      0x164 ./ARM_src/Core/protocol/Net/SCP/SCP_Buffer.o
                0x0000c018                SCP_get_sd_packet
 .text.SCP_Buffer_get
                0x0000c17c       0x30 ./ARM_src/Core/protocol/Net/SCP/SCP_Buffer.o
                0x0000c17c                SCP_Buffer_get
 .text.SCP_remove_sd_packet
                0x0000c1ac       0xa4 ./ARM_src/Core/protocol/Net/SCP/SCP_Buffer.o
                0x0000c1ac                SCP_remove_sd_packet
 .text.SCP_Buffer_remove
                0x0000c250       0x20 ./ARM_src/Core/protocol/Net/SCP/SCP_Buffer.o
                0x0000c250                SCP_Buffer_remove
 .text.SCP_packet_timeout
                0x0000c270       0xcc ./ARM_src/Core/protocol/Net/SCP/SCP_Buffer.o
                0x0000c270                SCP_packet_timeout
 .text.SCP_Buffer_put
                0x0000c33c      0x11c ./ARM_src/Core/protocol/Net/SCP/SCP_Buffer.o
                0x0000c33c                SCP_Buffer_put
 .text.SCP_Buffer_put_incomming
                0x0000c458       0xcc ./ARM_src/Core/protocol/Net/SCP/SCP_Buffer.o
                0x0000c458                SCP_Buffer_put_incomming
 .text.SCP_timeout_handler
                0x0000c524       0x48 ./ARM_src/Core/protocol/Net/SCP/SCP_Buffer.o
                0x0000c524                SCP_timeout_handler
 .text.process_thread_SCP_check_process
                0x0000c56c      0x140 ./ARM_src/Core/protocol/Net/SCP/SCP_Comm.o
 .text.SCP_Get_device_info
                0x0000c6ac       0xa4 ./ARM_src/Core/protocol/Net/SCP/SCP_Comm.o
                0x0000c6ac                SCP_Get_device_info
 .text.SCP_Init
                0x0000c750       0xc0 ./ARM_src/Core/protocol/Net/SCP/SCP_Comm.o
                0x0000c750                SCP_Init
 .text.SCP_Encrypt
                0x0000c810       0xd8 ./ARM_src/Core/protocol/Net/SCP/SCP_Comm.o
                0x0000c810                SCP_Encrypt
 .text.SCP_packet_to_data
                0x0000c8e8       0xd0 ./ARM_src/Core/protocol/Net/SCP/SCP_Comm.o
                0x0000c8e8                SCP_packet_to_data
 .text.SCP_Decrypt
                0x0000c9b8       0x88 ./ARM_src/Core/protocol/Net/SCP/SCP_Comm.o
                0x0000c9b8                SCP_Decrypt
 .text.SCP_data_to_packet
                0x0000ca40      0x2c4 ./ARM_src/Core/protocol/Net/SCP/SCP_Comm.o
                0x0000ca40                SCP_data_to_packet
 .text.SCP_add_new_handler
                0x0000cd04       0x28 ./ARM_src/Core/protocol/Net/SCP/SCP_Comm.o
                0x0000cd04                SCP_add_new_handler
 .text.SCP_find_and_execute_handler
                0x0000cd2c       0x5c ./ARM_src/Core/protocol/Net/SCP/SCP_Comm.o
                0x0000cd2c                SCP_find_and_execute_handler
 .text.SCP_execute_incoming_msg
                0x0000cd88      0x128 ./ARM_src/Core/protocol/Net/SCP/SCP_Comm.o
                0x0000cd88                SCP_execute_incoming_msg
 .text.process_thread_SCP_devInfo_process
                0x0000ceb0      0x218 ./ARM_src/Core/protocol/Net/SCP/SCP_Comm.o
 .text.SCP_handle_connection
                0x0000d0c8      0x21c ./ARM_src/Core/protocol/Net/SCP/SCP_Comm.o
                0x0000d0c8                SCP_handle_connection
 .text.process_thread_SCP_process
                0x0000d2e4      0x2d4 ./ARM_src/Core/protocol/Net/SCP/SCP_Comm.o
 .text.process_thread_SCP_Device_process
                0x0000d5b8       0xec ./ARM_src/Core/protocol/Net/SCP/SCP_Device.o
 .text.SCP_Device_found
                0x0000d6a4       0x88 ./ARM_src/Core/protocol/Net/SCP/SCP_Device.o
                0x0000d6a4                SCP_Device_found
 .text.SCP_create_new_device
                0x0000d72c       0x64 ./ARM_src/Core/protocol/Net/SCP/SCP_Device.o
                0x0000d72c                SCP_create_new_device
 .text.SCP_Device_init
                0x0000d790      0x1d8 ./ARM_src/Core/protocol/Net/SCP/SCP_Device.o
                0x0000d790                SCP_Device_init
 .text.SCP_Device_delete
                0x0000d968       0x18 ./ARM_src/Core/protocol/Net/SCP/SCP_Device.o
                0x0000d968                SCP_Device_delete
 .text.SCP_Device_connection
                0x0000d980       0x3c ./ARM_src/Core/protocol/Net/SCP/SCP_Device.o
                0x0000d980                SCP_Device_connection
 .text.SCP_Device_Known
                0x0000d9bc       0x24 ./ARM_src/Core/protocol/Net/SCP/SCP_Device.o
                0x0000d9bc                SCP_Device_Known
 .text.SCP_Device_Find
                0x0000d9e0        0x4 ./ARM_src/Core/protocol/Net/SCP/SCP_Device.o
                0x0000d9e0                SCP_Device_Find
 .text.SCP_Loop_known_devices
                0x0000d9e4       0x24 ./ARM_src/Core/protocol/Net/SCP/SCP_Device.o
                0x0000d9e4                SCP_Loop_known_devices
 .text.SCP_Loop_active_devices
                0x0000da08       0x40 ./ARM_src/Core/protocol/Net/SCP/SCP_Device.o
                0x0000da08                SCP_Loop_active_devices
 .text.SCP_number_of_known_devices
                0x0000da48       0x24 ./ARM_src/Core/protocol/Net/SCP/SCP_Device.o
                0x0000da48                SCP_number_of_known_devices
 .text.SCP_Device_Sock_Begin
                0x0000da6c       0x30 ./ARM_src/Core/protocol/Net/SCP/SCP_Device.o
                0x0000da6c                SCP_Device_Sock_Begin
 .text.SCP_Device_Sock_End
                0x0000da9c       0x20 ./ARM_src/Core/protocol/Net/SCP/SCP_Device.o
                0x0000da9c                SCP_Device_Sock_End
 .text.SCP_Device_prev_online
                0x0000dabc       0x14 ./ARM_src/Core/protocol/Net/SCP/SCP_Device.o
                0x0000dabc                SCP_Device_prev_online
 .text.SCP_varname_array
                0x0000dad0       0x18 ./ARM_src/Core/protocol/Net/SCP/SCP_msg.o
                0x0000dad0                SCP_varname_array
 .text.SCP_array_number
                0x0000dae8       0x58 ./ARM_src/Core/protocol/Net/SCP/SCP_msg.o
                0x0000dae8                SCP_array_number
 .text.SCP_msg_ResetOk
                0x0000db40       0x38 ./ARM_src/Core/protocol/Net/SCP/SCP_msg.o
                0x0000db40                SCP_msg_ResetOk
 .text.SCP_msg_Error
                0x0000db78       0x38 ./ARM_src/Core/protocol/Net/SCP/SCP_msg.o
                0x0000db78                SCP_msg_Error
 .text.SCP_msg_Present
                0x0000dbb0       0x90 ./ARM_src/Core/protocol/Net/SCP/SCP_msg.o
                0x0000dbb0                SCP_msg_Present
 .text.SCP_msg_DevInfo
                0x0000dc40       0x64 ./ARM_src/Core/protocol/Net/SCP/SCP_msg.o
                0x0000dc40                SCP_msg_DevInfo
 .text.SCP_msg_DevInfoOk
                0x0000dca4       0x54 ./ARM_src/Core/protocol/Net/SCP/SCP_msg.o
                0x0000dca4                SCP_msg_DevInfoOk
 .text.SCP_msg_DevInfoOk__DevInfo
                0x0000dcf8       0x14 ./ARM_src/Core/protocol/Net/SCP/SCP_msg.o
                0x0000dcf8                SCP_msg_DevInfoOk__DevInfo
 .text.SCP_msg_Boot
                0x0000dd0c       0xc0 ./ARM_src/Core/protocol/Net/SCP/SCP_msg.o
                0x0000dd0c                SCP_msg_Boot
 .text.SCP_msg_Boot__DevInfo
                0x0000ddcc       0x14 ./ARM_src/Core/protocol/Net/SCP/SCP_msg.o
                0x0000ddcc                SCP_msg_Boot__DevInfo
 .text.SCP_msg_BootOk
                0x0000dde0       0x54 ./ARM_src/Core/protocol/Net/SCP/SCP_msg.o
                0x0000dde0                SCP_msg_BootOk
 .text.SCP_msg_Ok
                0x0000de34       0x38 ./ARM_src/Core/protocol/Net/SCP/SCP_msg.o
                0x0000de34                SCP_msg_Ok
 .text.SCP_msg_Alert
                0x0000de6c       0x40 ./ARM_src/Core/protocol/Net/SCP/SCP_msg.o
                0x0000de6c                SCP_msg_Alert
 .text.SCP_msg_var_int_send
                0x0000deac       0x48 ./ARM_src/Core/protocol/Net/SCP/SCP_msg.o
                0x0000deac                SCP_msg_var_int_send
 .text.SCP_msg_var_int__varname
                0x0000def4        0x4 ./ARM_src/Core/protocol/Net/SCP/SCP_msg.o
                0x0000def4                SCP_msg_var_int__varname
 .text.SCP_msg_var_int_send__value
                0x0000def8       0x24 ./ARM_src/Core/protocol/Net/SCP/SCP_msg.o
                0x0000def8                SCP_msg_var_int_send__value
 .text.SCP_msg_var_int_request
                0x0000df1c       0x5c ./ARM_src/Core/protocol/Net/SCP/SCP_msg.o
                0x0000df1c                SCP_msg_var_int_request
 .text.AMS_init
                0x0000df78       0x4c ./ARM_src/Core/protocol/Net/AMS/AMS.o
                0x0000df78                AMS_init
 .text.AMS_send_command
                0x0000dfc4       0x90 ./ARM_src/Core/protocol/Net/AMS/AMS.o
                0x0000dfc4                AMS_send_command
 .text.AMS_set_interval_timer
                0x0000e054       0xa4 ./ARM_src/Core/protocol/Net/AMS/AMS.o
                0x0000e054                AMS_set_interval_timer
 .text.AMS_Encrypt
                0x0000e0f8       0xd4 ./ARM_src/Core/protocol/Net/AMS/AMS.o
                0x0000e0f8                AMS_Encrypt
 .text.AMS_packet_to_data
                0x0000e1cc      0x140 ./ARM_src/Core/protocol/Net/AMS/AMS.o
                0x0000e1cc                AMS_packet_to_data
 .text.AMS_send_data
                0x0000e30c       0x48 ./ARM_src/Core/protocol/Net/AMS/AMS.o
                0x0000e30c                AMS_send_data
 .text.AMS_Decrypt
                0x0000e354       0x88 ./ARM_src/Core/protocol/Net/AMS/AMS.o
                0x0000e354                AMS_Decrypt
 .text.AMS_parse_header
                0x0000e3dc       0xc0 ./ARM_src/Core/protocol/Net/AMS/AMS.o
                0x0000e3dc                AMS_parse_header
 .text.AMS_remove_backup_bin
                0x0000e49c       0x1c ./ARM_src/Core/protocol/Net/AMS/AMS.o
                0x0000e49c                AMS_remove_backup_bin
 .text.process_thread_AMS_process
                0x0000e4b8      0x1f8 ./ARM_src/Core/protocol/Net/AMS/AMS.o
 .text.AMS_Calc_file_crc
                0x0000e6b0       0x94 ./ARM_src/Core/protocol/Net/AMS/AMS.o
                0x0000e6b0                AMS_Calc_file_crc
 .text.AMS_data_check
                0x0000e744      0x1dc ./ARM_src/Core/protocol/Net/AMS/AMS.o
                0x0000e744                AMS_data_check
 .text.AMS_data_openfile
                0x0000e920       0xac ./ARM_src/Core/protocol/Net/AMS/AMS.o
                0x0000e920                AMS_data_openfile
 .text.AMS_data_send
                0x0000e9cc      0x128 ./ARM_src/Core/protocol/Net/AMS/AMS.o
                0x0000e9cc                AMS_data_send
 .text.AMS_data_receive
                0x0000eaf4       0xc0 ./ARM_src/Core/protocol/Net/AMS/AMS.o
                0x0000eaf4                AMS_data_receive
 .text.process_thread_AMS_data_process
                0x0000ebb4      0x164 ./ARM_src/Core/protocol/Net/AMS/AMS.o
 .text.AMS_add_string
                0x0000ed18       0x24 ./ARM_src/Core/protocol/Net/AMS/AMS_command.o
                0x0000ed18                AMS_add_string
 .text.AMS_add_int
                0x0000ed3c       0x1c ./ARM_src/Core/protocol/Net/AMS/AMS_command.o
                0x0000ed3c                AMS_add_int
 .text.AMS_error_msg
                0x0000ed58       0x7c ./ARM_src/Core/protocol/Net/AMS/AMS_command.o
                0x0000ed58                AMS_error_msg
 .text.AMS_file_error_msg
                0x0000edd4       0x64 ./ARM_src/Core/protocol/Net/AMS/AMS_command.o
                0x0000edd4                AMS_file_error_msg
 .text.AMS_connect_msg
                0x0000ee38       0x50 ./ARM_src/Core/protocol/Net/AMS/AMS_command.o
                0x0000ee38                AMS_connect_msg
 .text.AMS_servicepin_msg
                0x0000ee88       0x54 ./ARM_src/Core/protocol/Net/AMS/AMS_command.o
                0x0000ee88                AMS_servicepin_msg
 .text.AMS_Firmware_info_msg
                0x0000eedc       0x9c ./ARM_src/Core/protocol/Net/AMS/AMS_command.o
                0x0000eedc                AMS_Firmware_info_msg
 .text.AMS_FileShare_data_done_msg
                0x0000ef78       0x64 ./ARM_src/Core/protocol/Net/AMS/AMS_command.o
                0x0000ef78                AMS_FileShare_data_done_msg
 .text.AMS_Ethernet_ip_info_msg
                0x0000efdc       0x68 ./ARM_src/Core/protocol/Net/AMS/AMS_command.o
                0x0000efdc                AMS_Ethernet_ip_info_msg
 .text.AMS_Ethernet_mac_info_msg
                0x0000f044       0x78 ./ARM_src/Core/protocol/Net/AMS/AMS_command.o
                0x0000f044                AMS_Ethernet_mac_info_msg
 .text.AMS_Ethernet_netmask_info_msg
                0x0000f0bc       0x68 ./ARM_src/Core/protocol/Net/AMS/AMS_command.o
                0x0000f0bc                AMS_Ethernet_netmask_info_msg
 .text.AMS_Ethernet_def_gateway_info_msg
                0x0000f124       0x68 ./ARM_src/Core/protocol/Net/AMS/AMS_command.o
                0x0000f124                AMS_Ethernet_def_gateway_info_msg
 .text.AMS_Ethernet_dns_info_msg
                0x0000f18c       0x68 ./ARM_src/Core/protocol/Net/AMS/AMS_command.o
                0x0000f18c                AMS_Ethernet_dns_info_msg
 .text.AMS_Ethernet_dhcp_info_msg
                0x0000f1f4       0x50 ./ARM_src/Core/protocol/Net/AMS/AMS_command.o
                0x0000f1f4                AMS_Ethernet_dhcp_info_msg
 .text.AMS_SCP_info_msg
                0x0000f244       0x6c ./ARM_src/Core/protocol/Net/AMS/AMS_command.o
                0x0000f244                AMS_SCP_info_msg
 .text.AMS_Time_info_msg
                0x0000f2b0       0x74 ./ARM_src/Core/protocol/Net/AMS/AMS_command.o
                0x0000f2b0                AMS_Time_info_msg
 .text.AMS_firmware_info
                0x0000f324       0x28 ./ARM_src/Core/protocol/Net/AMS/AMS_command.o
                0x0000f324                AMS_firmware_info
 .text.AMS_reset_dev
                0x0000f34c       0x38 ./ARM_src/Core/protocol/Net/AMS/AMS_command.o
                0x0000f34c                AMS_reset_dev
 .text.AMS_FileShare
                0x0000f384       0xc8 ./ARM_src/Core/protocol/Net/AMS/AMS_command.o
                0x0000f384                AMS_FileShare
 .text.AMS_ethernet_info
                0x0000f44c       0x60 ./ARM_src/Core/protocol/Net/AMS/AMS_command.o
                0x0000f44c                AMS_ethernet_info
 .text.AMS_SCP_info
                0x0000f4ac       0x28 ./ARM_src/Core/protocol/Net/AMS/AMS_command.o
                0x0000f4ac                AMS_SCP_info
 .text.AMS_Time_info
                0x0000f4d4       0x28 ./ARM_src/Core/protocol/Net/AMS/AMS_command.o
                0x0000f4d4                AMS_Time_info
 .text.AMS_execute_command
                0x0000f4fc       0x6c ./ARM_src/Core/protocol/Net/AMS/AMS_command.o
                0x0000f4fc                AMS_execute_command
 .text.buf_setup
                0x0000f568        0x8 ./ARM_src/Core/protocol/Net/psock.o
 .text.buf_bufdata
                0x0000f570       0x88 ./ARM_src/Core/protocol/Net/psock.o
 .text.psock_generator_send
                0x0000f5f8       0x8c ./ARM_src/Core/protocol/Net/psock.o
                0x0000f5f8                psock_generator_send
 .text.psock_datalen
                0x0000f684        0xc ./ARM_src/Core/protocol/Net/psock.o
                0x0000f684                psock_datalen
 .text.psock_newdata
                0x0000f690       0x30 ./ARM_src/Core/protocol/Net/psock.o
                0x0000f690                psock_newdata
 .text.psock_readbuf_len
                0x0000f6c0       0x84 ./ARM_src/Core/protocol/Net/psock.o
                0x0000f6c0                psock_readbuf_len
 .text.psock_init
                0x0000f744       0x20 ./ARM_src/Core/protocol/Net/psock.o
                0x0000f744                psock_init
 .text.start_periodic_tcp_timer
                0x0000f764       0x18 ./ARM_src/Core/protocol/Net/tcpip.o
 .text.check_for_tcp_syn
                0x0000f77c       0x20 ./ARM_src/Core/protocol/Net/tcpip.o
 .text.tcpip_output
                0x0000f79c       0x14 ./ARM_src/Core/protocol/Net/tcpip.o
                0x0000f79c                tcpip_output
 .text.packet_input
                0x0000f7b0       0x24 ./ARM_src/Core/protocol/Net/tcpip.o
 .text.eventhandler
                0x0000f7d4      0x138 ./ARM_src/Core/protocol/Net/tcpip.o
 .text.process_thread_tcpip_process
                0x0000f90c       0x8c ./ARM_src/Core/protocol/Net/tcpip.o
 .text.tcpip_set_outputfunc
                0x0000f998        0xc ./ARM_src/Core/protocol/Net/tcpip.o
                0x0000f998                tcpip_set_outputfunc
 .text.tcp_listen
                0x0000f9a4       0x3c ./ARM_src/Core/protocol/Net/tcpip.o
                0x0000f9a4                tcp_listen
 .text.tcp_attach
                0x0000f9e0       0x10 ./ARM_src/Core/protocol/Net/tcpip.o
                0x0000f9e0                tcp_attach
 .text.udp_new  0x0000f9f0       0x1c ./ARM_src/Core/protocol/Net/tcpip.o
                0x0000f9f0                udp_new
 .text.tcpip_poll_udp
                0x0000fa0c       0x14 ./ARM_src/Core/protocol/Net/tcpip.o
                0x0000fa0c                tcpip_poll_udp
 .text.tcpip_poll_tcp
                0x0000fa20       0x14 ./ARM_src/Core/protocol/Net/tcpip.o
                0x0000fa20                tcpip_poll_tcp
 .text.tcp_connect
                0x0000fa34       0x24 ./ARM_src/Core/protocol/Net/tcpip.o
                0x0000fa34                tcp_connect
 .text.tcpip_uipcall
                0x0000fa58       0x78 ./ARM_src/Core/protocol/Net/tcpip.o
                0x0000fa58                tcpip_uipcall
 .text.uip_udp_packet_send
                0x0000fad0       0x48 ./ARM_src/Core/protocol/Net/uip-udp-packet.o
                0x0000fad0                uip_udp_packet_send
 .text.uip_udp_packet_sendto
                0x0000fb18       0x2c ./ARM_src/Core/protocol/Net/uip-udp-packet.o
                0x0000fb18                uip_udp_packet_sendto
 .text.chksum   0x0000fb44       0x3c ./ARM_src/Core/protocol/Net/uip.o
 .text.uip_add32
                0x0000fb80       0x5c ./ARM_src/Core/protocol/Net/uip.o
                0x0000fb80                uip_add32
 .text.uip_add_rcv_nxt
                0x0000fbdc       0x2c ./ARM_src/Core/protocol/Net/uip.o
 .text.uip_init
                0x0000fc08       0x84 ./ARM_src/Core/protocol/Net/uip.o
                0x0000fc08                uip_init
 .text.uip_unlisten
                0x0000fc8c       0x38 ./ARM_src/Core/protocol/Net/uip.o
                0x0000fc8c                uip_unlisten
 .text.uip_listen
                0x0000fcc4       0x34 ./ARM_src/Core/protocol/Net/uip.o
                0x0000fcc4                uip_listen
 .text.uip_htons
                0x0000fcf8        0xc ./ARM_src/Core/protocol/Net/uip.o
                0x0000fcf8                uip_htons
 .text.uip_ipchksum
                0x0000fd04       0x20 ./ARM_src/Core/protocol/Net/uip.o
                0x0000fd04                uip_ipchksum
 .text.upper_layer_chksum
                0x0000fd24       0x3c ./ARM_src/Core/protocol/Net/uip.o
 .text.uip_tcpchksum
                0x0000fd60        0xc ./ARM_src/Core/protocol/Net/uip.o
                0x0000fd60                uip_tcpchksum
 .text.uip_udpchksum
                0x0000fd6c        0xc ./ARM_src/Core/protocol/Net/uip.o
                0x0000fd6c                uip_udpchksum
 .text.uip_process
                0x0000fd78      0xd2c ./ARM_src/Core/protocol/Net/uip.o
                0x0000fd78                uip_process
 .text.uip_connect
                0x00010aa4      0x100 ./ARM_src/Core/protocol/Net/uip.o
                0x00010aa4                uip_connect
 .text.uip_udp_new
                0x00010ba4       0xc8 ./ARM_src/Core/protocol/Net/uip.o
                0x00010ba4                uip_udp_new
 .text.uip_htonl
                0x00010c6c       0x18 ./ARM_src/Core/protocol/Net/uip.o
                0x00010c6c                uip_htonl
 .text.uip_send
                0x00010c84       0x34 ./ARM_src/Core/protocol/Net/uip.o
                0x00010c84                uip_send
 .text.uip_arp_update
                0x00010cb8      0x128 ./ARM_src/Core/protocol/Net/uip_arp.o
 .text.uip_arp_timer
                0x00010de0       0x64 ./ARM_src/Core/protocol/Net/uip_arp.o
                0x00010de0                uip_arp_timer
 .text.uip_arp_arpin
                0x00010e44       0xe8 ./ARM_src/Core/protocol/Net/uip_arp.o
                0x00010e44                uip_arp_arpin
 .text.uip_arp_out
                0x00010f2c      0x170 ./ARM_src/Core/protocol/Net/uip_arp.o
                0x00010f2c                uip_arp_out
 .text.uiplib_ip4addrconv
                0x0001109c       0x74 ./ARM_src/Core/protocol/Net/uiplib.o
                0x0001109c                uiplib_ip4addrconv
 .text.disk_status
                0x00011110       0x10 ./ARM_src/Core/protocol/FAT/diskio.o
                0x00011110                disk_status
 .text.disk_initialize
                0x00011120       0x10 ./ARM_src/Core/protocol/FAT/diskio.o
                0x00011120                disk_initialize
 .text.disk_read
                0x00011130       0x18 ./ARM_src/Core/protocol/FAT/diskio.o
                0x00011130                disk_read
 .text.disk_write
                0x00011148       0x18 ./ARM_src/Core/protocol/FAT/diskio.o
                0x00011148                disk_write
 .text.disk_ioctl
                0x00011160        0xc ./ARM_src/Core/protocol/FAT/diskio.o
                0x00011160                disk_ioctl
 .text.get_fattime
                0x0001116c       0x34 ./ARM_src/Core/protocol/FAT/fattime.o
                0x0001116c                get_fattime
 .text.ld_word  0x000111a0        0xc ./ARM_src/Core/protocol/FAT/ff.o
 .text.ld_dword
                0x000111ac       0x18 ./ARM_src/Core/protocol/FAT/ff.o
 .text.st_word  0x000111c4        0x8 ./ARM_src/Core/protocol/FAT/ff.o
 .text.st_dword
                0x000111cc       0x14 ./ARM_src/Core/protocol/FAT/ff.o
 .text.mem_cpy  0x000111e0       0x14 ./ARM_src/Core/protocol/FAT/ff.o
 .text.mem_set  0x000111f4        0xc ./ARM_src/Core/protocol/FAT/ff.o
 .text.mem_cmp  0x00011200       0x20 ./ARM_src/Core/protocol/FAT/ff.o
 .text.chk_chr  0x00011220       0x10 ./ARM_src/Core/protocol/FAT/ff.o
 .text.dbc_1st  0x00011230        0x4 ./ARM_src/Core/protocol/FAT/ff.o
 .text.dbc_2nd  0x00011234        0x4 ./ARM_src/Core/protocol/FAT/ff.o
 .text.clst2sect
                0x00011238       0x18 ./ARM_src/Core/protocol/FAT/ff.o
 .text.ld_clust
                0x00011250       0x24 ./ARM_src/Core/protocol/FAT/ff.o
 .text.st_clust
                0x00011274       0x24 ./ARM_src/Core/protocol/FAT/ff.o
 .text.pick_lfn
                0x00011298       0x90 ./ARM_src/Core/protocol/FAT/ff.o
 .text.put_lfn  0x00011328       0x74 ./ARM_src/Core/protocol/FAT/ff.o
 .text.gen_numname
                0x0001139c       0xb4 ./ARM_src/Core/protocol/FAT/ff.o
 .text.sum_sfn  0x00011450       0x1c ./ARM_src/Core/protocol/FAT/ff.o
 .text.get_ldnumber
                0x0001146c       0xb0 ./ARM_src/Core/protocol/FAT/ff.o
 .text.putc_init
                0x0001151c       0x14 ./ARM_src/Core/protocol/FAT/ff.o
 .text.validate
                0x00011530       0x48 ./ARM_src/Core/protocol/FAT/ff.o
 .text.sync_window
                0x00011578       0x50 ./ARM_src/Core/protocol/FAT/ff.o
 .text.move_window
                0x000115c8       0x34 ./ARM_src/Core/protocol/FAT/ff.o
 .text.check_fs
                0x000115fc       0x70 ./ARM_src/Core/protocol/FAT/ff.o
 .text.find_volume
                0x0001166c      0x2ec ./ARM_src/Core/protocol/FAT/ff.o
 .text.put_fat  0x00011958      0x10c ./ARM_src/Core/protocol/FAT/ff.o
 .text.get_fat  0x00011a64       0xd0 ./ARM_src/Core/protocol/FAT/ff.o
 .text.dir_sdi  0x00011b34       0xb0 ./ARM_src/Core/protocol/FAT/ff.o
 .text.create_chain
                0x00011be4      0x114 ./ARM_src/Core/protocol/FAT/ff.o
 .text.remove_chain
                0x00011cf8       0x94 ./ARM_src/Core/protocol/FAT/ff.o
 .text.dir_clear
                0x00011d8c       0xbc ./ARM_src/Core/protocol/FAT/ff.o
 .text.dir_next
                0x00011e48       0xd8 ./ARM_src/Core/protocol/FAT/ff.o
 .text.dir_alloc
                0x00011f20       0x54 ./ARM_src/Core/protocol/FAT/ff.o
 .text.dir_read
                0x00011f74       0xcc ./ARM_src/Core/protocol/FAT/ff.o
 .text.dir_remove
                0x00012040       0x5c ./ARM_src/Core/protocol/FAT/ff.o
 .text.tchar2uni
                0x0001209c       0x48 ./ARM_src/Core/protocol/FAT/ff.o
 .text.create_name
                0x000120e4      0x260 ./ARM_src/Core/protocol/FAT/ff.o
 .text.cmp_lfn  0x00012344       0xb0 ./ARM_src/Core/protocol/FAT/ff.o
 .text.dir_find
                0x000123f4       0xf0 ./ARM_src/Core/protocol/FAT/ff.o
 .text.follow_path
                0x000124e4       0x8c ./ARM_src/Core/protocol/FAT/ff.o
 .text.dir_register
                0x00012570      0x138 ./ARM_src/Core/protocol/FAT/ff.o
 .text.sync_fs  0x000126a8       0x8c ./ARM_src/Core/protocol/FAT/ff.o
 .text.f_mount  0x00012734       0x50 ./ARM_src/Core/protocol/FAT/ff.o
                0x00012734                f_mount
 .text.f_open   0x00012784      0x1f0 ./ARM_src/Core/protocol/FAT/ff.o
                0x00012784                f_open
 .text.f_read   0x00012974      0x178 ./ARM_src/Core/protocol/FAT/ff.o
                0x00012974                f_read
 .text.f_write  0x00012aec      0x1b0 ./ARM_src/Core/protocol/FAT/ff.o
                0x00012aec                f_write
 .text.putc_bfd
                0x00012c9c       0x40 ./ARM_src/Core/protocol/FAT/ff.o
 .text.putc_flush
                0x00012cdc       0x3c ./ARM_src/Core/protocol/FAT/ff.o
 .text.f_sync   0x00012d18       0xa0 ./ARM_src/Core/protocol/FAT/ff.o
                0x00012d18                f_sync
 .text.f_close  0x00012db8       0x24 ./ARM_src/Core/protocol/FAT/ff.o
                0x00012db8                f_close
 .text.f_lseek  0x00012ddc      0x164 ./ARM_src/Core/protocol/FAT/ff.o
                0x00012ddc                f_lseek
 .text.f_truncate
                0x00012f40       0xac ./ARM_src/Core/protocol/FAT/ff.o
                0x00012f40                f_truncate
 .text.f_unlink
                0x00012fec       0xcc ./ARM_src/Core/protocol/FAT/ff.o
                0x00012fec                f_unlink
 .text.f_rename
                0x000130b8      0x13c ./ARM_src/Core/protocol/FAT/ff.o
                0x000130b8                f_rename
 .text.f_gets   0x000131f4       0x50 ./ARM_src/Core/protocol/FAT/ff.o
                0x000131f4                f_gets
 .text.f_puts   0x00013244       0x28 ./ARM_src/Core/protocol/FAT/ff.o
                0x00013244                f_puts
 .text.f_printf
                0x0001326c      0x260 ./ARM_src/Core/protocol/FAT/ff.o
                0x0001326c                f_printf
 .text.ff_memalloc
                0x000134cc        0x8 ./ARM_src/Core/protocol/FAT/ffsystem.o
                0x000134cc                ff_memalloc
 .text.ff_memfree
                0x000134d4        0x8 ./ARM_src/Core/protocol/FAT/ffsystem.o
                0x000134d4                ff_memfree
 .text.ff_uni2oem
                0x000134dc       0x40 ./ARM_src/Core/protocol/FAT/ffunicode.o
                0x000134dc                ff_uni2oem
 .text.ff_oem2uni
                0x0001351c       0x2c ./ARM_src/Core/protocol/FAT/ffunicode.o
                0x0001351c                ff_oem2uni
 .text.ff_wtoupper
                0x00013548       0xa0 ./ARM_src/Core/protocol/FAT/ffunicode.o
                0x00013548                ff_wtoupper
 .text.socket_power_on
                0x000135e8        0xc ./ARM_src/Core/protocol/FAT/sdcard.o
 .text.socket_power_off
                0x000135f4        0xc ./ARM_src/Core/protocol/FAT/sdcard.o
 .text.wait_ready
                0x00013600       0x48 ./ARM_src/Core/protocol/FAT/sdcard.o
 .text.rcvr_datablock
                0x00013648       0xc4 ./ARM_src/Core/protocol/FAT/sdcard.o
 .text.xmit_datablock
                0x0001370c       0xcc ./ARM_src/Core/protocol/FAT/sdcard.o
 .text.spi_init
                0x000137d8       0xac ./ARM_src/Core/protocol/FAT/sdcard.o
 .text.release_spi
                0x00013884       0x24 ./ARM_src/Core/protocol/FAT/sdcard.o
 .text.send_cmd
                0x000138a8       0xf8 ./ARM_src/Core/protocol/FAT/sdcard.o
 .text.spi_set_speed
                0x000139a0       0x24 ./ARM_src/Core/protocol/FAT/sdcard.o
 .text.power_on
                0x000139c4       0x1c ./ARM_src/Core/protocol/FAT/sdcard.o
 .text.spi_close
                0x000139e0       0x64 ./ARM_src/Core/protocol/FAT/sdcard.o
                0x000139e0                spi_close
 .text.power_off
                0x00013a44       0x34 ./ARM_src/Core/protocol/FAT/sdcard.o
 .text.MMC_disk_initialize
                0x00013a78      0x188 ./ARM_src/Core/protocol/FAT/sdcard.o
                0x00013a78                MMC_disk_initialize
 .text.MMC_disk_status
                0x00013c00        0xc ./ARM_src/Core/protocol/FAT/sdcard.o
                0x00013c00                MMC_disk_status
 .text.MMC_disk_read
                0x00013c0c       0x98 ./ARM_src/Core/protocol/FAT/sdcard.o
                0x00013c0c                MMC_disk_read
 .text.MMC_disk_write
                0x00013ca4       0xb4 ./ARM_src/Core/protocol/FAT/sdcard.o
                0x00013ca4                MMC_disk_write
 .text.MMC_disk_timerproc
                0x00013d58       0x4c ./ARM_src/Core/protocol/FAT/sdcard.o
                0x00013d58                MMC_disk_timerproc
 .text.straight_16
                0x00013da4        0x4 ./ARM_src/Core/protocol/Checksum/crc16/crc16_CCITT.o
                0x00013da4                straight_16
 .text.straight_8
                0x00013da8        0x4 ./ARM_src/Core/protocol/Checksum/crc16/crc16_CCITT.o
                0x00013da8                straight_8
 .text.crc16    0x00013dac       0x58 ./ARM_src/Core/protocol/Checksum/crc16/crc16_CCITT.o
                0x00013dac                crc16
 .text.crc16ccitt_xmodem_remainder
                0x00013e04       0x24 ./ARM_src/Core/protocol/Checksum/crc16/crc16_CCITT.o
                0x00013e04                crc16ccitt_xmodem_remainder
 .text.explode  0x00013e28       0x98 ./ARM_src/Core/Util/array.o
                0x00013e28                explode
 .text.get_build_date
                0x00013ec0       0x98 ./ARM_src/Core/Util/build_defs.o
                0x00013ec0                get_build_date
 .text.get_build_date_number
                0x00013f58       0x28 ./ARM_src/Core/Util/build_defs.o
                0x00013f58                get_build_date_number
 .text.get_build_time_number
                0x00013f80       0x1c ./ARM_src/Core/Util/build_defs.o
                0x00013f80                get_build_time_number
 .text.process_thread_ctimer_process
                0x00013f9c       0xa0 ./ARM_src/Core/Timer/ctimer.o
 .text.ctimer_init
                0x0001403c       0x24 ./ARM_src/Core/Timer/ctimer.o
                0x0001403c                ctimer_init
 .text.update_time
                0x00014060       0x48 ./ARM_src/Core/Timer/etimer.o
 .text.etimer_request_poll
                0x000140a8       0x10 ./ARM_src/Core/Timer/etimer.o
                0x000140a8                etimer_request_poll
 .text.process_thread_etimer_process
                0x000140b8       0xcc ./ARM_src/Core/Timer/etimer.o
 .text.add_timer
                0x00014184       0x40 ./ARM_src/Core/Timer/etimer.o
 .text.etimer_set
                0x000141c4       0x10 ./ARM_src/Core/Timer/etimer.o
                0x000141c4                etimer_set
 .text.etimer_restart
                0x000141d4       0x10 ./ARM_src/Core/Timer/etimer.o
                0x000141d4                etimer_restart
 .text.etimer_expired
                0x000141e4        0xc ./ARM_src/Core/Timer/etimer.o
                0x000141e4                etimer_expired
 .text.etimer_pending
                0x000141f0       0x10 ./ARM_src/Core/Timer/etimer.o
                0x000141f0                etimer_pending
 .text.etimer_next_expiration_time
                0x00014200       0x18 ./ARM_src/Core/Timer/etimer.o
                0x00014200                etimer_next_expiration_time
 .text.timer_set
                0x00014218       0x10 ./ARM_src/Core/Timer/timer.o
                0x00014218                timer_set
 .text.timer_restart
                0x00014228        0xc ./ARM_src/Core/Timer/timer.o
                0x00014228                timer_restart
 .text.timer_expired
                0x00014234       0x1c ./ARM_src/Core/Timer/timer.o
                0x00014234                timer_expired
 .text.process_alloc_event
                0x00014250       0x10 ./ARM_src/Core/Process/process.o
                0x00014250                process_alloc_event
 .text.process_init
                0x00014260       0x30 ./ARM_src/Core/Process/process.o
                0x00014260                process_init
 .text.process_post
                0x00014290       0x7c ./ARM_src/Core/Process/process.o
                0x00014290                process_post
 .text.process_poll
                0x0001430c       0x1c ./ARM_src/Core/Process/process.o
                0x0001430c                process_poll
 .text.process_is_running
                0x00014328        0xc ./ARM_src/Core/Process/process.o
                0x00014328                process_is_running
 .text.exit_process
                0x00014334       0x90 ./ARM_src/Core/Process/process.o
 .text.call_process
                0x000143c4       0x40 ./ARM_src/Core/Process/process.o
                0x000143c4                call_process
 .text.do_poll  0x00014404       0x38 ./ARM_src/Core/Process/process.o
 .text.do_event
                0x0001443c       0xa4 ./ARM_src/Core/Process/process.o
 .text.do_call  0x000144e0       0x3c ./ARM_src/Core/Process/process.o
 .text.process_run
                0x0001451c       0x2c ./ARM_src/Core/Process/process.o
                0x0001451c                process_run
 .text.process_post_synch
                0x00014548       0x14 ./ARM_src/Core/Process/process.o
                0x00014548                process_post_synch
 .text.process_start
                0x0001455c       0x34 ./ARM_src/Core/Process/process.o
                0x0001455c                process_start
 .text.process_exit
                0x00014590       0x10 ./ARM_src/Core/Process/process.o
                0x00014590                process_exit
 .text.process_add_poll_event
                0x000145a0       0x14 ./ARM_src/Core/Process/process.o
                0x000145a0                process_add_poll_event
 .text.I2C_Dev_Init
                0x000145b4       0x64 ./ARM_src/Core/Peripherals/I2C_Dev_Init.o
                0x000145b4                I2C_Dev_Init
 .text.ini_getipaddr
                0x00014618       0x28 ./ARM_src/Core/Peripherals/Net_Dev_Init.o
                0x00014618                ini_getipaddr
 .text.ini_resolv_ipaddr
                0x00014640       0x5c ./ARM_src/Core/Peripherals/Net_Dev_Init.o
                0x00014640                ini_resolv_ipaddr
 .text.get_resolv_ipaddr
                0x0001469c       0x4c ./ARM_src/Core/Peripherals/Net_Dev_Init.o
                0x0001469c                get_resolv_ipaddr
 .text.ini_getmacaddr
                0x000146e8       0x58 ./ARM_src/Core/Peripherals/Net_Dev_Init.o
                0x000146e8                ini_getmacaddr
 .text.Config_ini_load
                0x00014740      0x1d8 ./ARM_src/Core/Peripherals/Net_Dev_Init.o
                0x00014740                Config_ini_load
 .text.Net_Dev_init
                0x00014918      0x118 ./ARM_src/Core/Peripherals/Net_Dev_Init.o
                0x00014918                Net_Dev_init
 .text.UART_Handler
                0x00014a30       0x38 ./ARM_src/Core/Peripherals/UART_Dev_Init.o
                0x00014a30                UART_Handler
 .text.UART1_IRQHandler
                0x00014a68       0x10 ./ARM_src/Core/Peripherals/UART_Dev_Init.o
                0x00014a68                UART1_IRQHandler
 .text.UART2_IRQHandler
                0x00014a78       0x10 ./ARM_src/Core/Peripherals/UART_Dev_Init.o
                0x00014a78                UART2_IRQHandler
 .text.UART3_IRQHandler
                0x00014a88       0x10 ./ARM_src/Core/Peripherals/UART_Dev_Init.o
                0x00014a88                UART3_IRQHandler
 .text.read_serial_number
                0x00014a98       0x1c ./ARM_src/Core/Memory/IAP.o
                0x00014a98                read_serial_number
 .text.cmem_init
                0x00014ab4       0x48 ./ARM_src/Core/Memory/cmem.o
                0x00014ab4                cmem_init
 .text.cmem_split_block
                0x00014afc       0x7c ./ARM_src/Core/Memory/cmem.o
                0x00014afc                cmem_split_block
 .text.cmem_merge_block
                0x00014b78       0x34 ./ARM_src/Core/Memory/cmem.o
                0x00014b78                cmem_merge_block
 .text.cmem_malloc
                0x00014bac       0x94 ./ARM_src/Core/Memory/cmem.o
                0x00014bac                cmem_malloc
 .text.cmem_free
                0x00014c40       0xbc ./ARM_src/Core/Memory/cmem.o
                0x00014c40                cmem_free
 .text.cmem_print
                0x00014cfc       0x50 ./ARM_src/Core/Memory/cmem.o
                0x00014cfc                cmem_print
 .text.list_init
                0x00014d4c        0x8 ./ARM_src/Core/Memory/list.o
                0x00014d4c                list_init
 .text.list_head
                0x00014d54        0x4 ./ARM_src/Core/Memory/list.o
                0x00014d54                list_head
 .text.list_tail
                0x00014d58       0x14 ./ARM_src/Core/Memory/list.o
                0x00014d58                list_tail
 .text.list_remove
                0x00014d6c       0x28 ./ARM_src/Core/Memory/list.o
                0x00014d6c                list_remove
 .text.list_add
                0x00014d94       0x20 ./ARM_src/Core/Memory/list.o
                0x00014d94                list_add
 .text.list_push
                0x00014db4       0x14 ./ARM_src/Core/Memory/list.o
                0x00014db4                list_push
 .text.list_item_next
                0x00014dc8        0xc ./ARM_src/Core/Memory/list.o
                0x00014dc8                list_item_next
 .text.list_item_in_list
                0x00014dd4       0x1c ./ARM_src/Core/Memory/list.o
                0x00014dd4                list_item_in_list
 .text.ringbuf_init
                0x00014df0       0x10 ./ARM_src/Core/Memory/ringbuf.o
                0x00014df0                ringbuf_init
 .text.ringbuf_put
                0x00014e00       0x2c ./ARM_src/Core/Memory/ringbuf.o
                0x00014e00                ringbuf_put
 .text.ringbuf_get
                0x00014e2c       0x20 ./ARM_src/Core/Memory/ringbuf.o
                0x00014e2c                ringbuf_get
 .text.skipleading
                0x00014e4c       0x10 ./ARM_src/Core/Extensions/ini/minIni.o
 .text.skiptrailing
                0x00014e5c       0x14 ./ARM_src/Core/Extensions/ini/minIni.o
 .text.save_strncpy